Component: ARM Compiler 5.06 update 4 (build 422) Tool: armlink [4d35d2]

==============================================================================

Section Cross References

    startup_stm32f10x_md.o(RESET) refers to startup_stm32f10x_md.o(STACK) for __initial_sp
    startup_stm32f10x_md.o(RESET) refers to startup_stm32f10x_md.o(.text) for Reset_Handler
    startup_stm32f10x_md.o(RESET) refers to stm32f1xx_it.o(i.NMI_Handler) for NMI_Handler
    startup_stm32f10x_md.o(RESET) refers to stm32f1xx_it.o(i.HardFault_Handler) for HardFault_Handler
    startup_stm32f10x_md.o(RESET) refers to stm32f1xx_it.o(i.MemManage_Handler) for MemManage_Handler
    startup_stm32f10x_md.o(RESET) refers to stm32f1xx_it.o(i.BusFault_Handler) for BusFault_Handler
    startup_stm32f10x_md.o(RESET) refers to stm32f1xx_it.o(i.UsageFault_Handler) for UsageFault_Handler
    startup_stm32f10x_md.o(RESET) refers to stm32f1xx_it.o(i.SVC_Handler) for SVC_Handler
    startup_stm32f10x_md.o(RESET) refers to stm32f1xx_it.o(i.DebugMon_Handler) for DebugMon_Handler
    startup_stm32f10x_md.o(RESET) refers to stm32f1xx_it.o(i.PendSV_Handler) for PendSV_Handler
    startup_stm32f10x_md.o(RESET) refers to stm32f1xx_it.o(i.SysTick_Handler) for SysTick_Handler
    startup_stm32f10x_md.o(RESET) refers to stm32f1xx_it.o(i.EXTI15_10_IRQHandler) for EXTI15_10_IRQHandler
    startup_stm32f10x_md.o(.text) refers to system_stm32f10x.o(i.SystemInit) for SystemInit
    startup_stm32f10x_md.o(.text) refers to entry.o(.ARM.Collect$$$$00000000) for __main
    stm32f10x_adc.o(i.ADC_DeInit) refers to stm32f10x_rcc.o(i.RCC_APB2PeriphResetCmd) for RCC_APB2PeriphResetCmd
    stm32f10x_bkp.o(i.BKP_DeInit) refers to stm32f10x_rcc.o(i.RCC_BackupResetCmd) for RCC_BackupResetCmd
    stm32f10x_can.o(i.CAN_DeInit) refers to stm32f10x_rcc.o(i.RCC_APB1PeriphResetCmd) for RCC_APB1PeriphResetCmd
    stm32f10x_can.o(i.CAN_GetITStatus) refers to stm32f10x_can.o(i.CheckITStatus) for CheckITStatus
    stm32f10x_cec.o(i.CEC_DeInit) refers to stm32f10x_rcc.o(i.RCC_APB1PeriphResetCmd) for RCC_APB1PeriphResetCmd
    stm32f10x_dac.o(i.DAC_DeInit) refers to stm32f10x_rcc.o(i.RCC_APB1PeriphResetCmd) for RCC_APB1PeriphResetCmd
    stm32f10x_flash.o(i.FLASH_EnableWriteProtection) refers to stm32f10x_flash.o(i.FLASH_WaitForLastOperation) for FLASH_WaitForLastOperation
    stm32f10x_flash.o(i.FLASH_EraseAllBank1Pages) refers to stm32f10x_flash.o(i.FLASH_WaitForLastBank1Operation) for FLASH_WaitForLastBank1Operation
    stm32f10x_flash.o(i.FLASH_EraseAllPages) refers to stm32f10x_flash.o(i.FLASH_WaitForLastOperation) for FLASH_WaitForLastOperation
    stm32f10x_flash.o(i.FLASH_EraseOptionBytes) refers to stm32f10x_flash.o(i.FLASH_GetReadOutProtectionStatus) for FLASH_GetReadOutProtectionStatus
    stm32f10x_flash.o(i.FLASH_EraseOptionBytes) refers to stm32f10x_flash.o(i.FLASH_WaitForLastOperation) for FLASH_WaitForLastOperation
    stm32f10x_flash.o(i.FLASH_ErasePage) refers to stm32f10x_flash.o(i.FLASH_WaitForLastOperation) for FLASH_WaitForLastOperation
    stm32f10x_flash.o(i.FLASH_ProgramHalfWord) refers to stm32f10x_flash.o(i.FLASH_WaitForLastOperation) for FLASH_WaitForLastOperation
    stm32f10x_flash.o(i.FLASH_ProgramOptionByteData) refers to stm32f10x_flash.o(i.FLASH_WaitForLastOperation) for FLASH_WaitForLastOperation
    stm32f10x_flash.o(i.FLASH_ProgramWord) refers to stm32f10x_flash.o(i.FLASH_WaitForLastOperation) for FLASH_WaitForLastOperation
    stm32f10x_flash.o(i.FLASH_ReadOutProtection) refers to stm32f10x_flash.o(i.FLASH_WaitForLastOperation) for FLASH_WaitForLastOperation
    stm32f10x_flash.o(i.FLASH_UserOptionByteConfig) refers to stm32f10x_flash.o(i.FLASH_WaitForLastOperation) for FLASH_WaitForLastOperation
    stm32f10x_flash.o(i.FLASH_WaitForLastBank1Operation) refers to stm32f10x_flash.o(i.FLASH_GetBank1Status) for FLASH_GetBank1Status
    stm32f10x_flash.o(i.FLASH_WaitForLastOperation) refers to stm32f10x_flash.o(i.FLASH_GetBank1Status) for FLASH_GetBank1Status
    stm32f10x_gpio.o(i.GPIO_AFIODeInit) refers to stm32f10x_rcc.o(i.RCC_APB2PeriphResetCmd) for RCC_APB2PeriphResetCmd
    stm32f10x_gpio.o(i.GPIO_DeInit) refers to stm32f10x_rcc.o(i.RCC_APB2PeriphResetCmd) for RCC_APB2PeriphResetCmd
    stm32f10x_i2c.o(i.I2C_DeInit) refers to stm32f10x_rcc.o(i.RCC_APB1PeriphResetCmd) for RCC_APB1PeriphResetCmd
    stm32f10x_i2c.o(i.I2C_Init) refers to stm32f10x_rcc.o(i.RCC_GetClocksFreq) for RCC_GetClocksFreq
    stm32f10x_pwr.o(i.PWR_DeInit) refers to stm32f10x_rcc.o(i.RCC_APB1PeriphResetCmd) for RCC_APB1PeriphResetCmd
    stm32f10x_rcc.o(i.RCC_GetClocksFreq) refers to stm32f10x_rcc.o(.data) for .data
    stm32f10x_rcc.o(i.RCC_WaitForHSEStartUp) refers to stm32f10x_rcc.o(i.RCC_GetFlagStatus) for RCC_GetFlagStatus
    stm32f10x_rtc.o(i.RTC_SetAlarm) refers to stm32f10x_rtc.o(i.RTC_EnterConfigMode) for RTC_EnterConfigMode
    stm32f10x_rtc.o(i.RTC_SetAlarm) refers to stm32f10x_rtc.o(i.RTC_ExitConfigMode) for RTC_ExitConfigMode
[...]
    Removing stm32f10x_rtc.o(i.RTC_WaitForSynchro), (24 bytes).
    Removing stm32f10x_sdio.o(.rev16_text), (4 bytes).
    Removing stm32f10x_sdio.o(.revsh_text), (4 bytes).
    Removing stm32f10x_sdio.o(i.SDIO_CEATAITCmd), (16 bytes).
    Removing stm32f10x_sdio.o(i.SDIO_ClearFlag), (12 bytes).
    Removing stm32f10x_sdio.o(i.SDIO_ClearITPendingBit), (12 bytes).
    Removing stm32f10x_sdio.o(i.SDIO_ClockCmd), (12 bytes).
    Removing stm32f10x_sdio.o(i.SDIO_CmdStructInit), (14 bytes).
    Removing stm32f10x_sdio.o(i.SDIO_CommandCompletionCmd), (12 bytes).
    Removing stm32f10x_sdio.o(i.SDIO_DMACmd), (12 bytes).
    Removing stm32f10x_sdio.o(i.SDIO_DataConfig), (44 bytes).
    Removing stm32f10x_sdio.o(i.SDIO_DataStructInit), (20 bytes).
    Removing stm32f10x_sdio.o(i.SDIO_DeInit), (36 bytes).
    Removing stm32f10x_sdio.o(i.SDIO_GetCommandResponse), (12 bytes).
    Removing stm32f10x_sdio.o(i.SDIO_GetDataCounter), (12 bytes).
    Removing stm32f10x_sdio.o(i.SDIO_GetFIFOCount), (12 bytes).
    Removing stm32f10x_sdio.o(i.SDIO_GetFlagStatus), (20 bytes).
    Removing stm32f10x_sdio.o(i.SDIO_GetITStatus), (20 bytes).
    Removing stm32f10x_sdio.o(i.SDIO_GetPowerState), (16 bytes).
    Removing stm32f10x_sdio.o(i.SDIO_GetResponse), (16 bytes).
    Removing stm32f10x_sdio.o(i.SDIO_ITConfig), (24 bytes).
    Removing stm32f10x_sdio.o(i.SDIO_Init), (44 bytes).
    Removing stm32f10x_sdio.o(i.SDIO_ReadData), (12 bytes).
    Removing stm32f10x_sdio.o(i.SDIO_SendCEATACmd), (12 bytes).
    Removing stm32f10x_sdio.o(i.SDIO_SendCommand), (40 bytes).
    Removing stm32f10x_sdio.o(i.SDIO_SendSDIOSuspendCmd), (12 bytes).
    Removing stm32f10x_sdio.o(i.SDIO_SetPowerState), (12 bytes).
    Removing stm32f10x_sdio.o(i.SDIO_SetSDIOOperation), (12 bytes).
    Removing stm32f10x_sdio.o(i.SDIO_SetSDIOReadWaitMode), (12 bytes).
    Removing stm32f10x_sdio.o(i.SDIO_StartSDIOReadWait), (12 bytes).
    Removing stm32f10x_sdio.o(i.SDIO_StopSDIOReadWait), (12 bytes).
    Removing stm32f10x_sdio.o(i.SDIO_StructInit), (16 bytes).
    Removing stm32f10x_sdio.o(i.SDIO_WriteData), (12 bytes).
    Removing stm32f10x_spi.o(.rev16_text), (4 bytes).
    Removing stm32f10x_spi.o(.revsh_text), (4 bytes).
    Removing stm32f10x_spi.o(i.I2S_Cmd), (20 bytes).
    Removing stm32f10x_spi.o(i.I2S_Init), (152 bytes).
    Removing stm32f10x_spi.o(i.I2S_StructInit), (18 bytes).
    Removing stm32f10x_spi.o(i.SPI_BiDirectionalLineConfig), (22 bytes).
    Removing stm32f10x_spi.o(i.SPI_CalculateCRC), (20 bytes).
    Removing stm32f10x_spi.o(i.SPI_DataSizeConfig), (16 bytes).
    Removing stm32f10x_spi.o(i.SPI_GetCRC), (12 bytes).
    Removing stm32f10x_spi.o(i.SPI_GetCRCPolynomial), (4 bytes).
    Removing stm32f10x_spi.o(i.SPI_I2S_ClearFlag), (6 bytes).
    Removing stm32f10x_spi.o(i.SPI_I2S_ClearITPendingBit), (14 bytes).
    Removing stm32f10x_spi.o(i.SPI_I2S_DMACmd), (16 bytes).
    Removing stm32f10x_spi.o(i.SPI_I2S_DeInit), (84 bytes).
    Removing stm32f10x_spi.o(i.SPI_I2S_GetITStatus), (42 bytes).
    Removing stm32f10x_spi.o(i.SPI_I2S_ITConfig), (24 bytes).
    Removing stm32f10x_spi.o(i.SPI_NSSInternalSoftwareConfig), (24 bytes).
    Removing stm32f10x_spi.o(i.SPI_SSOutputCmd), (20 bytes).
    Removing stm32f10x_spi.o(i.SPI_StructInit), (24 bytes).
    Removing stm32f10x_spi.o(i.SPI_TransmitCRC), (10 bytes).
    Removing stm32f10x_tim.o(.rev16_text), (4 bytes).
    Removing stm32f10x_tim.o(.revsh_text), (4 bytes).
    Removing stm32f10x_tim.o(i.TI1_Config), (108 bytes).
    Removing stm32f10x_tim.o(i.TI2_Config), (124 bytes).
    Removing stm32f10x_tim.o(i.TIM_ARRPreloadConfig), (20 bytes).
    Removing stm32f10x_tim.o(i.TIM_BDTRConfig), (34 bytes).
    Removing stm32f10x_tim.o(i.TIM_BDTRStructInit), (18 bytes).
    Removing stm32f10x_tim.o(i.TIM_CCPreloadControl), (20 bytes).
    Removing stm32f10x_tim.o(i.TIM_CCxCmd), (22 bytes).
    Removing stm32f10x_tim.o(i.TIM_CCxNCmd), (22 bytes).
    Removing stm32f10x_tim.o(i.TIM_ClearFlag), (6 bytes).
    Removing stm32f10x_tim.o(i.TIM_ClearITPendingBit), (6 bytes).
    Removing stm32f10x_tim.o(i.TIM_ClearOC1Ref), (12 bytes).
    Removing stm32f10x_tim.o(i.TIM_ClearOC2Ref), (20 bytes).
    Removing stm32f10x_tim.o(i.TIM_ClearOC3Ref), (12 bytes).
    Removing stm32f10x_tim.o(i.TIM_ClearOC4Ref), (20 bytes).
    Removing stm32f10x_tim.o(i.TIM_Cmd), (20 bytes).
    Removing stm32f10x_tim.o(i.TIM_CounterModeConfig), (12 bytes).
    Removing stm32f10x_tim.o(i.TIM_CtrlPWMOutputs), (22 bytes).
    Removing stm32f10x_tim.o(i.TIM_DMACmd), (16 bytes).
    Removing stm32f10x_tim.o(i.TIM_DMAConfig), (8 bytes).
    Removing stm32f10x_tim.o(i.TIM_DeInit), (368 bytes).
    Removing stm32f10x_tim.o(i.TIM_ETRClockMode1Config), (18 bytes).
    Removing stm32f10x_tim.o(i.TIM_ETRClockMode2Config), (18 bytes).
    Removing stm32f10x_tim.o(i.TIM_ETRConfig), (24 bytes).
    Removing stm32f10x_tim.o(i.TIM_EncoderInterfaceConfig), (50 bytes).
    Removing stm32f10x_tim.o(i.TIM_ForcedOC1Config), (12 bytes).
    Removing stm32f10x_tim.o(i.TIM_ForcedOC2Config), (20 bytes).
    Removing stm32f10x_tim.o(i.TIM_ForcedOC3Config), (12 bytes).
    Removing stm32f10x_tim.o(i.TIM_ForcedOC4Config), (20 bytes).
    Removing stm32f10x_tim.o(i.TIM_GenerateEvent), (4 bytes).
    Removing stm32f10x_tim.o(i.TIM_GetCapture1), (4 bytes).
    Removing stm32f10x_tim.o(i.TIM_GetCapture2), (4 bytes).
    Removing stm32f10x_tim.o(i.TIM_GetCapture3), (4 bytes).
    Removing stm32f10x_tim.o(i.TIM_GetCapture4), (6 bytes).
    Removing stm32f10x_tim.o(i.TIM_GetCounter), (4 bytes).
    Removing stm32f10x_tim.o(i.TIM_GetFlagStatus), (14 bytes).
    Removing stm32f10x_tim.o(i.TIM_GetITStatus), (24 bytes).
    Removing stm32f10x_tim.o(i.TIM_GetPrescaler), (4 bytes).
    Removing stm32f10x_tim.o(i.TIM_ICInit), (300 bytes).
    Removing stm32f10x_tim.o(i.TIM_ICStructInit), (16 bytes).
    Removing stm32f10x_tim.o(i.TIM_ITConfig), (16 bytes).
    Removing stm32f10x_tim.o(i.TIM_ITRxExternalClockConfig), (18 bytes).
    Removing stm32f10x_tim.o(i.TIM_InternalClockConfig), (10 bytes).
    Removing stm32f10x_tim.o(i.TIM_OC1FastConfig), (12 bytes).
    Removing stm32f10x_tim.o(i.TIM_OC1Init), (128 bytes).
    Removing stm32f10x_tim.o(i.TIM_OC1NPolarityConfig), (12 bytes).
    Removing stm32f10x_tim.o(i.TIM_OC1PolarityConfig), (12 bytes).
    Removing stm32f10x_tim.o(i.TIM_OC1PreloadConfig), (12 bytes).
    Removing stm32f10x_tim.o(i.TIM_OC2FastConfig), (20 bytes).
    Removing stm32f10x_tim.o(i.TIM_OC2Init), (128 bytes).
    Removing stm32f10x_tim.o(i.TIM_OC2NPolarityConfig), (20 bytes).
    Removing stm32f10x_tim.o(i.TIM_OC2PolarityConfig), (20 bytes).
    Removing stm32f10x_tim.o(i.TIM_OC2PreloadConfig), (20 bytes).
    Removing stm32f10x_tim.o(i.TIM_OC3FastConfig), (12 bytes).
    Removing stm32f10x_tim.o(i.TIM_OC3Init), (124 bytes).
    Removing stm32f10x_tim.o(i.TIM_OC3NPolarityConfig), (20 bytes).
    Removing stm32f10x_tim.o(i.TIM_OC3PolarityConfig), (20 bytes).
    Removing stm32f10x_tim.o(i.TIM_OC3PreloadConfig), (12 bytes).
    Removing stm32f10x_tim.o(i.TIM_OC4FastConfig), (20 bytes).
    Removing stm32f10x_tim.o(i.TIM_OC4Init), (100 bytes).
    Removing stm32f10x_tim.o(i.TIM_OC4PolarityConfig), (20 bytes).
    Removing stm32f10x_tim.o(i.TIM_OC4PreloadConfig), (20 bytes).
    Removing stm32f10x_tim.o(i.TIM_OCStructInit), (20 bytes).
    Removing stm32f10x_tim.o(i.TIM_PWMIConfig), (108 bytes).
    Removing stm32f10x_tim.o(i.TIM_PrescalerConfig), (6 bytes).
    Removing stm32f10x_tim.o(i.TIM_SelectCCDMA), (20 bytes).
    Removing stm32f10x_tim.o(i.TIM_SelectCOM), (20 bytes).
    Removing stm32f10x_tim.o(i.TIM_SelectHallSensor), (20 bytes).
    Removing stm32f10x_tim.o(i.TIM_SelectInputTrigger), (12 bytes).
    Removing stm32f10x_tim.o(i.TIM_SelectMasterSlaveMode), (16 bytes).
    Removing stm32f10x_tim.o(i.TIM_SelectOCxM), (70 bytes).
    Removing stm32f10x_tim.o(i.TIM_SelectOnePulseMode), (16 bytes).
    Removing stm32f10x_tim.o(i.TIM_SelectOutputTrigger), (16 bytes).
    Removing stm32f10x_tim.o(i.TIM_SelectSlaveMode), (16 bytes).
    Removing stm32f10x_tim.o(i.TIM_SetAutoreload), (4 bytes).
    Removing stm32f10x_tim.o(i.TIM_SetClockDivision), (16 bytes).
    Removing stm32f10x_tim.o(i.TIM_SetCompare1), (4 bytes).
    Removing stm32f10x_tim.o(i.TIM_SetCompare2), (4 bytes).
    Removing stm32f10x_tim.o(i.TIM_SetCompare3), (4 bytes).
    Removing stm32f10x_tim.o(i.TIM_SetCompare4), (6 bytes).
    Removing stm32f10x_tim.o(i.TIM_SetCounter), (4 bytes).
    Removing stm32f10x_tim.o(i.TIM_SetIC1Prescaler), (16 bytes).
    Removing stm32f10x_tim.o(i.TIM_SetIC2Prescaler), (24 bytes).
    Removing stm32f10x_tim.o(i.TIM_SetIC3Prescaler), (16 bytes).
    Removing stm32f10x_tim.o(i.TIM_SetIC4Prescaler), (24 bytes).
    Removing stm32f10x_tim.o(i.TIM_TIxExternalClockConfig), (46 bytes).
    Removing stm32f10x_tim.o(i.TIM_TimeBaseInit), (156 bytes).
    Removing stm32f10x_tim.o(i.TIM_TimeBaseStructInit), (18 bytes).
    Removing stm32f10x_tim.o(i.TIM_UpdateDisableConfig), (20 bytes).
    Removing stm32f10x_tim.o(i.TIM_UpdateRequestConfig), (20 bytes).
    Removing stm32f10x_usart.o(.rev16_text), (4 bytes).
    Removing stm32f10x_usart.o(.revsh_text), (4 bytes).
    Removing stm32f10x_usart.o(i.USART_ClearFlag), (6 bytes).
    Removing stm32f10x_usart.o(i.USART_ClearITPendingBit), (12 bytes).
    Removing stm32f10x_usart.o(i.USART_ClockInit), (30 bytes).
    Removing stm32f10x_usart.o(i.USART_ClockStructInit), (12 bytes).
    Removing stm32f10x_usart.o(i.USART_Cmd), (20 bytes).
    Removing stm32f10x_usart.o(i.USART_DMACmd), (16 bytes).
    Removing stm32f10x_usart.o(i.USART_DeInit), (116 bytes).
    Removing stm32f10x_usart.o(i.USART_GetFlagStatus), (14 bytes).
    Removing stm32f10x_usart.o(i.USART_GetITStatus), (62 bytes).
    Removing stm32f10x_usart.o(i.USART_HalfDuplexCmd), (20 bytes).
    Removing stm32f10x_usart.o(i.USART_ITConfig), (48 bytes).
    Removing stm32f10x_usart.o(i.USART_Init), (172 bytes).
    Removing stm32f10x_usart.o(i.USART_IrDACmd), (20 bytes).
    Removing stm32f10x_usart.o(i.USART_IrDAConfig), (16 bytes).
    Removing stm32f10x_usart.o(i.USART_LINBreakDetectLengthConfig), (16 bytes).
    Removing stm32f10x_usart.o(i.USART_LINCmd), (20 bytes).
    Removing stm32f10x_usart.o(i.USART_OneBitMethodCmd), (20 bytes).
    Removing stm32f10x_usart.o(i.USART_OverSampling8Cmd), (20 bytes).
    Removing stm32f10x_usart.o(i.USART_ReceiveData), (8 bytes).
    Removing stm32f10x_usart.o(i.USART_ReceiverWakeUpCmd), (20 bytes).
    Removing stm32f10x_usart.o(i.USART_SendBreak), (10 bytes).
    Removing stm32f10x_usart.o(i.USART_SendData), (8 bytes).
    Removing stm32f10x_usart.o(i.USART_SetAddress), (16 bytes).
    Removing stm32f10x_usart.o(i.USART_SetGuardTime), (16 bytes).
    Removing stm32f10x_usart.o(i.USART_SetPrescaler), (16 bytes).
    Removing stm32f10x_usart.o(i.USART_SmartCardCmd), (20 bytes).
    Removing stm32f10x_usart.o(i.USART_SmartCardNACKCmd), (20 bytes).
    Removing stm32f10x_usart.o(i.USART_StructInit), (22 bytes).
    Removing stm32f10x_usart.o(i.USART_WakeUpConfig), (16 bytes).
    Removing stm32f10x_wwdg.o(.rev16_text), (4 bytes).
    Removing stm32f10x_wwdg.o(.revsh_text), (4 bytes).
    Removing stm32f10x_wwdg.o(i.WWDG_ClearFlag), (12 bytes).
    Removing stm32f10x_wwdg.o(i.WWDG_DeInit), (24 bytes).
    Removing stm32f10x_wwdg.o(i.WWDG_Enable), (16 bytes).
    Removing stm32f10x_wwdg.o(i.WWDG_EnableIT), (16 bytes).
    Removing stm32f10x_wwdg.o(i.WWDG_GetFlagStatus), (12 bytes).
    Removing stm32f10x_wwdg.o(i.WWDG_SetCounter), (16 bytes).
    Removing stm32f10x_wwdg.o(i.WWDG_SetPrescaler), (20 bytes).
    Removing stm32f10x_wwdg.o(i.WWDG_SetWindowValue), (28 bytes).
    Removing stm32_adafruit_spi_lcd.o(.rev16_text), (4 bytes).
    Removing stm32_adafruit_spi_lcd.o(.revsh_text), (4 bytes).
    Removing stm32_adafruit_spi_lcd.o(i.LCD_DrawCircle), (292 bytes).
    Removing stm32_adafruit_spi_lcd.o(i.LCD_DrawFullCircle), (160 bytes).
    Removing stm32_adafruit_spi_lcd.o(i.LCD_DrawRect), (96 bytes).
    Removing stm32_adafruit_spi_lcd.o(i.LCD_SetFont), (12 bytes).
    Removing stm32_adafruit_spi_usd.o(.rev16_text), (4 bytes).
    Removing stm32_adafruit_spi_usd.o(.revsh_text), (4 bytes).
    Removing stm32_adafruit_spi_usd.o(i.SD_ReadMultiBlocks), (136 bytes).
    Removing stm32_adafruit_spi_usd.o(i.SD_WriteByte), (4 bytes).
    Removing stm32_adafruit_spi_usd.o(i.SD_WriteMultiBlocks), (144 bytes).
    Removing stm32f1xx_nucleo.o(.rev16_text), (4 bytes).
    Removing stm32f1xx_nucleo.o(.revsh_text), (4 bytes).
    Removing stm32f1xx_nucleo.o(i.STM_EVAL_LEDOff), (24 bytes).
    Removing stm32f1xx_nucleo.o(i.STM_EVAL_LEDOn), (24 bytes).
    Removing stm32f1xx_nucleo.o(i.STM_EVAL_PBGetState), (24 bytes).
    Removing fonts.o(.constdata), (4560 bytes).
    Removing fonts.o(.constdata), (2304 bytes).
    Removing fonts.o(.constdata), (2304 bytes).
    Removing fonts.o(.data), (8 bytes).
    Removing fonts.o(.data), (8 bytes).
    Removing fonts.o(.data), (8 bytes).
    Removing ff.o(i.dir_remove), (40 bytes).
    Removing ff.o(i.f_chmod), (76 bytes).
    Removing ff.o(i.f_closedir), (18 bytes).
    Removing ff.o(i.f_getfree), (192 bytes).
    Removing ff.o(i.f_gets), (72 bytes).
    Removing ff.o(i.f_lseek), (534 bytes).
    Removing ff.o(i.f_mkdir), (344 bytes).
    Removing ff.o(i.f_printf), (490 bytes).
    Removing ff.o(i.f_putc), (60 bytes).
    Removing ff.o(i.f_puts), (70 bytes).
    Removing ff.o(i.f_rename), (250 bytes).
    Removing ff.o(i.f_stat), (60 bytes).
    Removing ff.o(i.f_truncate), (176 bytes).
    Removing ff.o(i.f_unlink), (162 bytes).
    Removing ff.o(i.f_utime), (80 bytes).
    Removing ff.o(i.f_write), (398 bytes).
    Removing ff.o(i.putc_bfd), (70 bytes).
    Removing fatfs_drv.o(.rev16_text), (4 bytes).
    Removing fatfs_drv.o(.revsh_text), (4 bytes).
    Removing fatfs_storage.o(.rev16_text), (4 bytes).
    Removing fatfs_storage.o(.revsh_text), (4 bytes).
    Removing fatfs_storage.o(i.Buffercmp), (30 bytes).
    Removing fatfs_storage.o(i.Storage_CopyFile), (100 bytes).
    Removing main.o(.rev16_text), (4 bytes).
    Removing main.o(.revsh_text), (4 bytes).
    Removing stm32f1xx_it.o(.rev16_text), (4 bytes).
    Removing stm32f1xx_it.o(.revsh_text), (4 bytes).
    Removing system_stm32f10x.o(.rev16_text), (4 bytes).
    Removing system_stm32f10x.o(.revsh_text), (4 bytes).
    Removing system_stm32f10x.o(i.SystemCoreClockUpdate), (100 bytes).
    Removing system_stm32f10x.o(.data), (20 bytes).
    Removing dadd.o(.text), (334 bytes).
    Removing dmul.o(.text), (228 bytes).
    Removing ddiv.o(.text), (222 bytes).
    Removing dfixul.o(.text), (48 bytes).
    Removing cdrcmple.o(.text), (48 bytes).
    Removing depilogue.o(.text), (186 bytes).

551 unused section(s) (total 28672 bytes) removed from the image.

==============================================================================

Image Symbol Table

    Local Symbols

    Symbol Name                              Value     Ov Type        Size  Object(Section)

    ../clib/microlib/division.c              0x00000000   Number         0  uldiv.o ABSOLUTE
    ../clib/microlib/division.c              0x00000000   Number         0  uidiv.o ABSOLUTE
    ../clib/microlib/init/entry.s            0x00000000   Number         0  entry8a.o ABSOLUTE
    ../clib/microlib/init/entry.s            0x00000000   Number         0  entry10a.o ABSOLUTE
    ../clib/microlib/init/entry.s            0x00000000   Number         0  entry10b.o ABSOLUTE
    ../clib/microlib/init/entry.s            0x00000000   Number         0  entry.o ABSOLUTE
    ../clib/microlib/init/entry.s            0x00000000   Number         0  entry9b.o ABSOLUTE
    ../clib/microlib/init/entry.s            0x00000000   Number         0  entry8b.o ABSOLUTE
    ../clib/microlib/init/entry.s            0x00000000   Number         0  entry5.o ABSOLUTE
    ../clib/microlib/init/entry.s            0x00000000   Number         0  entry9a.o ABSOLUTE
    ../clib/microlib/init/entry.s            0x00000000   Number         0  entry11a.o ABSOLUTE
    ../clib/microlib/init/entry.s            0x00000000   Number         0  entry2.o ABSOLUTE
    ../clib/microlib/init/entry.s            0x00000000   Number         0  entry11b.o ABSOLUTE
    ../clib/microlib/init/entry.s            0x00000000   Number         0  entry7b.o ABSOLUTE
    ../clib/microlib/init/entry.s            0x00000000   Number         0  entry7a.o ABSOLUTE
    ../clib/microlib/longlong.c              0x00000000   Number         0  llushr.o ABSOLUTE
    ../clib/microlib/longlong.c              0x00000000   Number         0  llshl.o ABSOLUTE
    ../clib/microlib/longlong.c              0x00000000   Number         0  llsshr.o ABSOLUTE
    ../clib/microlib/malloc/malloc.c         0x00000000   Number         0  mallocra.o ABSOLUTE
    ../clib/microlib/malloc/malloc.c         0x00000000   Number         0  malloca.o ABSOLUTE
    ../clib/microlib/malloc/malloc.c         0x00000000   Number         0  mallocr.o ABSOLUTE
    ../clib/microlib/malloc/malloc.c         0x00000000   Number         0  malloc.o ABSOLUTE
    ../clib/microlib/malloc/mvars.c          0x00000000   Number         0  mvars.o ABSOLUTE
    ../clib/microlib/printf/printf.c         0x00000000   Number         0  printfb.o ABSOLUTE
    ../clib/microlib/printf/printf.c         0x00000000   Number         0  printf0.o ABSOLUTE
    ../clib/microlib/printf/printf.c         0x00000000   Number         0  printf2.o ABSOLUTE
    ../clib/microlib/printf/printf.c         0x00000000   Number         0  printf1.o ABSOLUTE
    ../clib/microlib/printf/printf.c         0x00000000   Number         0  printf6.o ABSOLUTE
    ../clib/microlib/printf/printf.c         0x00000000   Number         0  printf5.o ABSOLUTE
    ../clib/microlib/printf/printf.c         0x00000000   Number         0  printf4.o ABSOLUTE
    ../clib/microlib/printf/printf.c         0x00000000   Number         0  printf3.o ABSOLUTE
    ../clib/microlib/printf/printf.c         0x00000000   Number         0  printfa.o ABSOLUTE
    ../clib/microlib/printf/printf.c         0x00000000   Number         0  printf8.o ABSOLUTE
    ../clib/microlib/printf/printf.c         0x00000000   Number         0  printf7.o ABSOLUTE
    ../clib/microlib/printf/stubs.s          0x00000000   Number         0  stubs.o ABSOLUTE
    ../clib/microlib/stdio/fputc.c           0x00000000   Number         0  fputc.o ABSOLUTE
    ../clib/microlib/stdio/semi.s            0x00000000   Number         0  semi.o ABSOLUTE
    ../clib/microlib/stdio/streams.c         0x00000000   Number         0  stdout.o ABSOLUTE
    ../clib/microlib/string/memcpy.c         0x00000000   Number         0  memcpya.o ABSOLUTE
    ../clib/microlib/string/memcpy.c         0x00000000   Number         0  memcpyb.o ABSOLUTE
    ../clib/microlib/string/strlen.c         0x00000000   Number         0  strlen.o ABSOLUTE
    ../clib/microlib/stubs.s                 0x00000000   Number         0  iusefp.o ABSOLUTE
    ../clib/microlib/stubs.s                 0x00000000   Number         0  iusesemip.o ABSOLUTE
    ../fplib/microlib/fpadd.c                0x00000000   Number         0  dadd.o ABSOLUTE
    ../fplib/microlib/fpdiv.c                0x00000000   Number         0  ddiv.o ABSOLUTE
    ../fplib/microlib/fpepilogue.c           0x00000000   Number         0  depilogue.o ABSOLUTE
    ../fplib/microlib/fpfix.c                0x00000000   Number         0  dfixul.o ABSOLUTE
    ../fplib/microlib/fpmul.c                0x00000000   Number         0  dmul.o ABSOLUTE
    ..\..\..\..\Libraries\CMSIS\Device\ST\STM32F10x\Source\Templates\arm\startup_stm32f10x_md.s 0x00000000   Number         0  startup_stm32f10x_md.o ABSOLUTE
    ..\..\..\..\Libraries\STM32F10x_StdPeriph_Driver\src\misc.c 0x00000000   Number         0  misc.o ABSOLUTE
    ..\..\..\..\Libraries\STM32F10x_StdPeriph_Driver\src\stm32f10x_adc.c 0x00000000   Number         0  stm32f10x_adc.o ABSOLUTE
    ..\..\..\..\Libraries\STM32F10x_StdPeriph_Driver\src\stm32f10x_bkp.c 0x00000000   Number         0  stm32f10x_bkp.o ABSOLUTE
    ..\..\..\..\Libraries\STM32F10x_StdPeriph_Driver\src\stm32f10x_can.c 0x00000000   Number         0  stm32f10x_can.o ABSOLUTE
    ..\..\..\..\Libraries\STM32F10x_StdPeriph_Driver\src\stm32f10x_cec.c 0x00000000   Number         0  stm32f10x_cec.o ABSOLUTE
    ..\..\..\..\Libraries\STM32F10x_StdPeriph_Driver\src\stm32f10x_crc.c 0x00000000   Number         0  stm32f10x_crc.o ABSOLUTE
    ..\..\..\..\Libraries\STM32F10x_StdPeriph_Driver\src\stm32f10x_dac.c 0x00000000   Number         0  stm32f10x_dac.o ABSOLUTE
    ..\..\..\..\Libraries\STM32F10x_StdPeriph_Driver\src\stm32f10x_dbgmcu.c 0x00000000   Number         0  stm32f10x_dbgmcu.o ABSOLUTE
    ..\..\..\..\Libraries\STM32F10x_StdPeriph_Driver\src\stm32f10x_dma.c 0x00000000   Number         0  stm32f10x_dma.o ABSOLUTE
    ..\..\..\..\Libraries\STM32F10x_StdPeriph_Driver\src\stm32f10x_exti.c 0x00000000   Number         0  stm32f10x_exti.o ABSOLUTE
    ..\..\..\..\Libraries\STM32F10x_StdPeriph_Driver\src\stm32f10x_flash.c 0x00000000   Number         0  stm32f10x_flash.o ABSOLUTE
    ..\..\..\..\Libraries\STM32F10x_StdPeriph_Driver\src\stm32f10x_fsmc.c 0x00000000   Number         0  stm32f10x_fsmc.o ABSOLUTE
    ..\..\..\..\Libraries\STM32F10x_StdPeriph_Driver\src\stm32f10x_gpio.c 0x00000000   Number         0  stm32f10x_gpio.o ABSOLUTE
    ..\..\..\..\Libraries\STM32F10x_StdPeriph_Driver\src\stm32f10x_i2c.c 0x00000000   Number         0  stm32f10x_i2c.o ABSOLUTE
    ..\..\..\..\Libraries\STM32F10x_StdPeriph_Driver\src\stm32f10x_iwdg.c 0x00000000   Number         0  stm32f10x_iwdg.o ABSOLUTE
    ..\..\..\..\Libraries\STM32F10x_StdPeriph_Driver\src\stm32f10x_pwr.c 0x00000000   Number         0  stm32f10x_pwr.o ABSOLUTE
    ..\..\..\..\Libraries\STM32F10x_StdPeriph_Driver\src\stm32f10x_rcc.c 0x00000000   Number         0  stm32f10x_rcc.o ABSOLUTE
    ..\..\..\..\Libraries\STM32F10x_StdPeriph_Driver\src\stm32f10x_rtc.c 0x00000000   Number         0  stm32f10x_rtc.o ABSOLUTE
    ..\..\..\..\Libraries\STM32F10x_StdPeriph_Driver\src\stm32f10x_sdio.c 0x00000000   Number         0  stm32f10x_sdio.o ABSOLUTE
    ..\..\..\..\Libraries\STM32F10x_StdPeriph_Driver\src\stm32f10x_spi.c 0x00000000   Number         0  stm32f10x_spi.o ABSOLUTE
    ..\..\..\..\Libraries\STM32F10x_StdPeriph_Driver\src\stm32f10x_tim.c 0x00000000   Number         0  stm32f10x_tim.o ABSOLUTE
    ..\..\..\..\Libraries\STM32F10x_StdPeriph_Driver\src\stm32f10x_usart.c 0x00000000   Number         0  stm32f10x_usart.o ABSOLUTE
    ..\..\..\..\Libraries\STM32F10x_StdPeriph_Driver\src\stm32f10x_wwdg.c 0x00000000   Number         0  stm32f10x_wwdg.o ABSOLUTE
    ..\..\..\..\Utilities\Common\fonts.c     0x00000000   Number         0  fonts.o ABSOLUTE
    ..\..\..\..\Utilities\STM32_Nucleo\adafruit\stm32_adafruit_spi_lcd.c 0x00000000   Number         0  stm32_adafruit_spi_lcd.o ABSOLUTE
    ..\..\..\..\Utilities\STM32_Nucleo\adafruit\stm32_adafruit_spi_usd.c 0x00000000   Number         0  stm32_adafruit_spi_usd.o ABSOLUTE
    ..\..\..\..\Utilities\STM32_Nucleo\stm32f1xx\stm32f1xx_nucleo.c 0x00000000   Number         0  stm32f1xx_nucleo.o ABSOLUTE
    ..\..\..\..\Utilities\Third_Party\FatFs\src\ff.c 0x00000000   Number         0  ff.o ABSOLUTE
    ..\\..\\..\\..\\Libraries\\STM32F10x_StdPeriph_Driver\\src\\misc.c 0x00000000   Number         0  misc.o ABSOLUTE
    ..\\..\\..\\..\\Libraries\\STM32F10x_StdPeriph_Driver\\src\\stm32f10x_adc.c 0x00000000   Number         0  stm32f10x_adc.o ABSOLUTE
    ..\\..\\..\\..\\Libraries\\STM32F10x_StdPeriph_Driver\\src\\stm32f10x_bkp.c 0x00000000   Number         0  stm32f10x_bkp.o ABSOLUTE
    ..\\..\\..\\..\\Libraries\\STM32F10x_StdPeriph_Driver\\src\\stm32f10x_can.c 0x00000000   Number         0  stm32f10x_can.o ABSOLUTE
    ..\\..\\..\\..\\Libraries\\STM32F10x_StdPeriph_Driver\\src\\stm32f10x_cec.c 0x00000000   Number         0  stm32f10x_cec.o ABSOLUTE
    ..\\..\\..\\..\\Libraries\\STM32F10x_StdPeriph_Driver\\src\\stm32f10x_crc.c 0x00000000   Number         0  stm32f10x_crc.o ABSOLUTE
    ..\\..\\..\\..\\Libraries\\STM32F10x_StdPeriph_Driver\\src\\stm32f10x_dac.c 0x00000000   Number         0  stm32f10x_dac.o ABSOLUTE
    ..\\..\\..\\..\\Libraries\\STM32F10x_StdPeriph_Driver\\src\\stm32f10x_dbgmcu.c 0x00000000   Number         0  stm32f10x_dbgmcu.o ABSOLUTE
    ..\\..\\..\\..\\Libraries\\STM32F10x_StdPeriph_Driver\\src\\stm32f10x_dma.c 0x00000000   Number         0  stm32f10x_dma.o ABSOLUTE
    ..\\..\\..\\..\\Libraries\\STM32F10x_StdPeriph_Driver\\src\\stm32f10x_exti.c 0x00000000   Number         0  stm32f10x_exti.o ABSOLUTE
    ..\\..\\..\\..\\Libraries\\STM32F10x_StdPeriph_Driver\\src\\stm32f10x_flash.c 0x00000000   Number         0  stm32f10x_flash.o ABSOLUTE
    ..\\..\\..\\..\\Libraries\\STM32F10x_StdPeriph_Driver\\src\\stm32f10x_fsmc.c 0x00000000   Number         0  stm32f10x_fsmc.o ABSOLUTE
    ..\\..\\..\\..\\Libraries\\STM32F10x_StdPeriph_Driver\\src\\stm32f10x_gpio.c 0x00000000   Number         0  stm32f10x_gpio.o ABSOLUTE
    ..\\..\\..\\..\\Libraries\\STM32F10x_StdPeriph_Driver\\src\\stm32f10x_i2c.c 0x00000000   Number         0  stm32f10x_i2c.o ABSOLUTE
    ..\\..\\..\\..\\Libraries\\STM32F10x_StdPeriph_Driver\\src\\stm32f10x_iwdg.c 0x00000000   Number         0  stm32f10x_iwdg.o ABSOLUTE
    ..\\..\\..\\..\\Libraries\\STM32F10x_StdPeriph_Driver\\src\\stm32f10x_pwr.c 0x00000000   Number         0  stm32f10x_pwr.o ABSOLUTE
    ..\\..\\..\\..\\Libraries\\STM32F10x_StdPeriph_Driver\\src\\stm32f10x_rcc.c 0x00000000   Number         0  stm32f10x_rcc.o ABSOLUTE
    ..\\..\\..\\..\\Libraries\\STM32F10x_StdPeriph_Driver\\src\\stm32f10x_rtc.c 0x00000000   Number         0  stm32f10x_rtc.o ABSOLUTE
    ..\\..\\..\\..\\Libraries\\STM32F10x_StdPeriph_Driver\\src\\stm32f10x_sdio.c 0x00000000   Number         0  stm32f10x_sdio.o ABSOLUTE
    ..\\..\\..\\..\\Libraries\\STM32F10x_StdPeriph_Driver\\src\\stm32f10x_spi.c 0x00000000   Number         0  stm32f10x_spi.o ABSOLUTE
    ..\\..\\..\\..\\Libraries\\STM32F10x_StdPeriph_Driver\\src\\stm32f10x_tim.c 0x00000000   Number         0  stm32f10x_tim.o ABSOLUTE
    ..\\..\\..\\..\\Libraries\\STM32F10x_StdPeriph_Driver\\src\\stm32f10x_usart.c 0x00000000   Number         0  stm32f10x_usart.o ABSOLUTE
    ..\\..\\..\\..\\Libraries\\STM32F10x_StdPeriph_Driver\\src\\stm32f10x_wwdg.c 0x00000000   Number         0  stm32f10x_wwdg.o ABSOLUTE
    ..\\..\\..\\..\\Utilities\\STM32_Nucleo\\adafruit\\stm32_adafruit_spi_lcd.c 0x00000000   Number         0  stm32_adafruit_spi_lcd.o ABSOLUTE
    ..\\..\\..\\..\\Utilities\\STM32_Nucleo\\adafruit\\stm32_adafruit_spi_usd.c 0x00000000   Number         0  stm32_adafruit_spi_usd.o ABSOLUTE
    ..\\..\\..\\..\\Utilities\\STM32_Nucleo\\stm32f1xx\\stm32f1xx_nucleo.c 0x00000000   Number         0  stm32f1xx_nucleo.o ABSOLUTE
    ..\\fatfs_drv.c                          0x00000000   Number         0  fatfs_drv.o ABSOLUTE
    ..\\fatfs_storage.c                      0x00000000   Number         0  fatfs_storage.o ABSOLUTE
    ..\\main.c                               0x00000000   Number         0  main.o ABSOLUTE
    ..\\stm32f1xx_it.c                       0x00000000   Number         0  stm32f1xx_it.o ABSOLUTE
    ..\\system_stm32f10x.c                   0x00000000   Number         0  system_stm32f10x.o ABSOLUTE
    ..\fatfs_drv.c                           0x00000000   Number         0  fatfs_drv.o ABSOLUTE
    ..\fatfs_storage.c                       0x00000000   Number         0  fatfs_storage.o ABSOLUTE
    ..\main.c                                0x00000000   Number         0  main.o ABSOLUTE
    ..\stm32f1xx_it.c                        0x00000000   Number         0  stm32f1xx_it.o ABSOLUTE
    ..\system_stm32f10x.c                    0x00000000   Number         0  system_stm32f10x.o ABSOLUTE
    cdrcmple.s                               0x00000000   Number         0  cdrcmple.o ABSOLUTE
    dc.s                                     0x00000000   Number         0  dc.o ABSOLUTE
    handlers.s                               0x00000000   Number         0  handlers.o ABSOLUTE
    init.s                                   0x00000000   Number         0  init.o ABSOLUTE
    RESET                                    0x08000000   Section      236  startup_stm32f10x_md.o(RESET)
    .ARM.Collect$$$$00000000                 0x080000ec   Section        0  entry.o(.ARM.Collect$$$$00000000)
    .ARM.Collect$$$$00000001                 0x080000ec   Section        4  entry2.o(.ARM.Collect$$$$00000001)
    .ARM.Collect$$$$00000004                 0x080000f0   Section        4  entry5.o(.ARM.Collect$$$$00000004)
    .ARM.Collect$$$$00000008                 0x080000f4   Section        0  entry7b.o(.ARM.Collect$$$$00000008)
    .ARM.Collect$$$$0000000A                 0x080000f4   Section        0  entry8b.o(.ARM.Collect$$$$0000000A)
    .ARM.Collect$$$$0000000B                 0x080000f4   Section        8  entry9a.o(.ARM.Collect$$$$0000000B)
    .ARM.Collect$$$$0000000D                 0x080000fc   Section        0  entry10a.o(.ARM.Collect$$$$0000000D)
    .ARM.Collect$$$$0000000F                 0x080000fc   Section        0  entry11a.o(.ARM.Collect$$$$0000000F)
    .ARM.Collect$$$$00002712                 0x080000fc   Section        4  entry2.o(.ARM.Collect$$$$00002712)
    __lit__00000000                          0x080000fc   Data           4  entry2.o(.ARM.Collect$$$$00002712)
    .text                                    0x08000100   Section       36  startup_stm32f10x_md.o(.text)
    .text                                    0x08000124   Section        0  strlen.o(.text)
    .text                                    0x08000132   Section        0  uidiv.o(.text)
    .text                                    0x08000160   Section       36  init.o(.text)
    i.ADC_Cmd                                0x08000184   Section        0  stm32f10x_adc.o(i.ADC_Cmd)
    i.ADC_GetCalibrationStatus               0x08000198   Section        0  stm32f10x_adc.o(i.ADC_GetCalibrationStatus)
    i.ADC_GetConversionValue                 0x080001a6   Section        0  stm32f10x_adc.o(i.ADC_GetConversionValue)
    i.ADC_GetResetCalibrationStatus          0x080001ac   Section        0  stm32f10x_adc.o(i.ADC_GetResetCalibrationStatus)
    i.ADC_Init                               0x080001bc   Section        0  stm32f10x_adc.o(i.ADC_Init)
    i.ADC_RegularChannelConfig               0x08000204   Section        0  stm32f10x_adc.o(i.ADC_RegularChannelConfig)
    i.ADC_ResetCalibration                   0x08000278   Section        0  stm32f10x_adc.o(i.ADC_ResetCalibration)
    i.ADC_SoftwareStartConvCmd               0x08000282   Section        0  stm32f10x_adc.o(i.ADC_SoftwareStartConvCmd)
    i.ADC_StartCalibration                   0x08000296   Section        0  stm32f10x_adc.o(i.ADC_StartCalibration)
    i.BusFault_Handler                       0x080002a0   Section        0  stm32f1xx_it.o(i.BusFault_Handler)
    i.DebugMon_Handler                       0x080002a2   Section        0  stm32f1xx_it.o(i.DebugMon_Handler)
    i.Delay                                  0x080002a4   Section        0  main.o(i.Delay)
    i.Display_Images                         0x080002b8   Section        0  main.o(i.Display_Images)
    Display_Images                           0x080002b9   Thumb Code   298  main.o(i.Display_Images)
    i.EXTI15_10_IRQHandler                   0x080003fc   Section        0  stm32f1xx_it.o(i.EXTI15_10_IRQHandler)
    i.EXTI_ClearITPendingBit                 0x0800042c   Section        0  stm32f10x_exti.o(i.EXTI_ClearITPendingBit)
    i.EXTI_GetITStatus                       0x08000438   Section        0  stm32f10x_exti.o(i.EXTI_GetITStatus)
    i.EXTI_Init                              0x08000458   Section        0  stm32f10x_exti.o(i.EXTI_Init)
    i.GPIO_EXTILineConfig                    0x080004c8   Section        0  stm32f10x_gpio.o(i.GPIO_EXTILineConfig)
    i.GPIO_Init                              0x080004f0   Section        0  stm32f10x_gpio.o(i.GPIO_Init)
    i.GPIO_ReadInputDataBit                  0x08000592   Section        0  stm32f10x_gpio.o(i.GPIO_ReadInputDataBit)
    i.HardFault_Handler                      0x080005a0   Section        0  stm32f1xx_it.o(i.HardFault_Handler)
    i.LCD_ADAFRUIT_Init                      0x080005a4   Section        0  stm32_adafruit_spi_lcd.o(i.LCD_ADAFRUIT_Init)
    i.LCD_Clear                              0x080005c8   Section        0  stm32_adafruit_spi_lcd.o(i.LCD_Clear)
    i.LCD_CtrlLines_Config                   0x080005dc   Section        0  stm32f1xx_nucleo.o(i.LCD_CtrlLines_Config)
    i.LCD_DisplayChar                        0x08000620   Section        0  stm32_adafruit_spi_lcd.o(i.LCD_DisplayChar)
    i.LCD_DisplayStringLine                  0x08000640   Section        0  stm32_adafruit_spi_lcd.o(i.LCD_DisplayStringLine)
    i.LCD_DrawChar                           0x08000690   Section        0  stm32_adafruit_spi_lcd.o(i.LCD_DrawChar)
    i.LCD_DrawFullRect                       0x0800070c   Section        0  stm32_adafruit_spi_lcd.o(i.LCD_DrawFullRect)
    i.LCD_DrawLine                           0x08000738   Section        0  stm32_adafruit_spi_lcd.o(i.LCD_DrawLine)
    i.LCD_GetFont                            0x08000794   Section        0  stm32_adafruit_spi_lcd.o(i.LCD_GetFont)
    i.LCD_SetBackColor                       0x080007a0   Section        0  stm32_adafruit_spi_lcd.o(i.LCD_SetBackColor)
    i.LCD_SetDisplayWindow                   0x080007ac   Section        0  stm32_adafruit_spi_lcd.o(i.LCD_SetDisplayWindow)
    i.LCD_SetTextColor                       0x080007f8   Section        0  stm32_adafruit_spi_lcd.o(i.LCD_SetTextColor)
    i.LCD_Setup                              0x08000804   Section        0  stm32_adafruit_spi_lcd.o(i.LCD_Setup)
    i.LCD_WriteCommand                       0x08000a3c   Section        0  stm32_adafruit_spi_lcd.o(i.LCD_WriteCommand)
    i.LCD_WriteData                          0x08000a4c   Section        0  stm32_adafruit_spi_lcd.o(i.LCD_WriteData)
    i.LCD_WriteRAM                           0x08000a5c   Section        0  stm32_adafruit_spi_lcd.o(i.LCD_WriteRAM)
    i.LED2_Blink                             0x08000a90   Section        0  main.o(i.LED2_Blink)
    LED2_Blink                               0x08000a91   Thumb Code    74  main.o(i.LED2_Blink)
    i.MemManage_Handler                      0x08000ae0   Section        0  stm32f1xx_it.o(i.MemManage_Handler)
    i.Menu                                   0x08000ae4   Section        0  main.o(i.Menu)
    Menu                                     0x08000ae5   Thumb Code   562  main.o(i.Menu)
    i.NMI_Handler                            0x08000ee8   Section        0  stm32f1xx_it.o(i.NMI_Handler)
    i.NVIC_Init                              0x08000eec   Section        0  misc.o(i.NVIC_Init)
    i.PendSV_Handler                         0x08000f50   Section        0  stm32f1xx_it.o(i.PendSV_Handler)
    i.RCC_ADCCLKConfig                       0x08000f54   Section        0  stm32f10x_rcc.o(i.RCC_ADCCLKConfig)
    i.RCC_APB2PeriphClockCmd                 0x08000f68   Section        0  stm32f10x_rcc.o(i.RCC_APB2PeriphClockCmd)
    i.RCC_GetClocksFreq                      0x08000f80   Section        0  stm32f10x_rcc.o(i.RCC_GetClocksFreq)
    i.SD_ADAFRUIT_Init                       0x08001010   Section        0  stm32_adafruit_spi_usd.o(i.SD_ADAFRUIT_Init)
    i.SD_CtrlLines_Config                    0x0800102c   Section        0  stm32f1xx_nucleo.o(i.SD_CtrlLines_Config)
    i.SD_GetCIDRegister                      0x0800105c   Section        0  stm32_adafruit_spi_usd.o(i.SD_GetCIDRegister)
    i.SD_GetCSDRegister                      0x0800115c   Section        0  stm32_adafruit_spi_usd.o(i.SD_GetCSDRegister)
    i.SD_GetCardInfo                         0x080012fc   Section        0  stm32_adafruit_spi_usd.o(i.SD_GetCardInfo)
    i.SD_GetDataResponse                     0x08001328   Section        0  stm32_adafruit_spi_usd.o(i.SD_GetDataResponse)
    i.SD_GetResponse                         0x0800135a   Section        0  stm32_adafruit_spi_usd.o(i.SD_GetResponse)
    i.SD_GetStatus                           0x08001380   Section        0  stm32_adafruit_spi_usd.o(i.SD_GetStatus)
    i.SD_GoIdleState                         0x080013b4   Section        0  stm32_adafruit_spi_usd.o(i.SD_GoIdleState)
    i.SD_ReadBlock                           0x08001404   Section        0  stm32_adafruit_spi_usd.o(i.SD_ReadBlock)
    i.SD_ReadByte                            0x08001468   Section        0  stm32_adafruit_spi_usd.o(i.SD_ReadByte)
    i.SD_SendCmd                             0x0800146e   Section        0  stm32_adafruit_spi_usd.o(i.SD_SendCmd)
    i.SD_WriteBlock                          0x080014a4   Section        0  stm32_adafruit_spi_usd.o(i.SD_WriteBlock)
    i.SPI_Cmd                                0x08001514   Section        0  stm32f10x_spi.o(i.SPI_Cmd)
    i.SPI_I2S_GetFlagStatus                  0x08001528   Section        0  stm32f10x_spi.o(i.SPI_I2S_GetFlagStatus)
    i.SPI_I2S_ReceiveData                    0x08001536   Section        0  stm32f10x_spi.o(i.SPI_I2S_ReceiveData)
    i.SPI_I2S_SendData                       0x0800153a   Section        0  stm32f10x_spi.o(i.SPI_I2S_SendData)
    i.SPI_Init                               0x0800153e   Section        0  stm32f10x_spi.o(i.SPI_Init)
    i.STM_ADC_Config                         0x08001578   Section        0  stm32f1xx_nucleo.o(i.STM_ADC_Config)
    i.STM_EVAL_LEDInit                       0x08001610   Section        0  stm32f1xx_nucleo.o(i.STM_EVAL_LEDInit)
    i.STM_EVAL_LEDToggle                     0x08001650   Section        0  stm32f1xx_nucleo.o(i.STM_EVAL_LEDToggle)
    i.STM_EVAL_PBInit                        0x0800166c   Section        0  stm32f1xx_nucleo.o(i.STM_EVAL_PBInit)
    i.STM_Get_JOYState                       0x080016fc   Section        0  stm32f1xx_nucleo.o(i.STM_Get_JOYState)
    i.STM_SPI_Init                           0x0800175c   Section        0  stm32f1xx_nucleo.o(i.STM_SPI_Init)
    i.STM_SPI_WriteRead                      0x08001800   Section        0  stm32f1xx_nucleo.o(i.STM_SPI_WriteRead)
    i.SVC_Handler                            0x08001850   Section        0  stm32f1xx_it.o(i.SVC_Handler)
    i.SetSysClock                            0x08001854   Section        0  system_stm32f10x.o(i.SetSysClock)
    SetSysClock                              0x08001855   Thumb Code   108  system_stm32f10x.o(i.SetSysClock)
    i.Storage_CheckBitmapFile                0x080018c8   Section        0  fatfs_storage.o(i.Storage_CheckBitmapFile)
    i.Storage_GetDirectoryBitmapFiles        0x080018f0   Section        0  fatfs_storage.o(i.Storage_GetDirectoryBitmapFiles)
    i.Storage_OpenReadFile                   0x08001978   Section        0  fatfs_storage.o(i.Storage_OpenReadFile)
    i.SysTick_Handler                        0x08001a84   Section        0  stm32f1xx_it.o(i.SysTick_Handler)
    i.SystemInit                             0x08001a88   Section        0  system_stm32f10x.o(i.SystemInit)
    i.TFT_DisplayErrorMessage                0x08001ad8   Section        0  main.o(i.TFT_DisplayErrorMessage)
    TFT_DisplayErrorMessage                  0x08001ad9   Thumb Code   462  main.o(i.TFT_DisplayErrorMessage)
    i.TimingDelay_Decrement                  0x08001de8   Section        0  main.o(i.TimingDelay_Decrement)
    i.UsageFault_Handler                     0x08001dfc   Section        0  stm32f1xx_it.o(i.UsageFault_Handler)
    i.__0sprintf$6                           0x08001e00   Section        0  printf6.o(i.__0sprintf$6)
    i.__scatterload_copy                     0x08001e28   Section       14  handlers.o(i.__scatterload_copy)
    i.__scatterload_null                     0x08001e36   Section        2  handlers.o(i.__scatterload_null)
    i.__scatterload_zeroinit                 0x08001e38   Section       14  handlers.o(i.__scatterload_zeroinit)
    i._printf_core                           0x08001e48   Section        0  printf6.o(i._printf_core)
    _printf_core                             0x08001e49   Thumb Code   748  printf6.o(i._printf_core)
    i._printf_post_padding                   0x08002138   Section        0  printf6.o(i._printf_post_padding)
    _printf_post_padding                     0x08002139   Thumb Code    36  printf6.o(i._printf_post_padding)
    i._printf_pre_padding                    0x0800215c   Section        0  printf6.o(i._printf_pre_padding)
    _printf_pre_padding                      0x0800215d   Thumb Code    46  printf6.o(i._printf_pre_padding)
    i._sputc                                 0x0800218a   Section        0  printf6.o(i._sputc)
    _sputc                                   0x0800218b   Thumb Code    10  printf6.o(i._sputc)
    i.check_fs                               0x08002194   Section        0  ff.o(i.check_fs)
    check_fs                                 0x08002195   Thumb Code    86  ff.o(i.check_fs)
    i.clmt_clust                             0x080021f0   Section        0  ff.o(i.clmt_clust)
    clmt_clust                               0x080021f1   Thumb Code    36  ff.o(i.clmt_clust)
    i.clust2sect                             0x08002214   Section        0  ff.o(i.clust2sect)
    i.create_chain                           0x0800222c   Section        0  ff.o(i.create_chain)
    create_chain                             0x0800222d   Thumb Code   154  ff.o(i.create_chain)
    i.create_name                            0x080022c8   Section        0  ff.o(i.create_name)
    create_name                              0x080022c9   Thumb Code   232  ff.o(i.create_name)
    i.dir_next                               0x080023c4   Section        0  ff.o(i.dir_next)
    dir_next                                 0x080023c5   Thumb Code   232  ff.o(i.dir_next)
    i.dir_read                               0x080024ac   Section        0  ff.o(i.dir_read)
    dir_read                                 0x080024ad   Thumb Code    88  ff.o(i.dir_read)
    i.dir_register                           0x08002504   Section        0  ff.o(i.dir_register)
    dir_register                             0x08002505   Thumb Code   100  ff.o(i.dir_register)
    i.dir_sdi                                0x08002568   Section        0  ff.o(i.dir_sdi)
    dir_sdi                                  0x08002569   Thumb Code   126  ff.o(i.dir_sdi)
    i.disk_initialize                        0x080025e8   Section        0  fatfs_drv.o(i.disk_initialize)
    i.disk_ioctl                             0x08002608   Section        0  fatfs_drv.o(i.disk_ioctl)
    i.disk_read                              0x0800265c   Section        0  fatfs_drv.o(i.disk_read)
    i.disk_status                            0x08002680   Section        0  fatfs_drv.o(i.disk_status)
    i.disk_write                             0x080026a4   Section        0  fatfs_drv.o(i.disk_write)
    i.f_close                                0x080026c8   Section        0  ff.o(i.f_close)
    i.f_mount                                0x080026dc   Section        0  ff.o(i.f_mount)
    i.f_open                                 0x08002720   Section        0  ff.o(i.f_open)
    i.f_opendir                              0x0800285a   Section        0  ff.o(i.f_opendir)
    i.f_read                                 0x080028ba   Section        0  ff.o(i.f_read)
    i.f_readdir                              0x08002a0c   Section        0  ff.o(i.f_readdir)
    i.f_sync                                 0x08002a5a   Section        0  ff.o(i.f_sync)
    i.find_volume                            0x08002af4   Section        0  ff.o(i.find_volume)
    find_volume                              0x08002af5   Thumb Code   554  ff.o(i.find_volume)
    i.follow_path                            0x08002d2c   Section        0  ff.o(i.follow_path)
    follow_path                              0x08002d2d   Thumb Code   170  ff.o(i.follow_path)
    i.get_fat                                0x08002dd6   Section        0  ff.o(i.get_fat)
    i.get_fattime                            0x08002e8e   Section        0  fatfs_drv.o(i.get_fattime)
    i.get_fileinfo                           0x08002e92   Section        0  ff.o(i.get_fileinfo)
    get_fileinfo                             0x08002e93   Thumb Code    76  ff.o(i.get_fileinfo)
    i.get_ldnumber                           0x08002ede   Section        0  ff.o(i.get_ldnumber)
    get_ldnumber                             0x08002edf   Thumb Code    46  ff.o(i.get_ldnumber)
    i.ld_clust                               0x08002f0c   Section        0  ff.o(i.ld_clust)
    ld_clust                                 0x08002f0d   Thumb Code    18  ff.o(i.ld_clust)
    i.main                                   0x08002f20   Section        0  main.o(i.main)
    i.malloc                                 0x08002fc8   Section        0  malloc.o(i.malloc)
    i.mem_cpy                                0x08003034   Section        0  ff.o(i.mem_cpy)
    mem_cpy                                  0x08003035   Thumb Code    18  ff.o(i.mem_cpy)
    i.mem_set                                0x08003046   Section        0  ff.o(i.mem_set)
    mem_set                                  0x08003047   Thumb Code    14  ff.o(i.mem_set)
    i.move_window                            0x08003054   Section        0  ff.o(i.move_window)
    move_window                              0x08003055   Thumb Code    46  ff.o(i.move_window)
    i.put_fat                                0x08003084   Section        0  ff.o(i.put_fat)
    i.remove_chain                           0x0800317e   Section        0  ff.o(i.remove_chain)
    remove_chain                             0x0800317f   Thumb Code    98  ff.o(i.remove_chain)
    i.st_clust                               0x080031e0   Section        0  ff.o(i.st_clust)
    st_clust                                 0x080031e1   Thumb Code    16  ff.o(i.st_clust)
    i.sync_fs                                0x080031f0   Section        0  ff.o(i.sync_fs)
    sync_fs                                  0x080031f1   Thumb Code   176  ff.o(i.sync_fs)
    i.sync_window                            0x080032a0   Section        0  ff.o(i.sync_window)
    sync_window                              0x080032a1   Thumb Code    80  ff.o(i.sync_window)
    i.validate                               0x080032f0   Section        0  ff.o(i.validate)
    validate                                 0x080032f1   Thumb Code    38  ff.o(i.validate)
    .constdata                               0x08003318   Section       20  stm32f1xx_nucleo.o(.constdata)
    .constdata                               0x0800332c   Section     1536  fonts.o(.constdata)
    .constdata                               0x0800392c   Section      128  ff.o(.constdata)
    ExCvt                                    0x0800392c   Data         128  ff.o(.constdata)
    .data                                    0x20000000   Section       20  stm32f10x_rcc.o(.data)
    ADCPrescTable                            0x20000000   Data           4  stm32f10x_rcc.o(.data)
    APBAHBPrescTable                         0x20000004   Data          16  stm32f10x_rcc.o(.data)
    .data                                    0x20000014   Section        8  stm32_adafruit_spi_lcd.o(.data)
    CurrentTextColor                         0x20000014   Data           2  stm32_adafruit_spi_lcd.o(.data)
    CurrentBackColor                         0x20000016   Data           2  stm32_adafruit_spi_lcd.o(.data)
    LCD_Currentfonts                         0x20000018   Data           4  stm32_adafruit_spi_lcd.o(.data)
    .data                                    0x2000001c   Section        8  stm32f1xx_nucleo.o(.data)
    .data                                    0x20000024   Section        8  fonts.o(.data)
    .data                                    0x2000002c   Section        8  ff.o(.data)
    Fsid                                     0x2000002c   Data           2  ff.o(.data)
    FatFs                                    0x20000030   Data           4  ff.o(.data)
    .data                                    0x20000034   Section        1  fatfs_drv.o(.data)
    Stat                                     0x20000034   Data           1  fatfs_drv.o(.data)
    .data                                    0x20000038   Section        8  fatfs_storage.o(.data)
    .data                                    0x20000040   Section        8  main.o(.data)
    TimingDelay                              0x20000044   Data           4  main.o(.data)
    .data                                    0x20000048   Section        4  mvars.o(.data)
    .data                                    0x2000004c   Section        4  mvars.o(.data)
    .bss                                     0x20000050   Section     1116  fatfs_storage.o(.bss)
    .bss                                     0x200004ac   Section      680  main.o(.bss)
    HEAP                                     0x20000758   Section      512  startup_stm32f10x_md.o(HEAP)
    STACK                                    0x20000958   Section     1024  startup_stm32f10x_md.o(STACK)

    Global Symbols

    Symbol Name                              Value     Ov Type        Size  Object(Section)

    BuildAttributes$$THM_ISAv4$P$D$K$B$S$PE$A:L22UL41UL21$X:L11$S22US41US21$IEEE1$IW$USESV6$~STKCKD$USESV7$~SHL$OSPACE$ROPI$EBA8$MICROLIB$REQ8$PRES8$EABIv2 0x00000000   Number         0  anon$$obj.o ABSOLUTE
    __ARM_use_no_argv                        0x00000000   Number         0  main.o ABSOLUTE
    _printf_a                                0x00000000   Number         0  stubs.o ABSOLUTE
    _printf_c                                0x00000000   Number         0  stubs.o ABSOLUTE
    _printf_charcount                        0x00000000   Number         0  stubs.o ABSOLUTE
    _printf_d                                0x00000000   Number         0  stubs.o ABSOLUTE
    _printf_e                                0x00000000   Number         0  stubs.o ABSOLUTE
    _printf_f                                0x00000000   Number         0  stubs.o ABSOLUTE
    _printf_flags                            0x00000000   Number         0  stubs.o ABSOLUTE
    _printf_fp_dec                           0x00000000   Number         0  stubs.o ABSOLUTE
    _printf_fp_hex                           0x00000000   Number         0  stubs.o ABSOLUTE
    _printf_g                                0x00000000   Number         0  stubs.o ABSOLUTE
    _printf_i                                0x00000000   Number         0  stubs.o ABSOLUTE
    _printf_int_dec                          0x00000000   Number         0  stubs.o ABSOLUTE
    _printf_l                                0x00000000   Number         0  stubs.o ABSOLUTE
    _printf_lc                               0x00000000   Number         0  stubs.o ABSOLUTE
    _printf_ll                               0x00000000   Number         0  stubs.o ABSOLUTE
    _printf_lld                              0x00000000   Number         0  stubs.o ABSOLUTE
    _printf_lli                              0x00000000   Number         0  stubs.o ABSOLUTE
    _printf_llo                              0x00000000   Number         0  stubs.o ABSOLUTE
    _printf_llu                              0x00000000   Number         0  stubs.o ABSOLUTE
    _printf_llx                              0x00000000   Number         0  stubs.o ABSOLUTE
    _printf_longlong_dec                     0x00000000   Number         0  stubs.o ABSOLUTE
    _printf_longlong_hex                     0x00000000   Number         0  stubs.o ABSOLUTE
    _printf_longlong_oct                     0x00000000   Number         0  stubs.o ABSOLUTE
    _printf_ls                               0x00000000   Number         0  stubs.o ABSOLUTE
    _printf_mbtowc                           0x00000000   Number         0  stubs.o ABSOLUTE
    _printf_n                                0x00000000   Number         0  stubs.o ABSOLUTE
    _printf_o                                0x00000000   Number         0  stubs.o ABSOLUTE
    _printf_p                                0x00000000   Number         0  stubs.o ABSOLUTE
    _printf_percent                          0x00000000   Number         0  stubs.o ABSOLUTE
    _printf_pre_padding                      0x00000000   Number         0  stubs.o ABSOLUTE
    _printf_return_value                     0x00000000   Number         0  stubs.o ABSOLUTE
    _printf_s                                0x00000000   Number         0  stubs.o ABSOLUTE
    _printf_sizespec                         0x00000000   Number         0  stubs.o ABSOLUTE
    _printf_str                              0x00000000   Number         0  stubs.o ABSOLUTE
    _printf_truncate_signed                  0x00000000   Number         0  stubs.o ABSOLUTE
    _printf_truncate_unsigned                0x00000000   Number         0  stubs.o ABSOLUTE
    _printf_u                                0x00000000   Number         0  stubs.o ABSOLUTE
    _printf_wc                               0x00000000   Number         0  stubs.o ABSOLUTE
    _printf_wctomb                           0x00000000   Number         0  stubs.o ABSOLUTE
    _printf_widthprec                        0x00000000   Number         0  stubs.o ABSOLUTE
    _printf_x                                0x00000000   Number         0  stubs.o ABSOLUTE
    __cpp_initialize__aeabi_                  - Undefined Weak Reference
    __cxa_finalize                            - Undefined Weak Reference
    __decompress                              - Undefined Weak Reference
    _clock_init                               - Undefined Weak Reference
    _microlib_exit                            - Undefined Weak Reference
    __Vectors_Size                           0x000000ec   Number         0  startup_stm32f10x_md.o ABSOLUTE
    __Vectors                                0x08000000   Data           4  startup_stm32f10x_md.o(RESET)
    __Vectors_End                            0x080000ec   Data           0  startup_stm32f10x_md.o(RESET)
    __main                                   0x080000ed   Thumb Code     0  entry.o(.ARM.Collect$$$$00000000)
    _main_stk                                0x080000ed   Thumb Code     0  entry2.o(.ARM.Collect$$$$00000001)
    _main_scatterload                        0x080000f1   Thumb Code     0  entry5.o(.ARM.Collect$$$$00000004)
    __main_after_scatterload                 0x080000f5   Thumb Code     0  entry5.o(.ARM.Collect$$$$00000004)
    _main_clock                              0x080000f5   Thumb Code     0  entry7b.o(.ARM.Collect$$$$00000008)
    _main_cpp_init                           0x080000f5   Thumb Code     0  entry8b.o(.ARM.Collect$$$$0000000A)
    _main_init                               0x080000f5   Thumb Code     0  entry9a.o(.ARM.Collect$$$$0000000B)
    __rt_final_cpp                           0x080000fd   Thumb Code     0  entry10a.o(.ARM.Collect$$$$0000000D)
    __rt_final_exit                          0x080000fd   Thumb Code     0  entry11a.o(.ARM.Collect$$$$0000000F)
    Reset_Handler                            0x08000101   Thumb Code     8  startup_stm32f10x_md.o(.text)
    ADC1_2_IRQHandler                        0x0800011b   Thumb Code     0  startup_stm32f10x_md.o(.text)
    CAN1_RX1_IRQHandler                      0x0800011b   Thumb Code     0  startup_stm32f10x_md.o(.text)
    CAN1_SCE_IRQHandler                      0x0800011b   Thumb Code     0  startup_stm32f10x_md.o(.text)
    DMA1_Channel1_IRQHandler                 0x0800011b   Thumb Code     0  startup_stm32f10x_md.o(.text)
    DMA1_Channel2_IRQHandler                 0x0800011b   Thumb Code     0  startup_stm32f10x_md.o(.text)
    DMA1_Channel3_IRQHandler                 0x0800011b   Thumb Code     0  startup_stm32f10x_md.o(.text)
    DMA1_Channel4_IRQHandler                 0x0800011b   Thumb Code     0  startup_stm32f10x_md.o(.text)
    DMA1_Channel5_IRQHandler                 0x0800011b   Thumb Code     0  startup_stm32f10x_md.o(.text)
    DMA1_Channel6_IRQHandler                 0x0800011b   Thumb Code     0  startup_stm32f10x_md.o(.text)
    DMA1_Channel7_IRQHandler                 0x0800011b   Thumb Code     0  startup_stm32f10x_md.o(.text)
    EXTI0_IRQHandler                         0x0800011b   Thumb Code     0  startup_stm32f10x_md.o(.text)
    EXTI1_IRQHandler                         0x0800011b   Thumb Code     0  startup_stm32f10x_md.o(.text)
    EXTI2_IRQHandler                         0x0800011b   Thumb Code     0  startup_stm32f10x_md.o(.text)
    EXTI3_IRQHandler                         0x0800011b   Thumb Code     0  startup_stm32f10x_md.o(.text)
    EXTI4_IRQHandler                         0x0800011b   Thumb Code     0  startup_stm32f10x_md.o(.text)
    EXTI9_5_IRQHandler                       0x0800011b   Thumb Code     0  startup_stm32f10x_md.o(.text)
    FLASH_IRQHandler                         0x0800011b   Thumb Code     0  startup_stm32f10x_md.o(.text)
    I2C1_ER_IRQHandler                       0x0800011b   Thumb Code     0  startup_stm32f10x_md.o(.text)
    I2C1_EV_IRQHandler                       0x0800011b   Thumb Code     0  startup_stm32f10x_md.o(.text)
    I2C2_ER_IRQHandler                       0x0800011b   Thumb Code     0  startup_stm32f10x_md.o(.text)
    I2C2_EV_IRQHandler                       0x0800011b   Thumb Code     0  startup_stm32f10x_md.o(.text)
    PVD_IRQHandler                           0x0800011b   Thumb Code     0  startup_stm32f10x_md.o(.text)
    RCC_IRQHandler                           0x0800011b   Thumb Code     0  startup_stm32f10x_md.o(.text)
    RTCAlarm_IRQHandler                      0x0800011b   Thumb Code     0  startup_stm32f10x_md.o(.text)
    RTC_IRQHandler                           0x0800011b   Thumb Code     0  startup_stm32f10x_md.o(.text)
    SPI1_IRQHandler                          0x0800011b   Thumb Code     0  startup_stm32f10x_md.o(.text)
    SPI2_IRQHandler                          0x0800011b   Thumb Code     0  startup_stm32f10x_md.o(.text)
    TAMPER_IRQHandler                        0x0800011b   Thumb Code     0  startup_stm32f10x_md.o(.text)
    TIM1_BRK_IRQHandler                      0x0800011b   Thumb Code     0  startup_stm32f10x_md.o(.text)
    TIM1_CC_IRQHandler                       0x0800011b   Thumb Code     0  startup_stm32f10x_md.o(.text)
    TIM1_TRG_COM_IRQHandler                  0x0800011b   Thumb Code     0  startup_stm32f10x_md.o(.text)
    TIM1_UP_IRQHandler                       0x0800011b   Thumb Code     0  startup_stm32f10x_md.o(.text)
    TIM2_IRQHandler                          0x0800011b   Thumb Code     0  startup_stm32f10x_md.o(.text)
    TIM3_IRQHandler                          0x0800011b   Thumb Code     0  startup_stm32f10x_md.o(.text)
    TIM4_IRQHandler                          0x0800011b   Thumb Code     0  startup_stm32f10x_md.o(.text)
    USART1_IRQHandler                        0x0800011b   Thumb Code     0  startup_stm32f10x_md.o(.text)
    USART2_IRQHandler                        0x0800011b   Thumb Code     0  startup_stm32f10x_md.o(.text)
    USART3_IRQHandler                        0x0800011b   Thumb Code     0  startup_stm32f10x_md.o(.text)
    USBWakeUp_IRQHandler                     0x0800011b   Thumb Code     0  startup_stm32f10x_md.o(.text)
    USB_HP_CAN1_TX_IRQHandler                0x0800011b   Thumb Code     0  startup_stm32f10x_md.o(.text)
    USB_LP_CAN1_RX0_IRQHandler               0x0800011b   Thumb Code     0  startup_stm32f10x_md.o(.text)
    WWDG_IRQHandler                          0x0800011b   Thumb Code     0  startup_stm32f10x_md.o(.text)
    strlen                                   0x08000125   Thumb Code    14  strlen.o(.text)
    __aeabi_uidiv                            0x08000133   Thumb Code     0  uidiv.o(.text)
    __aeabi_uidivmod                         0x08000133   Thumb Code    44  uidiv.o(.text)
    __scatterload                            0x08000161   Thumb Code    28  init.o(.text)
    __scatterload_rt2                        0x08000161   Thumb Code     0  init.o(.text)
    ADC_Cmd                                  0x08000185   Thumb Code    20  stm32f10x_adc.o(i.ADC_Cmd)
    ADC_GetCalibrationStatus                 0x08000199   Thumb Code    14  stm32f10x_adc.o(i.ADC_GetCalibrationStatus)
    ADC_GetConversionValue                   0x080001a7   Thumb Code     6  stm32f10x_adc.o(i.ADC_GetConversionValue)
    ADC_GetResetCalibrationStatus            0x080001ad   Thumb Code    14  stm32f10x_adc.o(i.ADC_GetResetCalibrationStatus)
    ADC_Init                                 0x080001bd   Thumb Code    62  stm32f10x_adc.o(i.ADC_Init)
    ADC_RegularChannelConfig                 0x08000205   Thumb Code   116  stm32f10x_adc.o(i.ADC_RegularChannelConfig)
    ADC_ResetCalibration                     0x08000279   Thumb Code    10  stm32f10x_adc.o(i.ADC_ResetCalibration)
    ADC_SoftwareStartConvCmd                 0x08000283   Thumb Code    20  stm32f10x_adc.o(i.ADC_SoftwareStartConvCmd)
    ADC_StartCalibration                     0x08000297   Thumb Code    10  stm32f10x_adc.o(i.ADC_StartCalibration)
    BusFault_Handler                         0x080002a1   Thumb Code     2  stm32f1xx_it.o(i.BusFault_Handler)
    DebugMon_Handler                         0x080002a3   Thumb Code     2  stm32f1xx_it.o(i.DebugMon_Handler)
    Delay                                    0x080002a5   Thumb Code    16  main.o(i.Delay)
    EXTI15_10_IRQHandler                     0x080003fd   Thumb Code    44  stm32f1xx_it.o(i.EXTI15_10_IRQHandler)
    EXTI_ClearITPendingBit                   0x0800042d   Thumb Code     6  stm32f10x_exti.o(i.EXTI_ClearITPendingBit)
    EXTI_GetITStatus                         0x08000439   Thumb Code    28  stm32f10x_exti.o(i.EXTI_GetITStatus)
    EXTI_Init                                0x08000459   Thumb Code   108  stm32f10x_exti.o(i.EXTI_Init)
    GPIO_EXTILineConfig                      0x080004c9   Thumb Code    34  stm32f10x_gpio.o(i.GPIO_EXTILineConfig)
    GPIO_Init                                0x080004f1   Thumb Code   162  stm32f10x_gpio.o(i.GPIO_Init)
    GPIO_ReadInputDataBit                    0x08000593   Thumb Code    14  stm32f10x_gpio.o(i.GPIO_ReadInputDataBit)
    HardFault_Handler                        0x080005a1   Thumb Code     2  stm32f1xx_it.o(i.HardFault_Handler)
    LCD_ADAFRUIT_Init                        0x080005a5   Thumb Code    26  stm32_adafruit_spi_lcd.o(i.LCD_ADAFRUIT_Init)
    LCD_Clear                                0x080005c9   Thumb Code    16  stm32_adafruit_spi_lcd.o(i.LCD_Clear)
    LCD_CtrlLines_Config                     0x080005dd   Thumb Code    58  stm32f1xx_nucleo.o(i.LCD_CtrlLines_Config)
    LCD_DisplayChar                          0x08000621   Thumb Code    26  stm32_adafruit_spi_lcd.o(i.LCD_DisplayChar)
    LCD_DisplayStringLine                    0x08000641   Thumb Code    70  stm32_adafruit_spi_lcd.o(i.LCD_DisplayStringLine)
    LCD_DrawChar                             0x08000691   Thumb Code   120  stm32_adafruit_spi_lcd.o(i.LCD_DrawChar)
    LCD_DrawFullRect                         0x0800070d   Thumb Code    44  stm32_adafruit_spi_lcd.o(i.LCD_DrawFullRect)
    LCD_DrawLine                             0x08000739   Thumb Code    88  stm32_adafruit_spi_lcd.o(i.LCD_DrawLine)
    LCD_GetFont                              0x08000795   Thumb Code     6  stm32_adafruit_spi_lcd.o(i.LCD_GetFont)
    LCD_SetBackColor                         0x080007a1   Thumb Code     6  stm32_adafruit_spi_lcd.o(i.LCD_SetBackColor)
    LCD_SetDisplayWindow                     0x080007ad   Thumb Code    70  stm32_adafruit_spi_lcd.o(i.LCD_SetDisplayWindow)
    LCD_SetTextColor                         0x080007f9   Thumb Code     6  stm32_adafruit_spi_lcd.o(i.LCD_SetTextColor)
    LCD_Setup                                0x08000805   Thumb Code   564  stm32_adafruit_spi_lcd.o(i.LCD_Setup)
    LCD_WriteCommand                         0x08000a3d   Thumb Code    12  stm32_adafruit_spi_lcd.o(i.LCD_WriteCommand)
    LCD_WriteData                            0x08000a4d   Thumb Code    12  stm32_adafruit_spi_lcd.o(i.LCD_WriteData)
    LCD_WriteRAM                             0x08000a5d   Thumb Code    48  stm32_adafruit_spi_lcd.o(i.LCD_WriteRAM)
    MemManage_Handler                        0x08000ae1   Thumb Code     2  stm32f1xx_it.o(i.MemManage_Handler)
    NMI_Handler                              0x08000ee9   Thumb Code     2  stm32f1xx_it.o(i.NMI_Handler)
    NVIC_Init                                0x08000eed   Thumb Code    94  misc.o(i.NVIC_Init)
    PendSV_Handler                           0x08000f51   Thumb Code     2  stm32f1xx_it.o(i.PendSV_Handler)
    RCC_ADCCLKConfig                         0x08000f55   Thumb Code    14  stm32f10x_rcc.o(i.RCC_ADCCLKConfig)
    RCC_APB2PeriphClockCmd                   0x08000f69   Thumb Code    18  stm32f10x_rcc.o(i.RCC_APB2PeriphClockCmd)
    RCC_GetClocksFreq                        0x08000f81   Thumb Code   128  stm32f10x_rcc.o(i.RCC_GetClocksFreq)
    SD_ADAFRUIT_Init                         0x08001011   Thumb Code    28  stm32_adafruit_spi_usd.o(i.SD_ADAFRUIT_Init)
    SD_CtrlLines_Config                      0x0800102d   Thumb Code    44  stm32f1xx_nucleo.o(i.SD_CtrlLines_Config)
    SD_GetCIDRegister                        0x0800105d   Thumb Code   250  stm32_adafruit_spi_usd.o(i.SD_GetCIDRegister)
    SD_GetCSDRegister                        0x0800115d   Thumb Code   412  stm32_adafruit_spi_usd.o(i.SD_GetCSDRegister)
    SD_GetCardInfo                           0x080012fd   Thumb Code    44  stm32_adafruit_spi_usd.o(i.SD_GetCardInfo)
    SD_GetDataResponse                       0x08001329   Thumb Code    50  stm32_adafruit_spi_usd.o(i.SD_GetDataResponse)
    SD_GetResponse                           0x0800135b   Thumb Code    36  stm32_adafruit_spi_usd.o(i.SD_GetResponse)
    SD_GetStatus                             0x08001381   Thumb Code    48  stm32_adafruit_spi_usd.o(i.SD_GetStatus)
    SD_GoIdleState                           0x080013b5   Thumb Code    76  stm32_adafruit_spi_usd.o(i.SD_GoIdleState)
    SD_ReadBlock                             0x08001405   Thumb Code    96  stm32_adafruit_spi_usd.o(i.SD_ReadBlock)
    SD_ReadByte                              0x08001469   Thumb Code     6  stm32_adafruit_spi_usd.o(i.SD_ReadByte)
    SD_SendCmd                               0x0800146f   Thumb Code    54  stm32_adafruit_spi_usd.o(i.SD_SendCmd)
    SD_WriteBlock                            0x080014a5   Thumb Code   108  stm32_adafruit_spi_usd.o(i.SD_WriteBlock)
    SPI_Cmd                                  0x08001515   Thumb Code    20  stm32f10x_spi.o(i.SPI_Cmd)
    SPI_I2S_GetFlagStatus                    0x08001529   Thumb Code    14  stm32f10x_spi.o(i.SPI_I2S_GetFlagStatus)
    SPI_I2S_ReceiveData                      0x08001537   Thumb Code     4  stm32f10x_spi.o(i.SPI_I2S_ReceiveData)
    SPI_I2S_SendData                         0x0800153b   Thumb Code     4  stm32f10x_spi.o(i.SPI_I2S_SendData)
    SPI_Init                                 0x0800153f   Thumb Code    56  stm32f10x_spi.o(i.SPI_Init)
    STM_ADC_Config                           0x08001579   Thumb Code   144  stm32f1xx_nucleo.o(i.STM_ADC_Config)
    STM_EVAL_LEDInit                         0x08001611   Thumb Code    54  stm32f1xx_nucleo.o(i.STM_EVAL_LEDInit)
    STM_EVAL_LEDToggle                       0x08001651   Thumb Code    20  stm32f1xx_nucleo.o(i.STM_EVAL_LEDToggle)
    STM_EVAL_PBInit                          0x0800166d   Thumb Code   134  stm32f1xx_nucleo.o(i.STM_EVAL_PBInit)
    STM_Get_JOYState                         0x080016fd   Thumb Code    90  stm32f1xx_nucleo.o(i.STM_Get_JOYState)
    STM_SPI_Init                             0x0800175d   Thumb Code   154  stm32f1xx_nucleo.o(i.STM_SPI_Init)
    STM_SPI_WriteRead                        0x08001801   Thumb Code    74  stm32f1xx_nucleo.o(i.STM_SPI_WriteRead)
    SVC_Handler                              0x08001851   Thumb Code     2  stm32f1xx_it.o(i.SVC_Handler)
    Storage_CheckBitmapFile                  0x080018c9   Thumb Code    36  fatfs_storage.o(i.Storage_CheckBitmapFile)
    Storage_GetDirectoryBitmapFiles          0x080018f1   Thumb Code   118  fatfs_storage.o(i.Storage_GetDirectoryBitmapFiles)
    Storage_OpenReadFile                     0x08001979   Thumb Code   260  fatfs_storage.o(i.Storage_OpenReadFile)
    SysTick_Handler                          0x08001a85   Thumb Code     4  stm32f1xx_it.o(i.SysTick_Handler)
    SystemInit                               0x08001a89   Thumb Code    64  system_stm32f10x.o(i.SystemInit)
    TimingDelay_Decrement                    0x08001de9   Thumb Code    16  main.o(i.TimingDelay_Decrement)
    UsageFault_Handler                       0x08001dfd   Thumb Code     2  stm32f1xx_it.o(i.UsageFault_Handler)
    __0sprintf$6                             0x08001e01   Thumb Code    34  printf6.o(i.__0sprintf$6)
    __1sprintf$6                             0x08001e01   Thumb Code     0  printf6.o(i.__0sprintf$6)
    __2sprintf                               0x08001e01   Thumb Code     0  printf6.o(i.__0sprintf$6)
    __scatterload_copy                       0x08001e29   Thumb Code    14  handlers.o(i.__scatterload_copy)
    __scatterload_null                       0x08001e37   Thumb Code     2  handlers.o(i.__scatterload_null)
    __scatterload_zeroinit                   0x08001e39   Thumb Code    14  handlers.o(i.__scatterload_zeroinit)
    clust2sect                               0x08002215   Thumb Code    24  ff.o(i.clust2sect)
    disk_initialize                          0x080025e9   Thumb Code    28  fatfs_drv.o(i.disk_initialize)
    disk_ioctl                               0x08002609   Thumb Code    78  fatfs_drv.o(i.disk_ioctl)
    disk_read                                0x0800265d   Thumb Code    36  fatfs_drv.o(i.disk_read)
    disk_status                              0x08002681   Thumb Code    30  fatfs_drv.o(i.disk_status)
    disk_write                               0x080026a5   Thumb Code    36  fatfs_drv.o(i.disk_write)
    f_close                                  0x080026c9   Thumb Code    18  ff.o(i.f_close)
    f_mount                                  0x080026dd   Thumb Code    64  ff.o(i.f_mount)
    f_open                                   0x08002721   Thumb Code   314  ff.o(i.f_open)
    f_opendir                                0x0800285b   Thumb Code    96  ff.o(i.f_opendir)
    f_read                                   0x080028bb   Thumb Code   338  ff.o(i.f_read)
    f_readdir                                0x08002a0d   Thumb Code    78  ff.o(i.f_readdir)
    f_sync                                   0x08002a5b   Thumb Code   152  ff.o(i.f_sync)
    get_fat                                  0x08002dd7   Thumb Code   184  ff.o(i.get_fat)
    get_fattime                              0x08002e8f   Thumb Code     4  fatfs_drv.o(i.get_fattime)
    main                                     0x08002f21   Thumb Code   152  main.o(i.main)
    malloc                                   0x08002fc9   Thumb Code    92  malloc.o(i.malloc)
    put_fat                                  0x08003085   Thumb Code   250  ff.o(i.put_fat)
    BUTTON_PORT_SOURCE                       0x08003318   Data           1  stm32f1xx_nucleo.o(.constdata)
    BUTTON_PIN_SOURCE                        0x08003319   Data           1  stm32f1xx_nucleo.o(.constdata)
    BUTTON_IRQn                              0x0800331a   Data           1  stm32f1xx_nucleo.o(.constdata)
    GPIO_PIN                                 0x0800331c   Data           2  stm32f1xx_nucleo.o(.constdata)
    BUTTON_PIN                               0x0800331e   Data           2  stm32f1xx_nucleo.o(.constdata)
    BUTTON_EXTI_LINE                         0x08003320   Data           2  stm32f1xx_nucleo.o(.constdata)
    GPIO_CLK                                 0x08003324   Data           4  stm32f1xx_nucleo.o(.constdata)
    BUTTON_CLK                               0x08003328   Data           4  stm32f1xx_nucleo.o(.constdata)
    ASCII8x8_Table                           0x0800332c   Data        1536  fonts.o(.constdata)
    Region$$Table$$Base                      0x080039ac   Number         0  anon$$obj.o(Region$$Table)
    Region$$Table$$Limit                     0x080039cc   Number         0  anon$$obj.o(Region$$Table)
    GPIO_PORT                                0x2000001c   Data           4  stm32f1xx_nucleo.o(.data)
    BUTTON_PORT                              0x20000020   Data           4  stm32f1xx_nucleo.o(.data)
    Font8x8                                  0x20000024   Data           8  fonts.o(.data)
    BytesWritten                             0x20000038   Data           4  fatfs_storage.o(.data)
    BytesRead                                0x2000003c   Data           4  fatfs_storage.o(.data)
    JoystickValue                            0x20000040   Data           1  main.o(.data)
    BlinkSpeed                               0x20000041   Data           1  main.o(.data)
    __microlib_freelist                      0x20000048   Data           4  mvars.o(.data)
    __microlib_freelist_initialised          0x2000004c   Data           4  mvars.o(.data)
    aBuffer                                  0x20000050   Data         512  fatfs_storage.o(.bss)
    MyFileInfo                               0x20000250   Data          24  fatfs_storage.o(.bss)
    MyDirectory                              0x20000268   Data          28  fatfs_storage.o(.bss)
    MyFile                                   0x20000284   Data         552  fatfs_storage.o(.bss)
    str                                      0x200004ac   Data          20  main.o(.bss)
    pDirectoryFiles                          0x200004c0   Data         100  main.o(.bss)
    microSDFatFs                             0x20000524   Data         560  main.o(.bss)
    __heap_base                              0x20000758   Data           0  startup_stm32f10x_md.o(HEAP)
    __heap_limit                             0x20000958   Data           0  startup_stm32f10x_md.o(HEAP)
    __initial_sp                             0x20000d58   Data           0  startup_stm32f10x_md.o(STACK)



==============================================================================

Memory Map of the image

  Image Entry point : 0x080000ed

  Load Region LR_IROM1 (Base: 0x08000000, Size: 0x00003a1c, Max: 0x00020000, ABSOLUTE)

    Execution Region ER_IROM1 (Base: 0x08000000, Size: 0x000039cc, Max: 0x00020000, ABSOLUTE)

    Base Addr    Size         Type   Attr      Idx    E Section Name        Object

    0x08000000   0x000000ec   Data   RO            3    RESET               startup_stm32f10x_md.o
    0x080000ec   0x00000000   Code   RO         4322  * .ARM.Collect$$$$00000000  mc_w.l(entry.o)
    0x080000ec   0x00000004   Code   RO         4616    .ARM.Collect$$$$00000001  mc_w.l(entry2.o)
    0x080000f0   0x00000004   Code   RO         4619    .ARM.Collect$$$$00000004  mc_w.l(entry5.o)
    0x080000f4   0x00000000   Code   RO         4621    .ARM.Collect$$$$00000008  mc_w.l(entry7b.o)
    0x080000f4   0x00000000   Code   RO         4623    .ARM.Collect$$$$0000000A  mc_w.l(entry8b.o)
    0x080000f4   0x00000008   Code   RO         4624    .ARM.Collect$$$$0000000B  mc_w.l(entry9a.o)
    0x080000fc   0x00000000   Code   RO         4626    .ARM.Collect$$$$0000000D  mc_w.l(entry10a.o)
    0x080000fc   0x00000000   Code   RO         4628    .ARM.Collect$$$$0000000F  mc_w.l(entry11a.o)
    0x080000fc   0x00000004   Code   RO         4617    .ARM.Collect$$$$00002712  mc_w.l(entry2.o)
    0x08000100   0x00000024   Code   RO            4    .text               startup_stm32f10x_md.o
    0x08000124   0x0000000e   Code   RO         4325    .text               mc_w.l(strlen.o)
    0x08000132   0x0000002c   Code   RO         4633    .text               mc_w.l(uidiv.o)
    0x0800015e   0x00000002   PAD
    0x08000160   0x00000024   Code   RO         4654    .text               mc_w.l(init.o)
    0x08000184   0x00000014   Code   RO          155    i.ADC_Cmd           stm32f10x_adc.o
    0x08000198   0x0000000e   Code   RO          163    i.ADC_GetCalibrationStatus  stm32f10x_adc.o
    0x080001a6   0x00000006   Code   RO          164    i.ADC_GetConversionValue  stm32f10x_adc.o
    0x080001ac   0x0000000e   Code   RO          169    i.ADC_GetResetCalibrationStatus  stm32f10x_adc.o
    0x080001ba   0x00000002   PAD
    0x080001bc   0x00000048   Code   RO          173    i.ADC_Init          stm32f10x_adc.o
    0x08000204   0x00000074   Code   RO          177    i.ADC_RegularChannelConfig  stm32f10x_adc.o
    0x08000278   0x0000000a   Code   RO          178    i.ADC_ResetCalibration  stm32f10x_adc.o
    0x08000282   0x00000014   Code   RO          180    i.ADC_SoftwareStartConvCmd  stm32f10x_adc.o
    0x08000296   0x0000000a   Code   RO          182    i.ADC_StartCalibration  stm32f10x_adc.o
    0x080002a0   0x00000002   Code   RO         4209    i.BusFault_Handler  stm32f1xx_it.o
    0x080002a2   0x00000002   Code   RO         4210    i.DebugMon_Handler  stm32f1xx_it.o
    0x080002a4   0x00000014   Code   RO         4149    i.Delay             main.o
    0x080002b8   0x00000144   Code   RO         4150    i.Display_Images    main.o
    0x080003fc   0x00000030   Code   RO         4211    i.EXTI15_10_IRQHandler  stm32f1xx_it.o
    0x0800042c   0x0000000c   Code   RO         1002    i.EXTI_ClearITPendingBit  stm32f10x_exti.o
    0x08000438   0x00000020   Code   RO         1006    i.EXTI_GetITStatus  stm32f10x_exti.o
    0x08000458   0x00000070   Code   RO         1007    i.EXTI_Init         stm32f10x_exti.o
    0x080004c8   0x00000028   Code   RO         1383    i.GPIO_EXTILineConfig  stm32f10x_gpio.o
    0x080004f0   0x000000a2   Code   RO         1386    i.GPIO_Init         stm32f10x_gpio.o
    0x08000592   0x0000000e   Code   RO         1390    i.GPIO_ReadInputDataBit  stm32f10x_gpio.o
    0x080005a0   0x00000002   Code   RO         4212    i.HardFault_Handler  stm32f1xx_it.o
    0x080005a2   0x00000002   PAD
    0x080005a4   0x00000024   Code   RO         3307    i.LCD_ADAFRUIT_Init  stm32_adafruit_spi_lcd.o
    0x080005c8   0x00000014   Code   RO         3308    i.LCD_Clear         stm32_adafruit_spi_lcd.o
    0x080005dc   0x00000044   Code   RO         3644    i.LCD_CtrlLines_Config  stm32f1xx_nucleo.o
    0x08000620   0x00000020   Code   RO         3309    i.LCD_DisplayChar   stm32_adafruit_spi_lcd.o
    0x08000640   0x00000050   Code   RO         3310    i.LCD_DisplayStringLine  stm32_adafruit_spi_lcd.o
    0x08000690   0x0000007c   Code   RO         3311    i.LCD_DrawChar      stm32_adafruit_spi_lcd.o
    0x0800070c   0x0000002c   Code   RO         3314    i.LCD_DrawFullRect  stm32_adafruit_spi_lcd.o
    0x08000738   0x0000005c   Code   RO         3315    i.LCD_DrawLine      stm32_adafruit_spi_lcd.o
    0x08000794   0x0000000c   Code   RO         3317    i.LCD_GetFont       stm32_adafruit_spi_lcd.o
    0x080007a0   0x0000000c   Code   RO         3318    i.LCD_SetBackColor  stm32_adafruit_spi_lcd.o
    0x080007ac   0x0000004c   Code   RO         3319    i.LCD_SetDisplayWindow  stm32_adafruit_spi_lcd.o
    0x080007f8   0x0000000c   Code   RO         3321    i.LCD_SetTextColor  stm32_adafruit_spi_lcd.o
    0x08000804   0x00000238   Code   RO         3322    i.LCD_Setup         stm32_adafruit_spi_lcd.o
    0x08000a3c   0x00000010   Code   RO         3323    i.LCD_WriteCommand  stm32_adafruit_spi_lcd.o
    0x08000a4c   0x00000010   Code   RO         3324    i.LCD_WriteData     stm32_adafruit_spi_lcd.o
    0x08000a5c   0x00000034   Code   RO         3325    i.LCD_WriteRAM      stm32_adafruit_spi_lcd.o
    0x08000a90   0x00000050   Code   RO         4151    i.LED2_Blink        main.o
    0x08000ae0   0x00000002   Code   RO         4213    i.MemManage_Handler  stm32f1xx_it.o
    0x08000ae2   0x00000002   PAD
    0x08000ae4   0x00000404   Code   RO         4152    i.Menu              main.o
    0x08000ee8   0x00000002   Code   RO         4214    i.NMI_Handler       stm32f1xx_it.o
    0x08000eea   0x00000002   PAD
    0x08000eec   0x00000064   Code   RO           12    i.NVIC_Init         misc.o
    0x08000f50   0x00000002   Code   RO         4215    i.PendSV_Handler    stm32f1xx_it.o
    0x08000f52   0x00000002   PAD
    0x08000f54   0x00000014   Code   RO         1844    i.RCC_ADCCLKConfig  stm32f10x_rcc.o
    0x08000f68   0x00000018   Code   RO         1848    i.RCC_APB2PeriphClockCmd  stm32f10x_rcc.o
    0x08000f80   0x00000090   Code   RO         1856    i.RCC_GetClocksFreq  stm32f10x_rcc.o
    0x08001010   0x0000001c   Code   RO         3524    i.SD_ADAFRUIT_Init  stm32_adafruit_spi_usd.o
    0x0800102c   0x00000030   Code   RO         3645    i.SD_CtrlLines_Config  stm32f1xx_nucleo.o
    0x0800105c   0x00000100   Code   RO         3525    i.SD_GetCIDRegister  stm32_adafruit_spi_usd.o
    0x0800115c   0x000001a0   Code   RO         3526    i.SD_GetCSDRegister  stm32_adafruit_spi_usd.o
    0x080012fc   0x0000002c   Code   RO         3527    i.SD_GetCardInfo    stm32_adafruit_spi_usd.o
    0x08001328   0x00000032   Code   RO         3528    i.SD_GetDataResponse  stm32_adafruit_spi_usd.o
    0x0800135a   0x00000024   Code   RO         3529    i.SD_GetResponse    stm32_adafruit_spi_usd.o
    0x0800137e   0x00000002   PAD
    0x08001380   0x00000034   Code   RO         3530    i.SD_GetStatus      stm32_adafruit_spi_usd.o
    0x080013b4   0x00000050   Code   RO         3531    i.SD_GoIdleState    stm32_adafruit_spi_usd.o
    0x08001404   0x00000064   Code   RO         3532    i.SD_ReadBlock      stm32_adafruit_spi_usd.o
    0x08001468   0x00000006   Code   RO         3533    i.SD_ReadByte       stm32_adafruit_spi_usd.o
    0x0800146e   0x00000036   Code   RO         3535    i.SD_SendCmd        stm32_adafruit_spi_usd.o
    0x080014a4   0x00000070   Code   RO         3536    i.SD_WriteBlock     stm32_adafruit_spi_usd.o
    0x08001514   0x00000014   Code   RO         2357    i.SPI_Cmd           stm32f10x_spi.o
    0x08001528   0x0000000e   Code   RO         2365    i.SPI_I2S_GetFlagStatus  stm32f10x_spi.o
    0x08001536   0x00000004   Code   RO         2368    i.SPI_I2S_ReceiveData  stm32f10x_spi.o
    0x0800153a   0x00000004   Code   RO         2369    i.SPI_I2S_SendData  stm32f10x_spi.o
    0x0800153e   0x00000038   Code   RO         2370    i.SPI_Init          stm32f10x_spi.o
    0x08001576   0x00000002   PAD
    0x08001578   0x00000098   Code   RO         3646    i.STM_ADC_Config    stm32f1xx_nucleo.o
    0x08001610   0x00000040   Code   RO         3647    i.STM_EVAL_LEDInit  stm32f1xx_nucleo.o
    0x08001650   0x0000001c   Code   RO         3650    i.STM_EVAL_LEDToggle  stm32f1xx_nucleo.o
    0x0800166c   0x00000090   Code   RO         3652    i.STM_EVAL_PBInit   stm32f1xx_nucleo.o
    0x080016fc   0x00000060   Code   RO         3653    i.STM_Get_JOYState  stm32f1xx_nucleo.o
    0x0800175c   0x000000a4   Code   RO         3654    i.STM_SPI_Init      stm32f1xx_nucleo.o
    0x08001800   0x00000050   Code   RO         3655    i.STM_SPI_WriteRead  stm32f1xx_nucleo.o
    0x08001850   0x00000002   Code   RO         4216    i.SVC_Handler       stm32f1xx_it.o
    0x08001852   0x00000002   PAD
    0x08001854   0x00000074   Code   RO         4287    i.SetSysClock       system_stm32f10x.o
    0x080018c8   0x00000028   Code   RO         4095    i.Storage_CheckBitmapFile  fatfs_storage.o
    0x080018f0   0x00000088   Code   RO         4097    i.Storage_GetDirectoryBitmapFiles  fatfs_storage.o
    0x08001978   0x0000010c   Code   RO         4098    i.Storage_OpenReadFile  fatfs_storage.o
    0x08001a84   0x00000004   Code   RO         4217    i.SysTick_Handler   stm32f1xx_it.o
    0x08001a88   0x00000050   Code   RO         4289    i.SystemInit        system_stm32f10x.o
    0x08001ad8   0x00000310   Code   RO         4153    i.TFT_DisplayErrorMessage  main.o
    0x08001de8   0x00000014   Code   RO         4154    i.TimingDelay_Decrement  main.o
    0x08001dfc   0x00000002   Code   RO         4218    i.UsageFault_Handler  stm32f1xx_it.o
    0x08001dfe   0x00000002   PAD
    0x08001e00   0x00000028   Code   RO         4484    i.__0sprintf$6      mc_w.l(printf6.o)
    0x08001e28   0x0000000e   Code   RO         4668    i.__scatterload_copy  mc_w.l(handlers.o)
    0x08001e36   0x00000002   Code   RO         4669    i.__scatterload_null  mc_w.l(handlers.o)
    0x08001e38   0x0000000e   Code   RO         4670    i.__scatterload_zeroinit  mc_w.l(handlers.o)
    0x08001e46   0x00000002   PAD
    0x08001e48   0x000002f0   Code   RO         4489    i._printf_core      mc_w.l(printf6.o)
    0x08002138   0x00000024   Code   RO         4490    i._printf_post_padding  mc_w.l(printf6.o)
    0x0800215c   0x0000002e   Code   RO         4491    i._printf_pre_padding  mc_w.l(printf6.o)
    0x0800218a   0x0000000a   Code   RO         4493    i._sputc            mc_w.l(printf6.o)
    0x08002194   0x0000005c   Code   RO         3751    i.check_fs          ff.o
    0x080021f0   0x00000024   Code   RO         3752    i.clmt_clust        ff.o
    0x08002214   0x00000018   Code   RO         3753    i.clust2sect        ff.o
    0x0800222c   0x0000009a   Code   RO         3754    i.create_chain      ff.o
    0x080022c6   0x00000002   PAD
    0x080022c8   0x000000fc   Code   RO         3755    i.create_name       ff.o
    0x080023c4   0x000000e8   Code   RO         3756    i.dir_next          ff.o
    0x080024ac   0x00000058   Code   RO         3757    i.dir_read          ff.o
    0x08002504   0x00000064   Code   RO         3758    i.dir_register      ff.o
    0x08002568   0x0000007e   Code   RO         3760    i.dir_sdi           ff.o
    0x080025e6   0x00000002   PAD
    0x080025e8   0x00000020   Code   RO         4039    i.disk_initialize   fatfs_drv.o
    0x08002608   0x00000054   Code   RO         4040    i.disk_ioctl        fatfs_drv.o
    0x0800265c   0x00000024   Code   RO         4041    i.disk_read         fatfs_drv.o
    0x08002680   0x00000024   Code   RO         4042    i.disk_status       fatfs_drv.o
    0x080026a4   0x00000024   Code   RO         4043    i.disk_write        fatfs_drv.o
    0x080026c8   0x00000012   Code   RO         3762    i.f_close           ff.o
    0x080026da   0x00000002   PAD
    0x080026dc   0x00000044   Code   RO         3768    i.f_mount           ff.o
    0x08002720   0x0000013a   Code   RO         3769    i.f_open            ff.o
    0x0800285a   0x00000060   Code   RO         3770    i.f_opendir         ff.o
    0x080028ba   0x00000152   Code   RO         3774    i.f_read            ff.o
    0x08002a0c   0x0000004e   Code   RO         3775    i.f_readdir         ff.o
    0x08002a5a   0x00000098   Code   RO         3778    i.f_sync            ff.o
    0x08002af2   0x00000002   PAD
    0x08002af4   0x00000238   Code   RO         3783    i.find_volume       ff.o
    0x08002d2c   0x000000aa   Code   RO         3784    i.follow_path       ff.o
    0x08002dd6   0x000000b8   Code   RO         3785    i.get_fat           ff.o
    0x08002e8e   0x00000004   Code   RO         4044    i.get_fattime       fatfs_drv.o
    0x08002e92   0x0000004c   Code   RO         3786    i.get_fileinfo      ff.o
    0x08002ede   0x0000002e   Code   RO         3787    i.get_ldnumber      ff.o
    0x08002f0c   0x00000012   Code   RO         3788    i.ld_clust          ff.o
    0x08002f1e   0x00000002   PAD
    0x08002f20   0x000000a8   Code   RO         4155    i.main              main.o
    0x08002fc8   0x0000006c   Code   RO         4589    i.malloc            mc_w.l(malloc.o)
    0x08003034   0x00000012   Code   RO         3789    i.mem_cpy           ff.o
    0x08003046   0x0000000e   Code   RO         3790    i.mem_set           ff.o
    0x08003054   0x0000002e   Code   RO         3791    i.move_window       ff.o
    0x08003082   0x00000002   PAD
    0x08003084   0x000000fa   Code   RO         3792    i.put_fat           ff.o
    0x0800317e   0x00000062   Code   RO         3794    i.remove_chain      ff.o
    0x080031e0   0x00000010   Code   RO         3795    i.st_clust          ff.o
    0x080031f0   0x000000b0   Code   RO         3796    i.sync_fs           ff.o
    0x080032a0   0x00000050   Code   RO         3797    i.sync_window       ff.o
    0x080032f0   0x00000026   Code   RO         3798    i.validate          ff.o
    0x08003316   0x00000002   PAD
    0x08003318   0x00000014   Data   RO         3656    .constdata          stm32f1xx_nucleo.o
    0x0800332c   0x00000600   Data   RO         3735    .constdata          fonts.o
    0x0800392c   0x00000080   Data   RO         3799    .constdata          ff.o
    0x080039ac   0x00000020   Data   RO         4666    Region$$Table       anon$$obj.o


    Execution Region RW_IRAM1 (Base: 0x20000000, Size: 0x00000d58, Max: 0x00005000, ABSOLUTE)

    Base Addr    Size         Type   Attr      Idx    E Section Name        Object

    0x20000000   0x00000014   Data   RW         1876    .data               stm32f10x_rcc.o
    0x20000014   0x00000008   Data   RW         3326    .data               stm32_adafruit_spi_lcd.o
    0x2000001c   0x00000008   Data   RW         3657    .data               stm32f1xx_nucleo.o
    0x20000024   0x00000008   Data   RW         3739    .data               fonts.o
    0x2000002c   0x00000008   Data   RW         3800    .data               ff.o
    0x20000034   0x00000001   Data   RW         4045    .data               fatfs_drv.o
    0x20000035   0x00000003   PAD
    0x20000038   0x00000008   Data   RW         4100    .data               fatfs_storage.o
    0x20000040   0x00000008   Data   RW         4157    .data               main.o
    0x20000048   0x00000004   Data   RW         4641    .data               mc_w.l(mvars.o)
    0x2000004c   0x00000004   Data   RW         4642    .data               mc_w.l(mvars.o)
    0x20000050   0x0000045c   Zero   RW         4099    .bss                fatfs_storage.o
    0x200004ac   0x000002a8   Zero   RW         4156    .bss                main.o
    0x20000754   0x00000004   PAD
    0x20000758   0x00000200   Zero   RW            2    HEAP                startup_stm32f10x_md.o
    0x20000958   0x00000400   Zero   RW            1    STACK               startup_stm32f10x_md.o


==============================================================================

Image component sizes


      Code (inc. data)   RO Data    RW Data    ZI Data      Debug   Object Name

       228         16          0          1          0       7404   fatfs_drv.o
       444         30          0          8       1116       3458   fatfs_storage.o
      3966         44        128          8          0      35856   ff.o
         0          0       1536          8          0       1588   fonts.o
      2424        844          0          8        680      28002   main.o
       100          6          0          0          0     211220   misc.o
        36          8        236          0       1536       1004   startup_stm32f10x_md.o
      1192         78          0          8          0     246565   stm32_adafruit_spi_lcd.o
      1234         26          0          0          0      29771   stm32_adafruit_spi_usd.o
       282         10          0          0          0      18001   stm32f10x_adc.o
       156         14          0          0          0       5120   stm32f10x_exti.o
       216          6          0          0          0      12282   stm32f10x_gpio.o
       188         28          0         20          0      14040   stm32f10x_rcc.o
        98          0          0          0          0      11782   stm32f10x_spi.o
        68          4          0          0          0       4897   stm32f1xx_it.o
       844         72         20          8          0       7896   stm32f1xx_nucleo.o
       196         24          0          0          0       1621   system_stm32f10x.o

    ----------------------------------------------------------------------
     11704       1210       1952         72       3336     640507   Object Totals
         0          0         32          0          0          0   (incl. Generated)
        32          0          0          3          4          0   (incl. Padding)

    ----------------------------------------------------------------------

      Code (inc. data)   RO Data    RW Data    ZI Data      Debug   Library Member Name

         0          0          0          0          0          0   entry.o
         0          0          0          0          0          0   entry10a.o
         0          0          0          0          0          0   entry11a.o
         8          4          0          0          0          0   entry2.o
         4          0          0          0          0          0   entry5.o
         0          0          0          0          0          0   entry7b.o
         0          0          0          0          0          0   entry8b.o
         8          4          0          0          0          0   entry9a.o
        30          0          0          0          0          0   handlers.o
        36          8          0          0          0         68   init.o
       108         16          0          0          0         84   malloc.o
         0          0          0          8          0          0   mvars.o
       884         10          0          0          0        420   printf6.o
        14          0          0          0          0         68   strlen.o
        44          0          0          0          0         80   uidiv.o

    ----------------------------------------------------------------------
      1140         42          0          8          0        720   Library Totals
         4          0          0          0          0          0   (incl. Padding)

    ----------------------------------------------------------------------

      Code (inc. data)   RO Data    RW Data    ZI Data      Debug   Library Name

      1136         42          0          8          0        720   mc_w.l

    ----------------------------------------------------------------------
      1140         42          0          8          0        720   Library Totals

    ----------------------------------------------------------------------

==============================================================================


      Code (inc. data)   RO Data    RW Data    ZI Data      Debug   

     12844       1252       1952         80       3336     635139   Grand Totals
     12844       1252       1952         80       3336     635139   ELF Image Totals
     12844       1252       1952         80          0          0   ROM Totals

==============================================================================

    Total RO  Size (Code + RO Data)                14796 (  14.45kB)
    Total RW  Size (RW Data + ZI Data)              3416 (   3.34kB)
    Total ROM Size (Code + RO Data + RW Data)      14876 (  14.53kB)

==============================================================================

