Component: ARM Compiler 5.06 update 4 (build 422) Tool: armlink [4d35d2]

==============================================================================

Section Cross References

    startup_stm32f10x_hd.o(RESET) refers to startup_stm32f10x_hd.o(STACK) for __initial_sp
    startup_stm32f10x_hd.o(RESET) refers to startup_stm32f10x_hd.o(.text) for Reset_Handler
    startup_stm32f10x_hd.o(RESET) refers to stm32f1xx_it.o(i.NMI_Handler) for NMI_Handler
    startup_stm32f10x_hd.o(RESET) refers to stm32f1xx_it.o(i.HardFault_Handler) for HardFault_Handler
    startup_stm32f10x_hd.o(RESET) refers to stm32f1xx_it.o(i.MemManage_Handler) for MemManage_Handler
    startup_stm32f10x_hd.o(RESET) refers to stm32f1xx_it.o(i.BusFault_Handler) for BusFault_Handler
    startup_stm32f10x_hd.o(RESET) refers to stm32f1xx_it.o(i.UsageFault_Handler) for UsageFault_Handler
    startup_stm32f10x_hd.o(RESET) refers to stm32f1xx_it.o(i.SVC_Handler) for SVC_Handler
    startup_stm32f10x_hd.o(RESET) refers to stm32f1xx_it.o(i.DebugMon_Handler) for DebugMon_Handler
    startup_stm32f10x_hd.o(RESET) refers to os_cpu_a.o(.text) for PendSV_Handler
    startup_stm32f10x_hd.o(RESET) refers to stm32f1xx_it.o(i.SysTick_Handler) for SysTick_Handler
    startup_stm32f10x_hd.o(RESET) refers to stm32f1xx_it.o(i.EXTI2_IRQHandler) for EXTI2_IRQHandler
    startup_stm32f10x_hd.o(RESET) refers to break.o(i.EXTI9_5_IRQHandler) for EXTI9_5_IRQHandler
    startup_stm32f10x_hd.o(RESET) refers to motor_it.o(i.TIM4_IRQHandler) for TIM4_IRQHandler
    startup_stm32f10x_hd.o(RESET) refers to stm32f1xx_it.o(i.USART1_IRQHandler) for USART1_IRQHandler
    startup_stm32f10x_hd.o(RESET) refers to throttle.o(i.EXTI15_10_IRQHandler) for EXTI15_10_IRQHandler
    startup_stm32f10x_hd.o(.text) refers to system_stm32f10x.o(i.SystemInit) for SystemInit
    startup_stm32f10x_hd.o(.text) refers to entry.o(.ARM.Collect$$$$00000000) for __main
    stm32f10x_adc.o(i.ADC_DeInit) refers to stm32f10x_rcc.o(i.RCC_APB2PeriphResetCmd) for RCC_APB2PeriphResetCmd
    stm32f10x_bkp.o(i.BKP_DeInit) refers to stm32f10x_rcc.o(i.RCC_BackupResetCmd) for RCC_BackupResetCmd
    stm32f10x_can.o(i.CAN_DeInit) refers to stm32f10x_rcc.o(i.RCC_APB1PeriphResetCmd) for RCC_APB1PeriphResetCmd
    stm32f10x_can.o(i.CAN_GetITStatus) refers to stm32f10x_can.o(i.CheckITStatus) for CheckITStatus
    stm32f10x_cec.o(i.CEC_DeInit) refers to stm32f10x_rcc.o(i.RCC_APB1PeriphResetCmd) for RCC_APB1PeriphResetCmd
    stm32f10x_dac.o(i.DAC_DeInit) refers to stm32f10x_rcc.o(i.RCC_APB1PeriphResetCmd) for RCC_APB1PeriphResetCmd
    stm32f10x_flash.o(i.FLASH_EnableWriteProtection) refers to stm32f10x_flash.o(i.FLASH_WaitForLastOperation) for FLASH_WaitForLastOperation
    stm32f10x_flash.o(i.FLASH_EraseAllBank1Pages) refers to stm32f10x_flash.o(i.FLASH_WaitForLastBank1Operation) for FLASH_WaitForLastBank1Operation
    stm32f10x_flash.o(i.FLASH_EraseAllPages) refers to stm32f10x_flash.o(i.FLASH_WaitForLastOperation) for FLASH_WaitForLastOperation
    stm32f10x_flash.o(i.FLASH_EraseOptionBytes) refers to stm32f10x_flash.o(i.FLASH_GetReadOutProtectionStatus) for FLASH_GetReadOutProtectionStatus
    stm32f10x_flash.o(i.FLASH_EraseOptionBytes) refers to stm32f10x_flash.o(i.FLASH_WaitForLastOperation) for FLASH_WaitForLastOperation
    stm32f10x_flash.o(i.FLASH_ErasePage) refers to stm32f10x_flash.o(i.FLASH_WaitForLastOperation) for FLASH_WaitForLastOperation
    stm32f10x_flash.o(i.FLASH_ProgramHalfWord) refers to stm32f10x_flash.o(i.FLASH_WaitForLastOperation) for FLASH_WaitForLastOperation
    stm32f10x_flash.o(i.FLASH_ProgramOptionByteData) refers to stm32f10x_flash.o(i.FLASH_WaitForLastOperation) for FLASH_WaitForLastOperation
    stm32f10x_flash.o(i.FLASH_ProgramWord) refers to stm32f10x_flash.o(i.FLASH_WaitForLastOperation) for FLASH_WaitForLastOperation
    stm32f10x_flash.o(i.FLASH_ReadOutProtection) refers to stm32f10x_flash.o(i.FLASH_WaitForLastOperation) for FLASH_WaitForLastOperation
    stm32f10x_flash.o(i.FLASH_UserOptionByteConfig) refers to stm32f10x_flash.o(i.FLASH_WaitForLastOperation) for FLASH_WaitForLastOperation
    stm32f10x_flash.o(i.FLASH_WaitForLastBank1Operation) refers to stm32f10x_flash.o(i.FLASH_GetBank1Status) for FLASH_GetBank1Status
    stm32f10x_flash.o(i.FLASH_WaitForLastOperation) refers to stm32f10x_flash.o(i.FLASH_GetBank1Status) for FLASH_GetBank1Status
    stm32f10x_gpio.o(i.GPIO_AFIODeInit) refers to stm32f10x_rcc.o(i.RCC_APB2PeriphResetCmd) for RCC_APB2PeriphResetCmd
    stm32f10x_gpio.o(i.GPIO_DeInit) refers to stm32f10x_rcc.o(i.RCC_APB2PeriphResetCmd) for RCC_APB2PeriphResetCmd
    stm32f10x_i2c.o(i.I2C_DeInit) refers to stm32f10x_rcc.o(i.RCC_APB1PeriphResetCmd) for RCC_APB1PeriphResetCmd
    stm32f10x_i2c.o(i.I2C_Init) refers to stm32f10x_rcc.o(i.RCC_GetClocksFreq) for RCC_GetClocksFreq
    stm32f10x_pwr.o(i.PWR_DeInit) refers to stm32f10x_rcc.o(i.RCC_APB1PeriphResetCmd) for RCC_APB1PeriphResetCmd
[...]
    i.OSTaskStkInit                          0x080028de   Section        0  os_cpu_c.o(i.OSTaskStkInit)
    i.OSTaskSuspend                          0x08002938   Section        0  os_task.o(i.OSTaskSuspend)
    i.OSTaskSwHook                           0x080029cc   Section        0  os_cpu_c.o(i.OSTaskSwHook)
    i.OSTimeDly                              0x080029d0   Section        0  os_time.o(i.OSTimeDly)
    i.OSTimeGet                              0x08002a1c   Section        0  os_time.o(i.OSTimeGet)
    i.OSTimeSet                              0x08002a34   Section        0  os_time.o(i.OSTimeSet)
    i.OSTimeTick                             0x08002a4c   Section        0  os_core.o(i.OSTimeTick)
    i.OSTimeTickHook                         0x08002abc   Section        0  os_cpu_c.o(i.OSTimeTickHook)
    i.OS_EventTO                             0x08002ac0   Section        0  os_core.o(i.OS_EventTO)
    i.OS_EventTaskRdy                        0x08002af4   Section        0  os_core.o(i.OS_EventTaskRdy)
    i.OS_EventTaskWait                       0x08002b64   Section        0  os_core.o(i.OS_EventTaskWait)
    i.OS_EventWaitListInit                   0x08002bac   Section        0  os_core.o(i.OS_EventWaitListInit)
    i.OS_FlagInit                            0x08002bb8   Section        0  os_flag.o(i.OS_FlagInit)
    i.OS_InitEventList                       0x08002be4   Section        0  os_core.o(i.OS_InitEventList)
    OS_InitEventList                         0x08002be5   Thumb Code    38  os_core.o(i.OS_InitEventList)
    i.OS_InitMisc                            0x08002c14   Section        0  os_core.o(i.OS_InitMisc)
    OS_InitMisc                              0x08002c15   Thumb Code    26  os_core.o(i.OS_InitMisc)
    i.OS_InitRdyList                         0x08002c34   Section        0  os_core.o(i.OS_InitRdyList)
    OS_InitRdyList                           0x08002c35   Thumb Code    34  os_core.o(i.OS_InitRdyList)
    i.OS_InitTCBList                         0x08002c5c   Section        0  os_core.o(i.OS_InitTCBList)
    OS_InitTCBList                           0x08002c5d   Thumb Code    58  os_core.o(i.OS_InitTCBList)
    i.OS_InitTaskIdle                        0x08002ca0   Section        0  os_core.o(i.OS_InitTaskIdle)
    OS_InitTaskIdle                          0x08002ca1   Thumb Code    40  os_core.o(i.OS_InitTaskIdle)
    i.OS_InitTaskStat                        0x08002cd4   Section        0  os_core.o(i.OS_InitTaskStat)
    OS_InitTaskStat                          0x08002cd5   Thumb Code    40  os_core.o(i.OS_InitTaskStat)
    i.OS_MemInit                             0x08002d08   Section        0  os_mem.o(i.OS_MemInit)
    i.OS_QInit                               0x08002d48   Section        0  os_q.o(i.OS_QInit)
    i.OS_Sched                               0x08002d74   Section        0  os_core.o(i.OS_Sched)
    i.OS_TCBInit                             0x08002dc8   Section        0  os_core.o(i.OS_TCBInit)
    i.OS_TaskIdle                            0x08002e88   Section        0  os_core.o(i.OS_TaskIdle)
    i.OS_TaskStat                            0x08002ea4   Section        0  os_core.o(i.OS_TaskStat)
    i.Obstacle_From_Ultrasonic_Detected_Init 0x08002f08   Section        0  main.o(i.Obstacle_From_Ultrasonic_Detected_Init)
    i.Open_Car_Lid_Detected                  0x08002f24   Section        0  main.o(i.Open_Car_Lid_Detected)
    i.Open_Car_Lid_Detected_Init             0x08002f30   Section        0  main.o(i.Open_Car_Lid_Detected_Init)
    i.People_Seatsensor_Detected_Init        0x08002f4c   Section        0  main.o(i.People_Seatsensor_Detected_Init)
    i.RCC_ADCCLKConfig                       0x08002f68   Section        0  stm32f10x_rcc.o(i.RCC_ADCCLKConfig)
    i.RCC_AHBPeriphClockCmd                  0x08002f7c   Section        0  stm32f10x_rcc.o(i.RCC_AHBPeriphClockCmd)
    i.RCC_APB1PeriphClockCmd                 0x08002f98   Section        0  stm32f10x_rcc.o(i.RCC_APB1PeriphClockCmd)
    i.RCC_APB2PeriphClockCmd                 0x08002fb4   Section        0  stm32f10x_rcc.o(i.RCC_APB2PeriphClockCmd)
    i.RCC_APB2PeriphResetCmd                 0x08002fd0   Section        0  stm32f10x_rcc.o(i.RCC_APB2PeriphResetCmd)
    i.RCC_GetClocksFreq                      0x08002fec   Section        0  stm32f10x_rcc.o(i.RCC_GetClocksFreq)
    i.STM_EVAL_COMInit                       0x08003098   Section        0  stm32f103rb_nucleo_eval.o(i.STM_EVAL_COMInit)
    i.SVC_Handler                            0x08003148   Section        0  stm32f1xx_it.o(i.SVC_Handler)
    i.SendDatatoMaster                       0x0800314c   Section        0  main.o(i.SendDatatoMaster)
    i.Send_Task                              0x08003174   Section        0  main.o(i.Send_Task)
    i.SetPosition                            0x0800322c   Section        0  motor.o(i.SetPosition)
    i.SetSysClock                            0x08003284   Section        0  system_stm32f10x.o(i.SetSysClock)
    SetSysClock                              0x08003285   Thumb Code   110  system_stm32f10x.o(i.SetSysClock)
    i.Start_Motor_S                          0x080032fc   Section        0  motor.o(i.Start_Motor_S)
    i.Stopnow_Detected                       0x0800336c   Section        0  main.o(i.Stopnow_Detected)
    i.Stopnow_Detected_Init                  0x08003378   Section        0  main.o(i.Stopnow_Detected_Init)
    i.Switch_Auto_Manual_Drivecar_Detected_Init 0x08003394   Section        0  main.o(i.Switch_Auto_Manual_Drivecar_Detected_Init)
    i.SysTick_Handler                        0x080033b0   Section        0  stm32f1xx_it.o(i.SysTick_Handler)
    i.SystemCoreClockUpdate                  0x080033e8   Section        0  system_stm32f10x.o(i.SystemCoreClockUpdate)
    i.SystemInit                             0x08003464   Section        0  system_stm32f10x.o(i.SystemInit)
    i.TIM4_IRQHandler                        0x080034b4   Section        0  motor_it.o(i.TIM4_IRQHandler)
    i.TIMX_UP_IRQHandler_S                   0x08003524   Section        0  motor_it.o(i.TIMX_UP_IRQHandler_S)
    i.TIM_ClearFlag                          0x08003684   Section        0  stm32f10x_tim.o(i.TIM_ClearFlag)
    i.TIM_ClearITPendingBit                  0x0800368a   Section        0  stm32f10x_tim.o(i.TIM_ClearITPendingBit)
    i.TIM_Cmd                                0x08003690   Section        0  stm32f10x_tim.o(i.TIM_Cmd)
    i.TIM_CtrlPWMOutputs                     0x080036a8   Section        0  stm32f10x_tim.o(i.TIM_CtrlPWMOutputs)
    i.TIM_GetITStatus                        0x080036c4   Section        0  stm32f10x_tim.o(i.TIM_GetITStatus)
    i.TIM_ITConfig                           0x080036dc   Section        0  stm32f10x_tim.o(i.TIM_ITConfig)
    i.TIM_OC1Init                            0x080036f0   Section        0  stm32f10x_tim.o(i.TIM_OC1Init)
    i.TIM_OC2Init                            0x08003778   Section        0  stm32f10x_tim.o(i.TIM_OC2Init)
    i.TIM_OC3Init                            0x08003800   Section        0  stm32f10x_tim.o(i.TIM_OC3Init)
    i.TIM_TimeBaseInit                       0x08003884   Section        0  stm32f10x_tim.o(i.TIM_TimeBaseInit)
    i.TaskStart                              0x08003920   Section        0  main.o(i.TaskStart)
    i.USART1_IRQHandler                      0x080039a0   Section        0  stm32f1xx_it.o(i.USART1_IRQHandler)
    i.USART_ClearITPendingBit                0x08003adc   Section        0  stm32f10x_usart.o(i.USART_ClearITPendingBit)
    i.USART_Cmd                              0x08003aec   Section        0  stm32f10x_usart.o(i.USART_Cmd)
    i.USART_GetFlagStatus                    0x08003b04   Section        0  stm32f10x_usart.o(i.USART_GetFlagStatus)
    i.USART_GetITStatus                      0x08003b12   Section        0  stm32f10x_usart.o(i.USART_GetITStatus)
    i.USART_ITConfig                         0x08003b52   Section        0  stm32f10x_usart.o(i.USART_ITConfig)
    i.USART_Init                             0x08003b88   Section        0  stm32f10x_usart.o(i.USART_Init)
    i.USART_ReceiveData                      0x08003c44   Section        0  stm32f10x_usart.o(i.USART_ReceiveData)
    i.USART_SendData                         0x08003c4c   Section        0  stm32f10x_usart.o(i.USART_SendData)
    i.UsageFault_Handler                     0x08003c54   Section        0  stm32f1xx_it.o(i.UsageFault_Handler)
    i.__0printf$1                            0x08003c58   Section        0  printf1.o(i.__0printf$1)
    i.__0sprintf$1                           0x08003c78   Section        0  printf1.o(i.__0sprintf$1)
    i.__aeabi_errno_addr                     0x08003ca0   Section        0  errno.o(i.__aeabi_errno_addr)
    i.__scatterload_copy                     0x08003ca8   Section       14  handlers.o(i.__scatterload_copy)
    i.__scatterload_null                     0x08003cb6   Section        2  handlers.o(i.__scatterload_null)
    i.__scatterload_zeroinit                 0x08003cb8   Section       14  handlers.o(i.__scatterload_zeroinit)
    i._printf_core                           0x08003cc8   Section        0  printf1.o(i._printf_core)
    _printf_core                             0x08003cc9   Thumb Code   336  printf1.o(i._printf_core)
    i._sputc                                 0x08003e1c   Section        0  printf1.o(i._sputc)
    _sputc                                   0x08003e1d   Thumb Code    10  printf1.o(i._sputc)
    i.anglequeue_dequeue                     0x08003e28   Section        0  anglequeue.o(i.anglequeue_dequeue)
    i.anglequeue_enqueue                     0x08003e68   Section        0  anglequeue.o(i.anglequeue_enqueue)
    i.anglequeue_is_empty                    0x08003ea8   Section        0  anglequeue.o(i.anglequeue_is_empty)
    i.anglequeue_is_full                     0x08003ebc   Section        0  anglequeue.o(i.anglequeue_is_full)
    i.filter                                 0x08003ee0   Section        0  throttle.o(i.filter)
    i.fputc                                  0x08003f18   Section        0  main.o(i.fputc)
    i.main                                   0x08003f3c   Section        0  main.o(i.main)
    i.speedqueue_dequeue                     0x08004278   Section        0  speedqueue.o(i.speedqueue_dequeue)
    i.speedqueue_enqueue                     0x080042b0   Section        0  speedqueue.o(i.speedqueue_enqueue)
    i.speedqueue_is_empty                    0x080042e4   Section        0  speedqueue.o(i.speedqueue_is_empty)
    i.speedqueue_is_full                     0x080042f8   Section        0  speedqueue.o(i.speedqueue_is_full)
    i.time_tick_active                       0x0800431c   Section        0  speed.o(i.time_tick_active)
    .constdata                               0x080045b4   Section       32  stm32f103rb_nucleo_eval.o(.constdata)
    .constdata                               0x080045d4   Section      264  os_core.o(.constdata)
    .constdata                               0x080046dc   Section      129  ctype_o.o(.constdata)
    .constdata                               0x08004760   Section        4  ctype_o.o(.constdata)
    table                                    0x08004760   Data           4  ctype_o.o(.constdata)
    .data                                    0x20000000   Section       20  stm32f10x_rcc.o(.data)
    ADCPrescTable                            0x20000000   Data           4  stm32f10x_rcc.o(.data)
    APBAHBPrescTable                         0x20000004   Data          16  stm32f10x_rcc.o(.data)
    .data                                    0x20000014   Section       20  system_stm32f10x.o(.data)
    .data                                    0x20000028   Section       24  stm32f103rb_nucleo_eval.o(.data)
    .data                                    0x20000040   Section       24  stm32f1xx_it.o(.data)
    Flag                                     0x20000041   Data           1  stm32f1xx_it.o(.data)
    i                                        0x20000042   Data           1  stm32f1xx_it.o(.data)
    Res                                      0x20000044   Data           1  stm32f1xx_it.o(.data)
    SpeedType                                0x2000004c   Data           4  stm32f1xx_it.o(.data)
    AngleType                                0x20000050   Data           8  stm32f1xx_it.o(.data)
    .data                                    0x20000058   Section       24  main.o(.data)
    Index                                    0x20000058   Data           1  main.o(.data)
    state                                    0x20000061   Data           1  main.o(.data)
    state                                    0x20000062   Data           1  main.o(.data)
    TimingDelay                              0x20000068   Data           4  main.o(.data)
    .data                                    0x20000070   Section       24  speed.o(.data)
    DutycycleL                               0x20000070   Data           1  speed.o(.data)
    DutycycleR                               0x20000071   Data           1  speed.o(.data)
    Control_Direction                        0x20000072   Data           1  speed.o(.data)
    Machine_Direction_Switch_Flag            0x20000074   Data           1  speed.o(.data)
    SlowStopFlag                             0x20000075   Data           1  speed.o(.data)
    Angle                                    0x2000007a   Data           2  speed.o(.data)
    speedtemp                                0x2000007c   Data           4  speed.o(.data)
    angletemp                                0x20000080   Data           8  speed.o(.data)
    .data                                    0x20000088   Section        8  anglequeue.o(.data)
    front                                    0x20000088   Data           4  anglequeue.o(.data)
    tail                                     0x2000008c   Data           4  anglequeue.o(.data)
    .data                                    0x20000090   Section        8  speedqueue.o(.data)
    front                                    0x20000090   Data           4  speedqueue.o(.data)
    tail                                     0x20000094   Data           4  speedqueue.o(.data)
    .data                                    0x20000098   Section       16  throttle.o(.data)
    .data                                    0x200000a8   Section        4  break.o(.data)
    .data                                    0x200000ac   Section       52  os_core.o(.data)
    .data                                    0x200000e0   Section        4  os_core.o(.data)
    .data                                    0x200000e4   Section        4  os_core.o(.data)
    .data                                    0x200000e8   Section        4  os_core.o(.data)
    .data                                    0x200000ec   Section        4  os_cpu_c.o(.data)
    .data                                    0x200000f0   Section        4  stdout.o(.data)
    .data                                    0x200000f4   Section        4  errno.o(.data)
    _errno                                   0x200000f4   Data           4  errno.o(.data)
    .bss                                     0x200000f8   Section       40  stm32f1xx_it.o(.bss)
    RecvBuf                                  0x200000f8   Data          40  stm32f1xx_it.o(.bss)
    .bss                                     0x20000120   Section     3092  main.o(.bss)
    .bss                                     0x20000d38   Section       88  main.o(.bss)
    .bss                                     0x20000d90   Section     1600  anglequeue.o(.bss)
    Queue                                    0x20000d90   Data        1600  anglequeue.o(.bss)
    .bss                                     0x200013d0   Section      400  speedqueue.o(.bss)
    Queue                                    0x200013d0   Data         400  speedqueue.o(.bss)
    .bss                                     0x20001560   Section     2244  motor.o(.bss)
    .bss                                     0x20001e24   Section     1776  os_core.o(.bss)
    .bss                                     0x20002514   Section       60  os_core.o(.bss)
    .bss                                     0x20002550   Section      100  os_core.o(.bss)
    .bss                                     0x200025b4   Section       48  os_core.o(.bss)
    STACK                                    0x200025e8   Section     1024  startup_stm32f10x_hd.o(STACK)

    Global Symbols

    Symbol Name                              Value     Ov Type        Size  Object(Section)

    BuildAttributes$$THM_ISAv4$P$D$K$B$S$PE$A:L22UL41UL21$X:L11$S22US41US21$IEEE1$IW$USESV6$~STKCKD$USESV7$~SHL$OTIME$ROPI$EBA8$MICROLIB$REQ8$PRES8$EABIv2 0x00000000   Number         0  anon$$obj.o ABSOLUTE
    __ARM_use_no_argv                        0x00000000   Number         0  main.o ABSOLUTE
    _printf_a                                0x00000000   Number         0  stubs.o ABSOLUTE
    _printf_c                                0x00000000   Number         0  stubs.o ABSOLUTE
    _printf_charcount                        0x00000000   Number         0  stubs.o ABSOLUTE
    _printf_d                                0x00000000   Number         0  stubs.o ABSOLUTE
    _printf_e                                0x00000000   Number         0  stubs.o ABSOLUTE
    _printf_f                                0x00000000   Number         0  stubs.o ABSOLUTE
    _printf_flags                            0x00000000   Number         0  stubs.o ABSOLUTE
    _printf_fp_dec                           0x00000000   Number         0  stubs.o ABSOLUTE
    _printf_fp_hex                           0x00000000   Number         0  stubs.o ABSOLUTE
    _printf_g                                0x00000000   Number         0  stubs.o ABSOLUTE
    _printf_i                                0x00000000   Number         0  stubs.o ABSOLUTE
    _printf_int_dec                          0x00000000   Number         0  stubs.o ABSOLUTE
    _printf_l                                0x00000000   Number         0  stubs.o ABSOLUTE
    _printf_lc                               0x00000000   Number         0  stubs.o ABSOLUTE
    _printf_ll                               0x00000000   Number         0  stubs.o ABSOLUTE
    _printf_lld                              0x00000000   Number         0  stubs.o ABSOLUTE
    _printf_lli                              0x00000000   Number         0  stubs.o ABSOLUTE
    _printf_llo                              0x00000000   Number         0  stubs.o ABSOLUTE
    _printf_llu                              0x00000000   Number         0  stubs.o ABSOLUTE
    _printf_llx                              0x00000000   Number         0  stubs.o ABSOLUTE
    _printf_longlong_dec                     0x00000000   Number         0  stubs.o ABSOLUTE
    _printf_longlong_hex                     0x00000000   Number         0  stubs.o ABSOLUTE
    _printf_longlong_oct                     0x00000000   Number         0  stubs.o ABSOLUTE
    _printf_ls                               0x00000000   Number         0  stubs.o ABSOLUTE
    _printf_mbtowc                           0x00000000   Number         0  stubs.o ABSOLUTE
    _printf_n                                0x00000000   Number         0  stubs.o ABSOLUTE
    _printf_o                                0x00000000   Number         0  stubs.o ABSOLUTE
    _printf_p                                0x00000000   Number         0  stubs.o ABSOLUTE
    _printf_percent                          0x00000000   Number         0  stubs.o ABSOLUTE
    _printf_pre_padding                      0x00000000   Number         0  stubs.o ABSOLUTE
    _printf_return_value                     0x00000000   Number         0  stubs.o ABSOLUTE
    _printf_s                                0x00000000   Number         0  stubs.o ABSOLUTE
    _printf_sizespec                         0x00000000   Number         0  stubs.o ABSOLUTE
    _printf_str                              0x00000000   Number         0  stubs.o ABSOLUTE
    _printf_truncate_signed                  0x00000000   Number         0  stubs.o ABSOLUTE
    _printf_truncate_unsigned                0x00000000   Number         0  stubs.o ABSOLUTE
    _printf_u                                0x00000000   Number         0  stubs.o ABSOLUTE
    _printf_wc                               0x00000000   Number         0  stubs.o ABSOLUTE
    _printf_wctomb                           0x00000000   Number         0  stubs.o ABSOLUTE
    _printf_widthprec                        0x00000000   Number         0  stubs.o ABSOLUTE
    _printf_x                                0x00000000   Number         0  stubs.o ABSOLUTE
    __cpp_initialize__aeabi_                  - Undefined Weak Reference
    __cxa_finalize                            - Undefined Weak Reference
    __decompress                              - Undefined Weak Reference
    _clock_init                               - Undefined Weak Reference
    _microlib_exit                            - Undefined Weak Reference
    __Vectors_Size                           0x00000130   Number         0  startup_stm32f10x_hd.o ABSOLUTE
    __Vectors                                0x08000000   Data           4  startup_stm32f10x_hd.o(RESET)
    __Vectors_End                            0x08000130   Data           0  startup_stm32f10x_hd.o(RESET)
    __main                                   0x08000131   Thumb Code     0  entry.o(.ARM.Collect$$$$00000000)
    _main_stk                                0x08000131   Thumb Code     0  entry2.o(.ARM.Collect$$$$00000001)
    _main_scatterload                        0x08000135   Thumb Code     0  entry5.o(.ARM.Collect$$$$00000004)
    __main_after_scatterload                 0x08000139   Thumb Code     0  entry5.o(.ARM.Collect$$$$00000004)
    _main_clock                              0x08000139   Thumb Code     0  entry7b.o(.ARM.Collect$$$$00000008)
    _main_cpp_init                           0x08000139   Thumb Code     0  entry8b.o(.ARM.Collect$$$$0000000A)
    _main_init                               0x08000139   Thumb Code     0  entry9a.o(.ARM.Collect$$$$0000000B)
    __rt_final_cpp                           0x08000141   Thumb Code     0  entry10a.o(.ARM.Collect$$$$0000000D)
    __rt_final_exit                          0x08000141   Thumb Code     0  entry11a.o(.ARM.Collect$$$$0000000F)
    Reset_Handler                            0x08000145   Thumb Code     8  startup_stm32f10x_hd.o(.text)
    ADC1_2_IRQHandler                        0x0800015f   Thumb Code     0  startup_stm32f10x_hd.o(.text)
    ADC3_IRQHandler                          0x0800015f   Thumb Code     0  startup_stm32f10x_hd.o(.text)
    CAN1_RX1_IRQHandler                      0x0800015f   Thumb Code     0  startup_stm32f10x_hd.o(.text)
    CAN1_SCE_IRQHandler                      0x0800015f   Thumb Code     0  startup_stm32f10x_hd.o(.text)
    DMA1_Channel1_IRQHandler                 0x0800015f   Thumb Code     0  startup_stm32f10x_hd.o(.text)
    DMA1_Channel2_IRQHandler                 0x0800015f   Thumb Code     0  startup_stm32f10x_hd.o(.text)
    DMA1_Channel3_IRQHandler                 0x0800015f   Thumb Code     0  startup_stm32f10x_hd.o(.text)
    DMA1_Channel4_IRQHandler                 0x0800015f   Thumb Code     0  startup_stm32f10x_hd.o(.text)
    DMA1_Channel5_IRQHandler                 0x0800015f   Thumb Code     0  startup_stm32f10x_hd.o(.text)
    DMA1_Channel6_IRQHandler                 0x0800015f   Thumb Code     0  startup_stm32f10x_hd.o(.text)
    DMA1_Channel7_IRQHandler                 0x0800015f   Thumb Code     0  startup_stm32f10x_hd.o(.text)
    DMA2_Channel1_IRQHandler                 0x0800015f   Thumb Code     0  startup_stm32f10x_hd.o(.text)
    DMA2_Channel2_IRQHandler                 0x0800015f   Thumb Code     0  startup_stm32f10x_hd.o(.text)
    DMA2_Channel3_IRQHandler                 0x0800015f   Thumb Code     0  startup_stm32f10x_hd.o(.text)
    DMA2_Channel4_5_IRQHandler               0x0800015f   Thumb Code     0  startup_stm32f10x_hd.o(.text)
    EXTI0_IRQHandler                         0x0800015f   Thumb Code     0  startup_stm32f10x_hd.o(.text)
    EXTI1_IRQHandler                         0x0800015f   Thumb Code     0  startup_stm32f10x_hd.o(.text)
    EXTI3_IRQHandler                         0x0800015f   Thumb Code     0  startup_stm32f10x_hd.o(.text)
    EXTI4_IRQHandler                         0x0800015f   Thumb Code     0  startup_stm32f10x_hd.o(.text)
    FLASH_IRQHandler                         0x0800015f   Thumb Code     0  startup_stm32f10x_hd.o(.text)
    FSMC_IRQHandler                          0x0800015f   Thumb Code     0  startup_stm32f10x_hd.o(.text)
    I2C1_ER_IRQHandler                       0x0800015f   Thumb Code     0  startup_stm32f10x_hd.o(.text)
    I2C1_EV_IRQHandler                       0x0800015f   Thumb Code     0  startup_stm32f10x_hd.o(.text)
    I2C2_ER_IRQHandler                       0x0800015f   Thumb Code     0  startup_stm32f10x_hd.o(.text)
    I2C2_EV_IRQHandler                       0x0800015f   Thumb Code     0  startup_stm32f10x_hd.o(.text)
    PVD_IRQHandler                           0x0800015f   Thumb Code     0  startup_stm32f10x_hd.o(.text)
    RCC_IRQHandler                           0x0800015f   Thumb Code     0  startup_stm32f10x_hd.o(.text)
    RTCAlarm_IRQHandler                      0x0800015f   Thumb Code     0  startup_stm32f10x_hd.o(.text)
    RTC_IRQHandler                           0x0800015f   Thumb Code     0  startup_stm32f10x_hd.o(.text)
    SDIO_IRQHandler                          0x0800015f   Thumb Code     0  startup_stm32f10x_hd.o(.text)
    SPI1_IRQHandler                          0x0800015f   Thumb Code     0  startup_stm32f10x_hd.o(.text)
    SPI2_IRQHandler                          0x0800015f   Thumb Code     0  startup_stm32f10x_hd.o(.text)
    SPI3_IRQHandler                          0x0800015f   Thumb Code     0  startup_stm32f10x_hd.o(.text)
    TAMPER_IRQHandler                        0x0800015f   Thumb Code     0  startup_stm32f10x_hd.o(.text)
    TIM1_BRK_IRQHandler                      0x0800015f   Thumb Code     0  startup_stm32f10x_hd.o(.text)
    TIM1_CC_IRQHandler                       0x0800015f   Thumb Code     0  startup_stm32f10x_hd.o(.text)
    TIM1_TRG_COM_IRQHandler                  0x0800015f   Thumb Code     0  startup_stm32f10x_hd.o(.text)
    TIM1_UP_IRQHandler                       0x0800015f   Thumb Code     0  startup_stm32f10x_hd.o(.text)
    TIM2_IRQHandler                          0x0800015f   Thumb Code     0  startup_stm32f10x_hd.o(.text)
    TIM3_IRQHandler                          0x0800015f   Thumb Code     0  startup_stm32f10x_hd.o(.text)
    TIM5_IRQHandler                          0x0800015f   Thumb Code     0  startup_stm32f10x_hd.o(.text)
    TIM6_IRQHandler                          0x0800015f   Thumb Code     0  startup_stm32f10x_hd.o(.text)
    TIM7_IRQHandler                          0x0800015f   Thumb Code     0  startup_stm32f10x_hd.o(.text)
    TIM8_BRK_IRQHandler                      0x0800015f   Thumb Code     0  startup_stm32f10x_hd.o(.text)
    TIM8_CC_IRQHandler                       0x0800015f   Thumb Code     0  startup_stm32f10x_hd.o(.text)
    TIM8_TRG_COM_IRQHandler                  0x0800015f   Thumb Code     0  startup_stm32f10x_hd.o(.text)
    TIM8_UP_IRQHandler                       0x0800015f   Thumb Code     0  startup_stm32f10x_hd.o(.text)
    UART4_IRQHandler                         0x0800015f   Thumb Code     0  startup_stm32f10x_hd.o(.text)
    UART5_IRQHandler                         0x0800015f   Thumb Code     0  startup_stm32f10x_hd.o(.text)
    USART2_IRQHandler                        0x0800015f   Thumb Code     0  startup_stm32f10x_hd.o(.text)
    USART3_IRQHandler                        0x0800015f   Thumb Code     0  startup_stm32f10x_hd.o(.text)
    USBWakeUp_IRQHandler                     0x0800015f   Thumb Code     0  startup_stm32f10x_hd.o(.text)
    USB_HP_CAN1_TX_IRQHandler                0x0800015f   Thumb Code     0  startup_stm32f10x_hd.o(.text)
    USB_LP_CAN1_RX0_IRQHandler               0x0800015f   Thumb Code     0  startup_stm32f10x_hd.o(.text)
    WWDG_IRQHandler                          0x0800015f   Thumb Code     0  startup_stm32f10x_hd.o(.text)
    OS_ENTER_CRITICAL                        0x08000169   Thumb Code     0  os_cpu_a.o(.text)
    OS_EXIT_CRITICAL                         0x0800017b   Thumb Code     0  os_cpu_a.o(.text)
    OSStartHighRdy                           0x08000197   Thumb Code     0  os_cpu_a.o(.text)
    OSCtxSw                                  0x080001b9   Thumb Code     0  os_cpu_a.o(.text)
    OSIntCtxSw                               0x080001c7   Thumb Code     0  os_cpu_a.o(.text)
    PendSV_Handler                           0x080001d7   Thumb Code     0  os_cpu_a.o(.text)
    ItDisAll                                 0x08000219   Thumb Code     0  os_cpu_a.o(.text)
    __aeabi_memset                           0x08000245   Thumb Code    14  memseta.o(.text)
    __aeabi_memset4                          0x08000245   Thumb Code     0  memseta.o(.text)
    __aeabi_memset8                          0x08000245   Thumb Code     0  memseta.o(.text)
    __aeabi_memclr                           0x08000253   Thumb Code     4  memseta.o(.text)
    __aeabi_memclr4                          0x08000253   Thumb Code     0  memseta.o(.text)
    __aeabi_memclr8                          0x08000253   Thumb Code     0  memseta.o(.text)
    _memset$wrapper                          0x08000257   Thumb Code    18  memseta.o(.text)
    strchr                                   0x08000269   Thumb Code    20  strchr.o(.text)
    strcpy                                   0x0800027d   Thumb Code    18  strcpy.o(.text)
    atoi                                     0x0800028f   Thumb Code    26  atoi.o(.text)
    __aeabi_fadd                             0x080002a9   Thumb Code   164  fadd.o(.text)
    __aeabi_fsub                             0x0800034d   Thumb Code     6  fadd.o(.text)
    __aeabi_frsub                            0x08000353   Thumb Code     6  fadd.o(.text)
    __aeabi_fmul                             0x08000359   Thumb Code   100  fmul.o(.text)
    __aeabi_fdiv                             0x080003bd   Thumb Code   124  fdiv.o(.text)
    __aeabi_dadd                             0x08000439   Thumb Code   322  dadd.o(.text)
    __aeabi_dsub                             0x0800057b   Thumb Code     6  dadd.o(.text)
    __aeabi_drsub                            0x08000581   Thumb Code     6  dadd.o(.text)
    __aeabi_dmul                             0x08000587   Thumb Code   228  dmul.o(.text)
    __aeabi_ddiv                             0x0800066b   Thumb Code   222  ddiv.o(.text)
    __ARM_scalbn                             0x08000749   Thumb Code    46  dscalb.o(.text)
    scalbn                                   0x08000749   Thumb Code     0  dscalb.o(.text)
    __aeabi_i2f                              0x08000777   Thumb Code    18  fflti.o(.text)
    __aeabi_ui2d                             0x08000789   Thumb Code    26  dfltui.o(.text)
    __aeabi_f2uiz                            0x080007a3   Thumb Code    40  ffixui.o(.text)
    __aeabi_d2uiz                            0x080007cb   Thumb Code    50  dfixui.o(.text)
    __aeabi_f2d                              0x080007fd   Thumb Code    38  f2d.o(.text)
    __aeabi_d2f                              0x08000823   Thumb Code    56  d2f.o(.text)
    __aeabi_cfcmpeq                          0x0800085d   Thumb Code     0  cfcmple.o(.text)
    __aeabi_cfcmple                          0x0800085d   Thumb Code    20  cfcmple.o(.text)
    __aeabi_cfrcmple                         0x08000871   Thumb Code    20  cfrcmple.o(.text)
    __aeabi_uidiv                            0x08000885   Thumb Code     0  uidiv.o(.text)
    __aeabi_uidivmod                         0x08000885   Thumb Code    44  uidiv.o(.text)
    __aeabi_llsl                             0x080008b1   Thumb Code    30  llshl.o(.text)
    _ll_shift_l                              0x080008b1   Thumb Code     0  llshl.o(.text)
    __aeabi_llsr                             0x080008cf   Thumb Code    32  llushr.o(.text)
    _ll_ushift_r                             0x080008cf   Thumb Code     0  llushr.o(.text)
    __aeabi_lasr                             0x080008ef   Thumb Code    36  llsshr.o(.text)
    _ll_sshift_r                             0x080008ef   Thumb Code     0  llsshr.o(.text)
    strtol                                   0x08000913   Thumb Code   112  strtol.o(.text)
    __I$use$fp                               0x08000983   Thumb Code     0  iusefp.o(.text)
    _float_round                             0x08000983   Thumb Code    18  fepilogue.o(.text)
    _float_epilogue                          0x08000995   Thumb Code    92  fepilogue.o(.text)
    _double_round                            0x080009f1   Thumb Code    30  depilogue.o(.text)
    _double_epilogue                         0x08000a0f   Thumb Code   156  depilogue.o(.text)
    __scatterload                            0x08000aad   Thumb Code    28  init.o(.text)
    __scatterload_rt2                        0x08000aad   Thumb Code     0  init.o(.text)
    __rt_ctype_table                         0x08000ad1   Thumb Code     4  ctype_o.o(.text)
    _strtoul                                 0x08000ad9   Thumb Code   158  _strtoul.o(.text)
    _chval                                   0x08000b77   Thumb Code    28  _chval.o(.text)
    ADC_Cmd                                  0x08000b93   Thumb Code    24  stm32f10x_adc.o(i.ADC_Cmd)
    ADC_DMACmd                               0x08000bab   Thumb Code    24  stm32f10x_adc.o(i.ADC_DMACmd)
    ADC_DeInit                               0x08000bc5   Thumb Code    88  stm32f10x_adc.o(i.ADC_DeInit)
    ADC_GetCalibrationStatus                 0x08000c29   Thumb Code    14  stm32f10x_adc.o(i.ADC_GetCalibrationStatus)
    ADC_GetResetCalibrationStatus            0x08000c37   Thumb Code    14  stm32f10x_adc.o(i.ADC_GetResetCalibrationStatus)
    ADC_Init                                 0x08000c45   Thumb Code    62  stm32f10x_adc.o(i.ADC_Init)
    ADC_RegularChannelConfig                 0x08000c8d   Thumb Code   116  stm32f10x_adc.o(i.ADC_RegularChannelConfig)
    ADC_ResetCalibration                     0x08000d01   Thumb Code    10  stm32f10x_adc.o(i.ADC_ResetCalibration)
    ADC_SoftwareStartConvCmd                 0x08000d0b   Thumb Code    24  stm32f10x_adc.o(i.ADC_SoftwareStartConvCmd)
    ADC_StartCalibration                     0x08000d23   Thumb Code    10  stm32f10x_adc.o(i.ADC_StartCalibration)
    Ahead_Light_Power_Init                   0x08000d2d   Thumb Code    32  main.o(i.Ahead_Light_Power_Init)
    Ahead_Light_Power_On                     0x08000d51   Thumb Code    10  main.o(i.Ahead_Light_Power_On)
    Aheadmotor_Power_Init                    0x08000d61   Thumb Code    40  main.o(i.Aheadmotor_Power_Init)
    Aheadmotor_Power_On                      0x08000d8d   Thumb Code    10  main.o(i.Aheadmotor_Power_On)
    BOX_TASK                                 0x08000d9d   Thumb Code   622  main.o(i.BOX_TASK)
    Backmotor_Power_Init                     0x08001019   Thumb Code    40  main.o(i.Backmotor_Power_Init)
    Backmotor_Power_On                       0x08001045   Thumb Code    10  main.o(i.Backmotor_Power_On)
    BusFault_Handler                         0x08001055   Thumb Code     2  stm32f1xx_it.o(i.BusFault_Handler)
    CalcMotorPeriStep_CPF                    0x08001059   Thumb Code   418  motor.o(i.CalcMotorPeriStep_CPF)
    Car_Forward_Back_Detected                0x08001209   Thumb Code     8  main.o(i.Car_Forward_Back_Detected)
    Car_Forward_Back_Detected_Init           0x08001215   Thumb Code    24  main.o(i.Car_Forward_Back_Detected_Init)
    Close_Car_Lid_Detected                   0x08001231   Thumb Code     8  main.o(i.Close_Car_Lid_Detected)
    Close_Car_Lid_Detected_Init              0x0800123d   Thumb Code    24  main.o(i.Close_Car_Lid_Detected_Init)
    DMA_Cmd                                  0x08001259   Thumb Code    26  stm32f10x_dma.o(i.DMA_Cmd)
    DMA_DeInit                               0x08001275   Thumb Code   238  stm32f10x_dma.o(i.DMA_DeInit)
    DMA_Init                                 0x0800136d   Thumb Code    58  stm32f10x_dma.o(i.DMA_Init)
    DebugMon_Handler                         0x080013a7   Thumb Code     2  stm32f1xx_it.o(i.DebugMon_Handler)
    Detected_Car_Lid                         0x080013a9   Thumb Code     8  main.o(i.Detected_Car_Lid)
    Detected_Car_Lid_Init                    0x080013b5   Thumb Code    24  main.o(i.Detected_Car_Lid_Init)
    Detected_Carbreak_Detected               0x080013d1   Thumb Code     8  main.o(i.Detected_Carbreak_Detected)
    Detected_Carbreak_Detected_Init          0x080013dd   Thumb Code    24  main.o(i.Detected_Carbreak_Detected_Init)
    Detected_Rain_Init                       0x080013f9   Thumb Code    32  main.o(i.Detected_Rain_Init)
    EXTI15_10_IRQHandler                     0x0800141d   Thumb Code    54  throttle.o(i.EXTI15_10_IRQHandler)
    EXTI2_IRQHandler                         0x0800145d   Thumb Code    24  stm32f1xx_it.o(i.EXTI2_IRQHandler)
    EXTI9_5_IRQHandler                       0x08001475   Thumb Code    86  break.o(i.EXTI9_5_IRQHandler)
    EXTI_ClearITPendingBit                   0x080014d9   Thumb Code     6  stm32f10x_exti.o(i.EXTI_ClearITPendingBit)
    EXTI_GetITStatus                         0x080014e5   Thumb Code    28  stm32f10x_exti.o(i.EXTI_GetITStatus)
    Electric_Push_Rod_Down                   0x08001505   Thumb Code    28  main.o(i.Electric_Push_Rod_Down)
    Electric_Push_Rod_Init                   0x08001525   Thumb Code   110  main.o(i.Electric_Push_Rod_Init)
    Electric_Push_Rod_Stop                   0x0800159d   Thumb Code    28  main.o(i.Electric_Push_Rod_Stop)
    Electric_Push_Rod_Up                     0x080015bd   Thumb Code    28  main.o(i.Electric_Push_Rod_Up)
    EmergencyStop_Task                       0x080015dd   Thumb Code   120  main.o(i.EmergencyStop_Task)
    Front_Motor_ResetTASK                    0x0800166d   Thumb Code   424  main.o(i.Front_Motor_ResetTASK)
    GPIO_Init                                0x08001829   Thumb Code   166  stm32f10x_gpio.o(i.GPIO_Init)
    GPIO_ReadInputDataBit                    0x080018cf   Thumb Code    14  stm32f10x_gpio.o(i.GPIO_ReadInputDataBit)
    GPIO_ResetBits                           0x080018dd   Thumb Code     4  stm32f10x_gpio.o(i.GPIO_ResetBits)
    GPIO_SetBits                             0x080018e1   Thumb Code     4  stm32f10x_gpio.o(i.GPIO_SetBits)
    GetFreAtTime                             0x080018e5   Thumb Code   480  motor.o(i.GetFreAtTime)
    Get_TimeCost_ReverDot_S                  0x08001ac5   Thumb Code   374  motor.o(i.Get_TimeCost_ReverDot_S)
    HardFault_Handler                        0x08001c41   Thumb Code     8  stm32f1xx_it.o(i.HardFault_Handler)
    Initial_Motor                            0x08001c59   Thumb Code   154  motor.o(i.Initial_Motor)
    MIC_Motor_Close_Detected                 0x08001d01   Thumb Code     8  main.o(i.MIC_Motor_Close_Detected)
    MIC_Motor_Close_Detected_Init            0x08001d0d   Thumb Code    32  main.o(i.MIC_Motor_Close_Detected_Init)
    MIC_Motor_Init                           0x08001d31   Thumb Code    62  main.o(i.MIC_Motor_Init)
    MIC_Motor_Run                            0x08001d79   Thumb Code    10  main.o(i.MIC_Motor_Run)
    MIC_Motor_Stop                           0x08001d89   Thumb Code    10  main.o(i.MIC_Motor_Stop)
    Machine_Adc_Init                         0x08001d99   Thumb Code   342  throttle.o(i.Machine_Adc_Init)
    Machine_Break                            0x08001f05   Thumb Code    24  main.o(i.Machine_Break)
    Machine_Break_Init                       0x08001f21   Thumb Code    46  main.o(i.Machine_Break_Init)
    Machine_Direction_Switch                 0x08001f55   Thumb Code    60  main.o(i.Machine_Direction_Switch)
    Machine_Diretion_Init                    0x08001f95   Thumb Code    44  main.o(i.Machine_Diretion_Init)
    Machine_Disable                          0x08001fc5   Thumb Code    24  main.o(i.Machine_Disable)
    Machine_Enable                           0x08001fe1   Thumb Code    24  main.o(i.Machine_Enable)
    Machine_Enable_Init                      0x08001ffd   Thumb Code    46  main.o(i.Machine_Enable_Init)
    Machine_Front_Motor_Angle_Control        0x08002031   Thumb Code    48  main.o(i.Machine_Front_Motor_Angle_Control)
    Machine_Front_Motor_Directon_Control     0x08002065   Thumb Code    22  main.o(i.Machine_Front_Motor_Directon_Control)
    Machine_Front_Motor_Dirtion_Init         0x08002081   Thumb Code    32  main.o(i.Machine_Front_Motor_Dirtion_Init)
    Machine_Front_Motor_Enable_Or_Disable_Init 0x080020a5   Thumb Code    32  main.o(i.Machine_Front_Motor_Enable_Or_Disable_Init)
    Machine_Front_Motor_Enable_or_Disable    0x080020c9   Thumb Code    22  main.o(i.Machine_Front_Motor_Enable_or_Disable)
    Machine_Nobreak                          0x080020e5   Thumb Code    24  main.o(i.Machine_Nobreak)
    Machine_Speed_Set                        0x08002101   Thumb Code    46  main.o(i.Machine_Speed_Set)
    MemManage_Handler                        0x08002139   Thumb Code     2  stm32f1xx_it.o(i.MemManage_Handler)
    Middle_Motor_Init                        0x08002185   Thumb Code    92  main.o(i.Middle_Motor_Init)
    MotorRunParaInitial                      0x0800221d   Thumb Code    82  motor.o(i.MotorRunParaInitial)
    Motor_Reinitial                          0x080022a1   Thumb Code   312  motor.o(i.Motor_Reinitial)
    NMI_Handler                              0x080023e1   Thumb Code     2  stm32f1xx_it.o(i.NMI_Handler)
    NVIC_Init                                0x080023e5   Thumb Code    96  misc.o(i.NVIC_Init)
    NVIC_PriorityGroupConfig                 0x08002449   Thumb Code    10  misc.o(i.NVIC_PriorityGroupConfig)
    OSInit                                   0x0800245d   Thumb Code    50  os_core.o(i.OSInit)
    OSInitHookBegin                          0x0800248f   Thumb Code     2  os_cpu_c.o(i.OSInitHookBegin)
    OSInitHookEnd                            0x08002491   Thumb Code     2  os_cpu_c.o(i.OSInitHookEnd)
    OSIntEnter                               0x08002495   Thumb Code    20  os_core.o(i.OSIntEnter)
    OSIntExit                                0x080024ad   Thumb Code    88  os_core.o(i.OSIntExit)
    OSSchedLock                              0x08002511   Thumb Code    34  os_core.o(i.OSSchedLock)
    OSSchedUnlock                            0x08002539   Thumb Code    60  os_core.o(i.OSSchedUnlock)
    OSSemCreate                              0x08002579   Thumb Code    56  os_sem.o(i.OSSemCreate)
    OSSemPend                                0x080025b9   Thumb Code   144  os_sem.o(i.OSSemPend)
    OSSemPost                                0x08002651   Thumb Code    82  os_sem.o(i.OSSemPost)
    OSSemQuery                               0x080026a3   Thumb Code    56  os_sem.o(i.OSSemQuery)
    OSStart                                  0x080026dd   Thumb Code    48  os_core.o(i.OSStart)
    OSTCBInitHook                            0x08002719   Thumb Code     2  os_cpu_c.o(i.OSTCBInitHook)
    OSTaskCreate                             0x0800271d   Thumb Code   134  os_task.o(i.OSTaskCreate)
    OSTaskCreateExt                          0x080027b1   Thumb Code   164  os_task.o(i.OSTaskCreateExt)
    OSTaskCreateHook                         0x08002861   Thumb Code     2  os_cpu_c.o(i.OSTaskCreateHook)
    OSTaskIdleHook                           0x08002863   Thumb Code     2  os_cpu_c.o(i.OSTaskIdleHook)
    OSTaskResume                             0x08002865   Thumb Code   106  os_task.o(i.OSTaskResume)
    OSTaskStatHook                           0x080028dd   Thumb Code     2  os_cpu_c.o(i.OSTaskStatHook)
    OSTaskStkInit                            0x080028df   Thumb Code    90  os_cpu_c.o(i.OSTaskStkInit)
    OSTaskSuspend                            0x08002939   Thumb Code   132  os_task.o(i.OSTaskSuspend)
    OSTaskSwHook                             0x080029cd   Thumb Code     2  os_cpu_c.o(i.OSTaskSwHook)
    OSTimeDly                                0x080029d1   Thumb Code    62  os_time.o(i.OSTimeDly)
    OSTimeGet                                0x08002a1d   Thumb Code    18  os_time.o(i.OSTimeGet)
    OSTimeSet                                0x08002a35   Thumb Code    20  os_time.o(i.OSTimeSet)
    OSTimeTick                               0x08002a4d   Thumb Code   106  os_core.o(i.OSTimeTick)
    OSTimeTickHook                           0x08002abd   Thumb Code     2  os_cpu_c.o(i.OSTimeTickHook)
    OS_EventTO                               0x08002ac1   Thumb Code    48  os_core.o(i.OS_EventTO)
    OS_EventTaskRdy                          0x08002af5   Thumb Code    98  os_core.o(i.OS_EventTaskRdy)
    OS_EventTaskWait                         0x08002b65   Thumb Code    68  os_core.o(i.OS_EventTaskWait)
    OS_EventWaitListInit                     0x08002bad   Thumb Code    10  os_core.o(i.OS_EventWaitListInit)
    OS_FlagInit                              0x08002bb9   Thumb Code    36  os_flag.o(i.OS_FlagInit)
    OS_MemInit                               0x08002d09   Thumb Code    54  os_mem.o(i.OS_MemInit)
    OS_QInit                                 0x08002d49   Thumb Code    34  os_q.o(i.OS_QInit)
    OS_Sched                                 0x08002d75   Thumb Code    70  os_core.o(i.OS_Sched)
    OS_TCBInit                               0x08002dc9   Thumb Code   180  os_core.o(i.OS_TCBInit)
    OS_TaskIdle                              0x08002e89   Thumb Code    22  os_core.o(i.OS_TaskIdle)
    OS_TaskStat                              0x08002ea5   Thumb Code    96  os_core.o(i.OS_TaskStat)
    Obstacle_From_Ultrasonic_Detected_Init   0x08002f09   Thumb Code    24  main.o(i.Obstacle_From_Ultrasonic_Detected_Init)
    Open_Car_Lid_Detected                    0x08002f25   Thumb Code     8  main.o(i.Open_Car_Lid_Detected)
    Open_Car_Lid_Detected_Init               0x08002f31   Thumb Code    24  main.o(i.Open_Car_Lid_Detected_Init)
    People_Seatsensor_Detected_Init          0x08002f4d   Thumb Code    24  main.o(i.People_Seatsensor_Detected_Init)
    RCC_ADCCLKConfig                         0x08002f69   Thumb Code    14  stm32f10x_rcc.o(i.RCC_ADCCLKConfig)
    RCC_AHBPeriphClockCmd                    0x08002f7d   Thumb Code    22  stm32f10x_rcc.o(i.RCC_AHBPeriphClockCmd)
    RCC_APB1PeriphClockCmd                   0x08002f99   Thumb Code    22  stm32f10x_rcc.o(i.RCC_APB1PeriphClockCmd)
    RCC_APB2PeriphClockCmd                   0x08002fb5   Thumb Code    22  stm32f10x_rcc.o(i.RCC_APB2PeriphClockCmd)
    RCC_APB2PeriphResetCmd                   0x08002fd1   Thumb Code    22  stm32f10x_rcc.o(i.RCC_APB2PeriphResetCmd)
    RCC_GetClocksFreq                        0x08002fed   Thumb Code   154  stm32f10x_rcc.o(i.RCC_GetClocksFreq)
    STM_EVAL_COMInit                         0x08003099   Thumb Code   162  stm32f103rb_nucleo_eval.o(i.STM_EVAL_COMInit)
    SVC_Handler                              0x08003149   Thumb Code     2  stm32f1xx_it.o(i.SVC_Handler)
    SendDatatoMaster                         0x0800314d   Thumb Code    36  main.o(i.SendDatatoMaster)
    Send_Task                                0x08003175   Thumb Code   126  main.o(i.Send_Task)
    SetPosition                              0x0800322d   Thumb Code    82  motor.o(i.SetPosition)
    Start_Motor_S                            0x080032fd   Thumb Code   108  motor.o(i.Start_Motor_S)
    Stopnow_Detected                         0x0800336d   Thumb Code     8  main.o(i.Stopnow_Detected)
    Stopnow_Detected_Init                    0x08003379   Thumb Code    24  main.o(i.Stopnow_Detected_Init)
    Switch_Auto_Manual_Drivecar_Detected_Init 0x08003395   Thumb Code    24  main.o(i.Switch_Auto_Manual_Drivecar_Detected_Init)
    SysTick_Handler                          0x080033b1   Thumb Code    46  stm32f1xx_it.o(i.SysTick_Handler)
    SystemCoreClockUpdate                    0x080033e9   Thumb Code   106  system_stm32f10x.o(i.SystemCoreClockUpdate)
    SystemInit                               0x08003465   Thumb Code    64  system_stm32f10x.o(i.SystemInit)
    TIM4_IRQHandler                          0x080034b5   Thumb Code    94  motor_it.o(i.TIM4_IRQHandler)
    TIMX_UP_IRQHandler_S                     0x08003525   Thumb Code   352  motor_it.o(i.TIMX_UP_IRQHandler_S)
    TIM_ClearFlag                            0x08003685   Thumb Code     6  stm32f10x_tim.o(i.TIM_ClearFlag)
    TIM_ClearITPendingBit                    0x0800368b   Thumb Code     6  stm32f10x_tim.o(i.TIM_ClearITPendingBit)
    TIM_Cmd                                  0x08003691   Thumb Code    24  stm32f10x_tim.o(i.TIM_Cmd)
    TIM_CtrlPWMOutputs                       0x080036a9   Thumb Code    28  stm32f10x_tim.o(i.TIM_CtrlPWMOutputs)
    TIM_GetITStatus                          0x080036c5   Thumb Code    24  stm32f10x_tim.o(i.TIM_GetITStatus)
    TIM_ITConfig                             0x080036dd   Thumb Code    20  stm32f10x_tim.o(i.TIM_ITConfig)
    TIM_OC1Init                              0x080036f1   Thumb Code   114  stm32f10x_tim.o(i.TIM_OC1Init)
    TIM_OC2Init                              0x08003779   Thumb Code   128  stm32f10x_tim.o(i.TIM_OC2Init)
    TIM_OC3Init                              0x08003801   Thumb Code   124  stm32f10x_tim.o(i.TIM_OC3Init)
    TIM_TimeBaseInit                         0x08003885   Thumb Code   114  stm32f10x_tim.o(i.TIM_TimeBaseInit)
    TaskStart                                0x08003921   Thumb Code    90  main.o(i.TaskStart)
    USART1_IRQHandler                        0x080039a1   Thumb Code   300  stm32f1xx_it.o(i.USART1_IRQHandler)
    USART_ClearITPendingBit                  0x08003add   Thumb Code    16  stm32f10x_usart.o(i.USART_ClearITPendingBit)
    USART_Cmd                                0x08003aed   Thumb Code    24  stm32f10x_usart.o(i.USART_Cmd)
    USART_GetFlagStatus                      0x08003b05   Thumb Code    14  stm32f10x_usart.o(i.USART_GetFlagStatus)
    USART_GetITStatus                        0x08003b13   Thumb Code    64  stm32f10x_usart.o(i.USART_GetITStatus)
    USART_ITConfig                           0x08003b53   Thumb Code    54  stm32f10x_usart.o(i.USART_ITConfig)
    USART_Init                               0x08003b89   Thumb Code   182  stm32f10x_usart.o(i.USART_Init)
    USART_ReceiveData                        0x08003c45   Thumb Code     8  stm32f10x_usart.o(i.USART_ReceiveData)
    USART_SendData                           0x08003c4d   Thumb Code     8  stm32f10x_usart.o(i.USART_SendData)
    UsageFault_Handler                       0x08003c55   Thumb Code     2  stm32f1xx_it.o(i.UsageFault_Handler)
    __0printf$1                              0x08003c59   Thumb Code    22  printf1.o(i.__0printf$1)
    __1printf$1                              0x08003c59   Thumb Code     0  printf1.o(i.__0printf$1)
    __2printf                                0x08003c59   Thumb Code     0  printf1.o(i.__0printf$1)
    __0sprintf$1                             0x08003c79   Thumb Code    34  printf1.o(i.__0sprintf$1)
    __1sprintf$1                             0x08003c79   Thumb Code     0  printf1.o(i.__0sprintf$1)
    __2sprintf                               0x08003c79   Thumb Code     0  printf1.o(i.__0sprintf$1)
    __aeabi_errno_addr                       0x08003ca1   Thumb Code     4  errno.o(i.__aeabi_errno_addr)
    __rt_errno_addr                          0x08003ca1   Thumb Code     0  errno.o(i.__aeabi_errno_addr)
    __scatterload_copy                       0x08003ca9   Thumb Code    14  handlers.o(i.__scatterload_copy)
    __scatterload_null                       0x08003cb7   Thumb Code     2  handlers.o(i.__scatterload_null)
    __scatterload_zeroinit                   0x08003cb9   Thumb Code    14  handlers.o(i.__scatterload_zeroinit)
    anglequeue_dequeue                       0x08003e29   Thumb Code    54  anglequeue.o(i.anglequeue_dequeue)
    anglequeue_enqueue                       0x08003e69   Thumb Code    54  anglequeue.o(i.anglequeue_enqueue)
    anglequeue_is_empty                      0x08003ea9   Thumb Code    16  anglequeue.o(i.anglequeue_is_empty)
    anglequeue_is_full                       0x08003ebd   Thumb Code    30  anglequeue.o(i.anglequeue_is_full)
    filter                                   0x08003ee1   Thumb Code    52  throttle.o(i.filter)
    fputc                                    0x08003f19   Thumb Code    30  main.o(i.fputc)
    main                                     0x08003f3d   Thumb Code   748  main.o(i.main)
    speedqueue_dequeue                       0x08004279   Thumb Code    46  speedqueue.o(i.speedqueue_dequeue)
    speedqueue_enqueue                       0x080042b1   Thumb Code    44  speedqueue.o(i.speedqueue_enqueue)
    speedqueue_is_empty                      0x080042e5   Thumb Code    16  speedqueue.o(i.speedqueue_is_empty)
    speedqueue_is_full                       0x080042f9   Thumb Code    30  speedqueue.o(i.speedqueue_is_full)
    time_tick_active                         0x0800431d   Thumb Code   630  speed.o(i.time_tick_active)
    COM_TX_PIN                               0x080045b4   Data           4  stm32f103rb_nucleo_eval.o(.constdata)
    COM_RX_PIN                               0x080045b8   Data           4  stm32f103rb_nucleo_eval.o(.constdata)
    COM_USART_CLK                            0x080045bc   Data           8  stm32f103rb_nucleo_eval.o(.constdata)
    COM_TX_PORT_CLK                          0x080045c4   Data           8  stm32f103rb_nucleo_eval.o(.constdata)
    COM_RX_PORT_CLK                          0x080045cc   Data           8  stm32f103rb_nucleo_eval.o(.constdata)
    OSMapTbl                                 0x080045d4   Data           8  os_core.o(.constdata)
    OSUnMapTbl                               0x080045dc   Data         256  os_core.o(.constdata)
    __ctype_table                            0x080046dc   Data         129  ctype_o.o(.constdata)
    Region$$Table$$Base                      0x08004764   Number         0  anon$$obj.o(Region$$Table)
    Region$$Table$$Limit                     0x08004784   Number         0  anon$$obj.o(Region$$Table)
    SystemCoreClock                          0x20000014   Data           4  system_stm32f10x.o(.data)
    AHBPrescTable                            0x20000018   Data          16  system_stm32f10x.o(.data)
    COM_USART                                0x20000028   Data           8  stm32f103rb_nucleo_eval.o(.data)
    COM_TX_PORT                              0x20000030   Data           8  stm32f103rb_nucleo_eval.o(.data)
    COM_RX_PORT                              0x20000038   Data           8  stm32f103rb_nucleo_eval.o(.data)
    Break_State                              0x20000040   Data           1  stm32f1xx_it.o(.data)
    Control_By_Steeringwheel_Or_UWB_Flag     0x20000043   Data           1  stm32f1xx_it.o(.data)
    delay_time                               0x20000048   Data           4  stm32f1xx_it.o(.data)
    TrunEnableFlag                           0x20000059   Data           1  main.o(.data)
    Machine_Front_Motor_State                0x2000005a   Data           1  main.o(.data)
    Manual_Break_State                       0x2000005b   Data           1  main.o(.data)
    Car_Change_Direction                     0x2000005c   Data           1  main.o(.data)
    Car_Change_Direction_Old                 0x2000005d   Data           1  main.o(.data)
    CarLidState                              0x2000005e   Data           1  main.o(.data)
    CarLidDetectedState                      0x2000005f   Data           1  main.o(.data)
    BoxState                                 0x20000060   Data           1  main.o(.data)
    Machine_Front_PWM_Count                  0x20000064   Data           4  main.o(.data)
    Sem_Event                                0x2000006c   Data           4  main.o(.data)
    DriveMotorSpeed                          0x20000073   Data           1  speed.o(.data)
    newspeedtemp                             0x20000076   Data           2  speed.o(.data)
    oldspeedtemp                             0x20000078   Data           2  speed.o(.data)
    Speed_Left_Count                         0x20000098   Data           4  throttle.o(.data)
    AD_Value                                 0x2000009c   Data           4  throttle.o(.data)
    After_filter                             0x200000a0   Data           4  throttle.o(.data)
    i                                        0x200000a4   Data           4  throttle.o(.data)
    Speed_Right_Count                        0x200000a8   Data           4  break.o(.data)
    OSCPUUsage                               0x200000ac   Data           1  os_core.o(.data)
    OSStatRdy                                0x200000ad   Data           1  os_core.o(.data)
    OSIntNesting                             0x200000ae   Data           1  os_core.o(.data)
    OSIntExitY                               0x200000af   Data           1  os_core.o(.data)
    OSLockNesting                            0x200000b0   Data           1  os_core.o(.data)
    OSPrioCur                                0x200000b1   Data           1  os_core.o(.data)
    OSPrioHighRdy                            0x200000b2   Data           1  os_core.o(.data)
    OSRdyGrp                                 0x200000b3   Data           1  os_core.o(.data)
    OSRunning                                0x200000b4   Data           1  os_core.o(.data)
    OSTaskCtr                                0x200000b5   Data           1  os_core.o(.data)
    OSRdyTbl                                 0x200000b6   Data           2  os_core.o(.data)
    OSCtxSwCtr                               0x200000b8   Data           4  os_core.o(.data)
    OSEventFreeList                          0x200000bc   Data           4  os_core.o(.data)
    OSIdleCtrMax                             0x200000c0   Data           4  os_core.o(.data)
    OSIdleCtrRun                             0x200000c4   Data           4  os_core.o(.data)
    OSIdleCtr                                0x200000c8   Data           4  os_core.o(.data)
    OSTCBCur                                 0x200000cc   Data           4  os_core.o(.data)
    OSTCBFreeList                            0x200000d0   Data           4  os_core.o(.data)
    OSTCBHighRdy                             0x200000d4   Data           4  os_core.o(.data)
    OSTCBList                                0x200000d8   Data           4  os_core.o(.data)
    OSTime                                   0x200000dc   Data           4  os_core.o(.data)
    OSFlagFreeList                           0x200000e0   Data           4  os_core.o(.data)
    OSMemFreeList                            0x200000e4   Data           4  os_core.o(.data)
    OSQFreeList                              0x200000e8   Data           4  os_core.o(.data)
    OSInterrputSum                           0x200000ec   Data           4  os_cpu_c.o(.data)
    __stdout                                 0x200000f0   Data           4  stdout.o(.data)
    RCC_Clocks                               0x20000120   Data          20  main.o(.bss)
    TASK_START_STK                           0x20000134   Data        2048  main.o(.bss)
    Front_Motor_ResetTASK_STK                0x20000934   Data         256  main.o(.bss)
    BoxTASK_STK                              0x20000a34   Data         256  main.o(.bss)
    Send_TASK_STK                            0x20000b34   Data         256  main.o(.bss)
    EmergencyStop_TASK_STK                   0x20000c34   Data         256  main.o(.bss)
    motor4                                   0x20000d38   Data          88  main.o(.bss)
    Motor4TimeTable                          0x20001560   Data         374  motor.o(.bss)
    Motor4StepTable                          0x200016d6   Data         374  motor.o(.bss)
    Motor4_23TimeTable                       0x2000184c   Data         374  motor.o(.bss)
    Motor4_23StepTable                       0x200019c2   Data         374  motor.o(.bss)
    Motor4_13TimeTable                       0x20001b38   Data         374  motor.o(.bss)
    Motor4_13StepTable                       0x20001cae   Data         374  motor.o(.bss)
    OSEventTbl                               0x20001e24   Data          24  os_core.o(.bss)
    OSTaskStatStk                            0x20001e3c   Data         512  os_core.o(.bss)
    OSTaskIdleStk                            0x2000203c   Data         512  os_core.o(.bss)
    OSTCBPrioTbl                             0x2000223c   Data          52  os_core.o(.bss)
    OSTCBTbl                                 0x20002270   Data         676  os_core.o(.bss)
    OSFlagTbl                                0x20002514   Data          60  os_core.o(.bss)
    OSMemTbl                                 0x20002550   Data         100  os_core.o(.bss)
    OSQTbl                                   0x200025b4   Data          48  os_core.o(.bss)
    __initial_sp                             0x200029e8   Data           0  startup_stm32f10x_hd.o(STACK)



==============================================================================

Memory Map of the image

  Image Entry point : 0x08000131

  Load Region LR_IROM1 (Base: 0x08000000, Size: 0x0000487c, Max: 0x00080000, ABSOLUTE)

    Execution Region ER_IROM1 (Base: 0x08000000, Size: 0x00004784, Max: 0x00080000, ABSOLUTE)

    Base Addr    Size         Type   Attr      Idx    E Section Name        Object

    0x08000000   0x00000130   Data   RO            3    RESET               startup_stm32f10x_hd.o
    0x08000130   0x00000000   Code   RO         5301  * .ARM.Collect$$$$00000000  mc_w.l(entry.o)
    0x08000130   0x00000004   Code   RO         5607    .ARM.Collect$$$$00000001  mc_w.l(entry2.o)
    0x08000134   0x00000004   Code   RO         5610    .ARM.Collect$$$$00000004  mc_w.l(entry5.o)
    0x08000138   0x00000000   Code   RO         5612    .ARM.Collect$$$$00000008  mc_w.l(entry7b.o)
    0x08000138   0x00000000   Code   RO         5614    .ARM.Collect$$$$0000000A  mc_w.l(entry8b.o)
    0x08000138   0x00000008   Code   RO         5615    .ARM.Collect$$$$0000000B  mc_w.l(entry9a.o)
    0x08000140   0x00000000   Code   RO         5617    .ARM.Collect$$$$0000000D  mc_w.l(entry10a.o)
    0x08000140   0x00000000   Code   RO         5619    .ARM.Collect$$$$0000000F  mc_w.l(entry11a.o)
    0x08000140   0x00000004   Code   RO         5608    .ARM.Collect$$$$00002712  mc_w.l(entry2.o)
    0x08000144   0x00000024   Code   RO            4    .text               startup_stm32f10x_hd.o
    0x08000168   0x000000dc   Code   RO         5214    .text               os_cpu_a.o
    0x08000244   0x00000024   Code   RO         5306    .text               mc_w.l(memseta.o)
    0x08000268   0x00000014   Code   RO         5308    .text               mc_w.l(strchr.o)
    0x0800027c   0x00000012   Code   RO         5310    .text               mc_w.l(strcpy.o)
    0x0800028e   0x0000001a   Code   RO         5575    .text               mc_w.l(atoi.o)
    0x080002a8   0x000000b0   Code   RO         5577    .text               mf_w.l(fadd.o)
    0x08000358   0x00000064   Code   RO         5579    .text               mf_w.l(fmul.o)
    0x080003bc   0x0000007c   Code   RO         5581    .text               mf_w.l(fdiv.o)
    0x08000438   0x0000014e   Code   RO         5583    .text               mf_w.l(dadd.o)
    0x08000586   0x000000e4   Code   RO         5585    .text               mf_w.l(dmul.o)
    0x0800066a   0x000000de   Code   RO         5587    .text               mf_w.l(ddiv.o)
    0x08000748   0x0000002e   Code   RO         5589    .text               mf_w.l(dscalb.o)
    0x08000776   0x00000012   Code   RO         5591    .text               mf_w.l(fflti.o)
    0x08000788   0x0000001a   Code   RO         5593    .text               mf_w.l(dfltui.o)
    0x080007a2   0x00000028   Code   RO         5595    .text               mf_w.l(ffixui.o)
    0x080007ca   0x00000032   Code   RO         5597    .text               mf_w.l(dfixui.o)
    0x080007fc   0x00000026   Code   RO         5599    .text               mf_w.l(f2d.o)
    0x08000822   0x00000038   Code   RO         5601    .text               mf_w.l(d2f.o)
    0x0800085a   0x00000002   PAD
    0x0800085c   0x00000014   Code   RO         5603    .text               mf_w.l(cfcmple.o)
    0x08000870   0x00000014   Code   RO         5605    .text               mf_w.l(cfrcmple.o)
    0x08000884   0x0000002c   Code   RO         5622    .text               mc_w.l(uidiv.o)
    0x080008b0   0x0000001e   Code   RO         5626    .text               mc_w.l(llshl.o)
    0x080008ce   0x00000020   Code   RO         5628    .text               mc_w.l(llushr.o)
    0x080008ee   0x00000024   Code   RO         5630    .text               mc_w.l(llsshr.o)
    0x08000912   0x00000070   Code   RO         5639    .text               mc_w.l(strtol.o)
    0x08000982   0x00000000   Code   RO         5641    .text               mc_w.l(iusefp.o)
    0x08000982   0x0000006e   Code   RO         5642    .text               mf_w.l(fepilogue.o)
    0x080009f0   0x000000ba   Code   RO         5644    .text               mf_w.l(depilogue.o)
    0x08000aaa   0x00000002   PAD
    0x08000aac   0x00000024   Code   RO         5650    .text               mc_w.l(init.o)
    0x08000ad0   0x00000008   Code   RO         5652    .text               mc_w.l(ctype_o.o)
    0x08000ad8   0x0000009e   Code   RO         5680    .text               mc_w.l(_strtoul.o)
    0x08000b76   0x0000001c   Code   RO         5682    .text               mc_w.l(_chval.o)
    0x08000b92   0x00000018   Code   RO          155    i.ADC_Cmd           stm32f10x_adc.o
    0x08000baa   0x00000018   Code   RO          156    i.ADC_DMACmd        stm32f10x_adc.o
    0x08000bc2   0x00000002   PAD
    0x08000bc4   0x00000064   Code   RO          157    i.ADC_DeInit        stm32f10x_adc.o
    0x08000c28   0x0000000e   Code   RO          163    i.ADC_GetCalibrationStatus  stm32f10x_adc.o
    0x08000c36   0x0000000e   Code   RO          169    i.ADC_GetResetCalibrationStatus  stm32f10x_adc.o
    0x08000c44   0x00000048   Code   RO          173    i.ADC_Init          stm32f10x_adc.o
    0x08000c8c   0x00000074   Code   RO          177    i.ADC_RegularChannelConfig  stm32f10x_adc.o
    0x08000d00   0x0000000a   Code   RO          178    i.ADC_ResetCalibration  stm32f10x_adc.o
    0x08000d0a   0x00000018   Code   RO          180    i.ADC_SoftwareStartConvCmd  stm32f10x_adc.o
    0x08000d22   0x0000000a   Code   RO          182    i.ADC_StartCalibration  stm32f10x_adc.o
    0x08000d2c   0x00000024   Code   RO         3581    i.Ahead_Light_Power_Init  main.o
    0x08000d50   0x00000010   Code   RO         3583    i.Ahead_Light_Power_On  main.o
    0x08000d60   0x0000002c   Code   RO         3584    i.Aheadmotor_Power_Init  main.o
    0x08000d8c   0x00000010   Code   RO         3586    i.Aheadmotor_Power_On  main.o
    0x08000d9c   0x0000027c   Code   RO         3587    i.BOX_TASK          main.o
    0x08001018   0x0000002c   Code   RO         3588    i.Backmotor_Power_Init  main.o
    0x08001044   0x00000010   Code   RO         3590    i.Backmotor_Power_On  main.o
    0x08001054   0x00000002   Code   RO         3437    i.BusFault_Handler  stm32f1xx_it.o
    0x08001056   0x00000002   PAD
    0x08001058   0x000001b0   Code   RO         4354    i.CalcMotorPeriStep_CPF  motor.o
    0x08001208   0x0000000c   Code   RO         3592    i.Car_Forward_Back_Detected  main.o
    0x08001214   0x0000001c   Code   RO         3593    i.Car_Forward_Back_Detected_Init  main.o
    0x08001230   0x0000000c   Code   RO         3594    i.Close_Car_Lid_Detected  main.o
    0x0800123c   0x0000001c   Code   RO         3595    i.Close_Car_Lid_Detected_Init  main.o
    0x08001258   0x0000001a   Code   RO          920    i.DMA_Cmd           stm32f10x_dma.o
    0x08001272   0x00000002   PAD
    0x08001274   0x000000f8   Code   RO          921    i.DMA_DeInit        stm32f10x_dma.o
    0x0800136c   0x0000003a   Code   RO          926    i.DMA_Init          stm32f10x_dma.o
    0x080013a6   0x00000002   Code   RO         3438    i.DebugMon_Handler  stm32f1xx_it.o
    0x080013a8   0x0000000c   Code   RO         3597    i.Detected_Car_Lid  main.o
    0x080013b4   0x0000001c   Code   RO         3598    i.Detected_Car_Lid_Init  main.o
    0x080013d0   0x0000000c   Code   RO         3599    i.Detected_Carbreak_Detected  main.o
    0x080013dc   0x0000001c   Code   RO         3600    i.Detected_Carbreak_Detected_Init  main.o
    0x080013f8   0x00000024   Code   RO         3601    i.Detected_Rain_Init  main.o
    0x0800141c   0x00000040   Code   RO         4254    i.EXTI15_10_IRQHandler  throttle.o
    0x0800145c   0x00000018   Code   RO         3439    i.EXTI2_IRQHandler  stm32f1xx_it.o
    0x08001474   0x00000064   Code   RO         4319    i.EXTI9_5_IRQHandler  break.o
    0x080014d8   0x0000000c   Code   RO         1002    i.EXTI_ClearITPendingBit  stm32f10x_exti.o
    0x080014e4   0x00000020   Code   RO         1006    i.EXTI_GetITStatus  stm32f10x_exti.o
    0x08001504   0x00000020   Code   RO         3603    i.Electric_Push_Rod_Down  main.o
    0x08001524   0x00000078   Code   RO         3604    i.Electric_Push_Rod_Init  main.o
    0x0800159c   0x00000020   Code   RO         3605    i.Electric_Push_Rod_Stop  main.o
    0x080015bc   0x00000020   Code   RO         3606    i.Electric_Push_Rod_Up  main.o
    0x080015dc   0x00000090   Code   RO         3607    i.EmergencyStop_Task  main.o
    0x0800166c   0x000001bc   Code   RO         3608    i.Front_Motor_ResetTASK  main.o
    0x08001828   0x000000a6   Code   RO         1388    i.GPIO_Init         stm32f10x_gpio.o
    0x080018ce   0x0000000e   Code   RO         1392    i.GPIO_ReadInputDataBit  stm32f10x_gpio.o
    0x080018dc   0x00000004   Code   RO         1395    i.GPIO_ResetBits    stm32f10x_gpio.o
    0x080018e0   0x00000004   Code   RO         1396    i.GPIO_SetBits      stm32f10x_gpio.o
    0x080018e4   0x000001e0   Code   RO         4358    i.GetFreAtTime      motor.o
    0x08001ac4   0x0000017c   Code   RO         4359    i.Get_TimeCost_ReverDot_S  motor.o
    0x08001c40   0x00000018   Code   RO         3440    i.HardFault_Handler  stm32f1xx_it.o
    0x08001c58   0x000000a8   Code   RO         4361    i.Initial_Motor     motor.o
    0x08001d00   0x0000000c   Code   RO         3609    i.MIC_Motor_Close_Detected  main.o
    0x08001d0c   0x00000024   Code   RO         3610    i.MIC_Motor_Close_Detected_Init  main.o
    0x08001d30   0x00000048   Code   RO         3611    i.MIC_Motor_Init    main.o
    0x08001d78   0x00000010   Code   RO         3612    i.MIC_Motor_Run     main.o
    0x08001d88   0x00000010   Code   RO         3613    i.MIC_Motor_Stop    main.o
    0x08001d98   0x0000016c   Code   RO         4257    i.Machine_Adc_Init  throttle.o
    0x08001f04   0x0000001c   Code   RO         3614    i.Machine_Break     main.o
    0x08001f20   0x00000034   Code   RO         3615    i.Machine_Break_Init  main.o
    0x08001f54   0x00000040   Code   RO         3616    i.Machine_Direction_Switch  main.o
    0x08001f94   0x00000030   Code   RO         3617    i.Machine_Diretion_Init  main.o
    0x08001fc4   0x0000001c   Code   RO         3618    i.Machine_Disable   main.o
    0x08001fe0   0x0000001c   Code   RO         3619    i.Machine_Enable    main.o
    0x08001ffc   0x00000034   Code   RO         3620    i.Machine_Enable_Init  main.o
    0x08002030   0x00000034   Code   RO         3621    i.Machine_Front_Motor_Angle_Control  main.o
    0x08002064   0x0000001c   Code   RO         3622    i.Machine_Front_Motor_Directon_Control  main.o
    0x08002080   0x00000024   Code   RO         3623    i.Machine_Front_Motor_Dirtion_Init  main.o
    0x080020a4   0x00000024   Code   RO         3624    i.Machine_Front_Motor_Enable_Or_Disable_Init  main.o
    0x080020c8   0x0000001c   Code   RO         3625    i.Machine_Front_Motor_Enable_or_Disable  main.o
    0x080020e4   0x0000001c   Code   RO         3631    i.Machine_Nobreak   main.o
    0x08002100   0x00000038   Code   RO         3632    i.Machine_Speed_Set  main.o
    0x08002138   0x00000002   Code   RO         3441    i.MemManage_Handler  stm32f1xx_it.o
    0x0800213a   0x00000002   PAD
    0x0800213c   0x00000010   Code   RO         3633    i.Middle_Motor_Break  main.o
    0x0800214c   0x0000001c   Code   RO         3634    i.Middle_Motor_Goback  main.o
    0x08002168   0x0000001c   Code   RO         3635    i.Middle_Motor_Goforward  main.o
    0x08002184   0x00000068   Code   RO         3636    i.Middle_Motor_Init  main.o
    0x080021ec   0x00000010   Code   RO         3637    i.Middle_Motor_NO_Break  main.o
    0x080021fc   0x00000002   Code   RO         3638    i.Middle_Motor_Run  main.o
    0x080021fe   0x00000002   PAD
    0x08002200   0x0000001c   Code   RO         3639    i.Middle_Motor_Stop  main.o
    0x0800221c   0x00000084   Code   RO         4363    i.MotorRunParaInitial  motor.o
    0x080022a0   0x00000140   Code   RO         4364    i.Motor_Reinitial   motor.o
    0x080023e0   0x00000002   Code   RO         3442    i.NMI_Handler       stm32f1xx_it.o
    0x080023e2   0x00000002   PAD
    0x080023e4   0x00000064   Code   RO           12    i.NVIC_Init         misc.o
    0x08002448   0x00000014   Code   RO           13    i.NVIC_PriorityGroupConfig  misc.o
    0x0800245c   0x00000032   Code   RO         4578    i.OSInit            os_core.o
    0x0800248e   0x00000002   Code   RO         5219    i.OSInitHookBegin   os_cpu_c.o
    0x08002490   0x00000002   Code   RO         5220    i.OSInitHookEnd     os_cpu_c.o
    0x08002492   0x00000002   PAD
    0x08002494   0x00000018   Code   RO         4579    i.OSIntEnter        os_core.o
    0x080024ac   0x00000064   Code   RO         4580    i.OSIntExit         os_core.o
    0x08002510   0x00000028   Code   RO         4581    i.OSSchedLock       os_core.o
    0x08002538   0x00000040   Code   RO         4582    i.OSSchedUnlock     os_core.o
    0x08002578   0x00000040   Code   RO         5055    i.OSSemCreate       os_sem.o
    0x080025b8   0x00000098   Code   RO         5057    i.OSSemPend         os_sem.o
    0x08002650   0x00000052   Code   RO         5058    i.OSSemPost         os_sem.o
    0x080026a2   0x00000038   Code   RO         5059    i.OSSemQuery        os_sem.o
    0x080026da   0x00000002   PAD
    0x080026dc   0x0000003c   Code   RO         4583    i.OSStart           os_core.o
    0x08002718   0x00000002   Code   RO         5221    i.OSTCBInitHook     os_cpu_c.o
    0x0800271a   0x00000002   PAD
    0x0800271c   0x00000094   Code   RO         5105    i.OSTaskCreate      os_task.o
    0x080027b0   0x000000b0   Code   RO         5106    i.OSTaskCreateExt   os_task.o
    0x08002860   0x00000002   Code   RO         5222    i.OSTaskCreateHook  os_cpu_c.o
    0x08002862   0x00000002   Code   RO         5224    i.OSTaskIdleHook    os_cpu_c.o
    0x08002864   0x00000078   Code   RO         5110    i.OSTaskResume      os_task.o
    0x080028dc   0x00000002   Code   RO         5225    i.OSTaskStatHook    os_cpu_c.o
    0x080028de   0x0000005a   Code   RO         5226    i.OSTaskStkInit     os_cpu_c.o
    0x08002938   0x00000094   Code   RO         5112    i.OSTaskSuspend     os_task.o
    0x080029cc   0x00000002   Code   RO         5227    i.OSTaskSwHook      os_cpu_c.o
    0x080029ce   0x00000002   PAD
    0x080029d0   0x0000004c   Code   RO         5172    i.OSTimeDly         os_time.o
    0x08002a1c   0x00000018   Code   RO         5175    i.OSTimeGet         os_time.o
    0x08002a34   0x00000018   Code   RO         5176    i.OSTimeSet         os_time.o
    0x08002a4c   0x00000070   Code   RO         4585    i.OSTimeTick        os_core.o
    0x08002abc   0x00000002   Code   RO         5228    i.OSTimeTickHook    os_cpu_c.o
    0x08002abe   0x00000002   PAD
    0x08002ac0   0x00000034   Code   RO         4588    i.OS_EventTO        os_core.o
    0x08002af4   0x00000070   Code   RO         4589    i.OS_EventTaskRdy   os_core.o
    0x08002b64   0x00000048   Code   RO         4590    i.OS_EventTaskWait  os_core.o
    0x08002bac   0x0000000a   Code   RO         4591    i.OS_EventWaitListInit  os_core.o
    0x08002bb6   0x00000002   PAD
    0x08002bb8   0x0000002c   Code   RO         4761    i.OS_FlagInit       os_flag.o
    0x08002be4   0x00000030   Code   RO         4592    i.OS_InitEventList  os_core.o
    0x08002c14   0x00000020   Code   RO         4593    i.OS_InitMisc       os_core.o
    0x08002c34   0x00000028   Code   RO         4594    i.OS_InitRdyList    os_core.o
    0x08002c5c   0x00000044   Code   RO         4595    i.OS_InitTCBList    os_core.o
    0x08002ca0   0x00000034   Code   RO         4596    i.OS_InitTaskIdle   os_core.o
    0x08002cd4   0x00000034   Code   RO         4597    i.OS_InitTaskStat   os_core.o
    0x08002d08   0x00000040   Code   RO         4890    i.OS_MemInit        os_mem.o
    0x08002d48   0x0000002c   Code   RO         4989    i.OS_QInit          os_q.o
    0x08002d74   0x00000054   Code   RO         4598    i.OS_Sched          os_core.o
    0x08002dc8   0x000000c0   Code   RO         4599    i.OS_TCBInit        os_core.o
    0x08002e88   0x0000001c   Code   RO         4600    i.OS_TaskIdle       os_core.o
    0x08002ea4   0x00000064   Code   RO         4601    i.OS_TaskStat       os_core.o
    0x08002f08   0x0000001c   Code   RO         3641    i.Obstacle_From_Ultrasonic_Detected_Init  main.o
    0x08002f24   0x0000000c   Code   RO         3642    i.Open_Car_Lid_Detected  main.o
    0x08002f30   0x0000001c   Code   RO         3643    i.Open_Car_Lid_Detected_Init  main.o
    0x08002f4c   0x0000001c   Code   RO         3645    i.People_Seatsensor_Detected_Init  main.o
    0x08002f68   0x00000014   Code   RO         1846    i.RCC_ADCCLKConfig  stm32f10x_rcc.o
    0x08002f7c   0x0000001c   Code   RO         1847    i.RCC_AHBPeriphClockCmd  stm32f10x_rcc.o
    0x08002f98   0x0000001c   Code   RO         1848    i.RCC_APB1PeriphClockCmd  stm32f10x_rcc.o
    0x08002fb4   0x0000001c   Code   RO         1850    i.RCC_APB2PeriphClockCmd  stm32f10x_rcc.o
    0x08002fd0   0x0000001c   Code   RO         1851    i.RCC_APB2PeriphResetCmd  stm32f10x_rcc.o
    0x08002fec   0x000000ac   Code   RO         1858    i.RCC_GetClocksFreq  stm32f10x_rcc.o
    0x08003098   0x000000b0   Code   RO         3410    i.STM_EVAL_COMInit  stm32f103rb_nucleo_eval.o
    0x08003148   0x00000002   Code   RO         3443    i.SVC_Handler       stm32f1xx_it.o
    0x0800314a   0x00000002   PAD
    0x0800314c   0x00000028   Code   RO         3646    i.SendDatatoMaster  main.o
    0x08003174   0x000000b8   Code   RO         3647    i.Send_Task         main.o
    0x0800322c   0x00000058   Code   RO         4366    i.SetPosition       motor.o
    0x08003284   0x00000078   Code   RO         3325    i.SetSysClock       system_stm32f10x.o
    0x080032fc   0x00000070   Code   RO         4370    i.Start_Motor_S     motor.o
    0x0800336c   0x0000000c   Code   RO         3648    i.Stopnow_Detected  main.o
    0x08003378   0x0000001c   Code   RO         3649    i.Stopnow_Detected_Init  main.o
    0x08003394   0x0000001c   Code   RO         3651    i.Switch_Auto_Manual_Drivecar_Detected_Init  main.o
    0x080033b0   0x00000038   Code   RO         3444    i.SysTick_Handler   stm32f1xx_it.o
    0x080033e8   0x0000007c   Code   RO         3326    i.SystemCoreClockUpdate  system_stm32f10x.o
    0x08003464   0x00000050   Code   RO         3327    i.SystemInit        system_stm32f10x.o
    0x080034b4   0x00000070   Code   RO         4490    i.TIM4_IRQHandler   motor_it.o
    0x08003524   0x00000160   Code   RO         4491    i.TIMX_UP_IRQHandler_S  motor_it.o
    0x08003684   0x00000006   Code   RO         2520    i.TIM_ClearFlag     stm32f10x_tim.o
    0x0800368a   0x00000006   Code   RO         2521    i.TIM_ClearITPendingBit  stm32f10x_tim.o
    0x08003690   0x00000018   Code   RO         2526    i.TIM_Cmd           stm32f10x_tim.o
    0x080036a8   0x0000001c   Code   RO         2528    i.TIM_CtrlPWMOutputs  stm32f10x_tim.o
    0x080036c4   0x00000018   Code   RO         2547    i.TIM_GetITStatus   stm32f10x_tim.o
    0x080036dc   0x00000014   Code   RO         2551    i.TIM_ITConfig      stm32f10x_tim.o
    0x080036f0   0x00000088   Code   RO         2555    i.TIM_OC1Init       stm32f10x_tim.o
    0x08003778   0x00000088   Code   RO         2560    i.TIM_OC2Init       stm32f10x_tim.o
    0x08003800   0x00000084   Code   RO         2565    i.TIM_OC3Init       stm32f10x_tim.o
    0x08003884   0x0000009c   Code   RO         2597    i.TIM_TimeBaseInit  stm32f10x_tim.o
    0x08003920   0x00000080   Code   RO         3652    i.TaskStart         main.o
    0x080039a0   0x0000013c   Code   RO         3445    i.USART1_IRQHandler  stm32f1xx_it.o
    0x08003adc   0x00000010   Code   RO         3070    i.USART_ClearITPendingBit  stm32f10x_usart.o
    0x08003aec   0x00000018   Code   RO         3073    i.USART_Cmd         stm32f10x_usart.o
    0x08003b04   0x0000000e   Code   RO         3076    i.USART_GetFlagStatus  stm32f10x_usart.o
    0x08003b12   0x00000040   Code   RO         3077    i.USART_GetITStatus  stm32f10x_usart.o
    0x08003b52   0x00000036   Code   RO         3079    i.USART_ITConfig    stm32f10x_usart.o
    0x08003b88   0x000000bc   Code   RO         3080    i.USART_Init        stm32f10x_usart.o
    0x08003c44   0x00000008   Code   RO         3087    i.USART_ReceiveData  stm32f10x_usart.o
    0x08003c4c   0x00000008   Code   RO         3090    i.USART_SendData    stm32f10x_usart.o
    0x08003c54   0x00000002   Code   RO         3446    i.UsageFault_Handler  stm32f1xx_it.o
    0x08003c56   0x00000002   PAD
    0x08003c58   0x00000020   Code   RO         5359    i.__0printf$1       mc_w.l(printf1.o)
    0x08003c78   0x00000028   Code   RO         5361    i.__0sprintf$1      mc_w.l(printf1.o)
    0x08003ca0   0x00000008   Code   RO         5632    i.__aeabi_errno_addr  mc_w.l(errno.o)
    0x08003ca8   0x0000000e   Code   RO         5686    i.__scatterload_copy  mc_w.l(handlers.o)
    0x08003cb6   0x00000002   Code   RO         5687    i.__scatterload_null  mc_w.l(handlers.o)
    0x08003cb8   0x0000000e   Code   RO         5688    i.__scatterload_zeroinit  mc_w.l(handlers.o)
    0x08003cc6   0x00000002   PAD
    0x08003cc8   0x00000154   Code   RO         5366    i._printf_core      mc_w.l(printf1.o)
    0x08003e1c   0x0000000a   Code   RO         5368    i._sputc            mc_w.l(printf1.o)
    0x08003e26   0x00000002   PAD
    0x08003e28   0x00000040   Code   RO         4162    i.anglequeue_dequeue  anglequeue.o
    0x08003e68   0x00000040   Code   RO         4163    i.anglequeue_enqueue  anglequeue.o
    0x08003ea8   0x00000014   Code   RO         4164    i.anglequeue_is_empty  anglequeue.o
    0x08003ebc   0x00000024   Code   RO         4165    i.anglequeue_is_full  anglequeue.o
    0x08003ee0   0x00000038   Code   RO         4260    i.filter            throttle.o
    0x08003f18   0x00000024   Code   RO         3659    i.fputc             main.o
    0x08003f3c   0x0000033c   Code   RO         3660    i.main              main.o
    0x08004278   0x00000038   Code   RO         4213    i.speedqueue_dequeue  speedqueue.o
    0x080042b0   0x00000034   Code   RO         4214    i.speedqueue_enqueue  speedqueue.o
    0x080042e4   0x00000014   Code   RO         4215    i.speedqueue_is_empty  speedqueue.o
    0x080042f8   0x00000024   Code   RO         4216    i.speedqueue_is_full  speedqueue.o
    0x0800431c   0x00000298   Code   RO         4119    i.time_tick_active  speed.o
    0x080045b4   0x00000020   Data   RO         3411    .constdata          stm32f103rb_nucleo_eval.o
    0x080045d4   0x00000108   Data   RO         4606    .constdata          os_core.o
    0x080046dc   0x00000081   Data   RO         5653    .constdata          mc_w.l(ctype_o.o)
    0x0800475d   0x00000003   PAD
    0x08004760   0x00000004   Data   RO         5654    .constdata          mc_w.l(ctype_o.o)
    0x08004764   0x00000020   Data   RO         5684    Region$$Table       anon$$obj.o


    Execution Region RW_IRAM1 (Base: 0x20000000, Size: 0x000029e8, Max: 0x00010000, ABSOLUTE)

    Base Addr    Size         Type   Attr      Idx    E Section Name        Object

    0x20000000   0x00000014   Data   RW         1878    .data               stm32f10x_rcc.o
    0x20000014   0x00000014   Data   RW         3328    .data               system_stm32f10x.o
    0x20000028   0x00000018   Data   RW         3412    .data               stm32f103rb_nucleo_eval.o
    0x20000040   0x00000018   Data   RW         3448    .data               stm32f1xx_it.o
    0x20000058   0x00000018   Data   RW         3666    .data               main.o
    0x20000070   0x00000018   Data   RW         4120    .data               speed.o
    0x20000088   0x00000008   Data   RW         4167    .data               anglequeue.o
    0x20000090   0x00000008   Data   RW         4218    .data               speedqueue.o
    0x20000098   0x00000010   Data   RW         4261    .data               throttle.o
    0x200000a8   0x00000004   Data   RW         4322    .data               break.o
    0x200000ac   0x00000034   Data   RW         4607    .data               os_core.o
    0x200000e0   0x00000004   Data   RW         4608    .data               os_core.o
    0x200000e4   0x00000004   Data   RW         4609    .data               os_core.o
    0x200000e8   0x00000004   Data   RW         4610    .data               os_core.o
    0x200000ec   0x00000004   Data   RW         5229    .data               os_cpu_c.o
    0x200000f0   0x00000004   Data   RW         5621    .data               mc_w.l(stdout.o)
    0x200000f4   0x00000004   Data   RW         5635    .data               mc_w.l(errno.o)
    0x200000f8   0x00000028   Zero   RW         3447    .bss                stm32f1xx_it.o
    0x20000120   0x00000c14   Zero   RW         3661    .bss                main.o
    0x20000d34   0x00000004   PAD
    0x20000d38   0x00000058   Zero   RW         3665    .bss                main.o
    0x20000d90   0x00000640   Zero   RW         4166    .bss                anglequeue.o
    0x200013d0   0x00000190   Zero   RW         4217    .bss                speedqueue.o
    0x20001560   0x000008c4   Zero   RW         4372    .bss                motor.o
    0x20001e24   0x000006f0   Zero   RW         4602    .bss                os_core.o
    0x20002514   0x0000003c   Zero   RW         4603    .bss                os_core.o
    0x20002550   0x00000064   Zero   RW         4604    .bss                os_core.o
    0x200025b4   0x00000030   Zero   RW         4605    .bss                os_core.o
    0x200025e4   0x00000004   PAD
    0x200025e8   0x00000400   Zero   RW            1    STACK               startup_stm32f10x_hd.o


==============================================================================

Image component sizes


      Code (inc. data)   RO Data    RW Data    ZI Data      Debug   Object Name

       184         30          0          8       1600       4741   anglequeue.o
       100         14          0          4          0       1393   break.o
      4126        496          0         24       3180      62507   main.o
       120         14          0          0          0     222311   misc.o
      2112        102          0          0       2244      11283   motor.o
       464         18          0          0          0     209027   motor_it.o
      1392        158        264         64       1984      21984   os_core.o
       220         40          0          0          0        408   os_cpu_a.o
       106          0          0          4          0      12011   os_cpu_c.o
        44          8          0          0          0       6329   os_flag.o
        64         10          0          0          0        645   os_mem.o
        44         10          0          0          0        603   os_q.o
       354         16          0          0          0       3483   os_sem.o
       592         56          0          0          0       4200   os_task.o
       124         24          0          0          0       1804   os_time.o
       664         34          0         24          0       3780   speed.o
       164         28          0          8        400       3253   speedqueue.o
        36          8        304          0       1024       1004   startup_stm32f10x_hd.o
       176         14         32         24          0       3039   stm32f103rb_nucleo_eval.o
       408         22          0          0          0      19194   stm32f10x_adc.o
       332         10          0          0          0      14330   stm32f10x_dma.o
        44         10          0          0          0       1436   stm32f10x_exti.o
       188          0          0          0          0      13056   stm32f10x_gpio.o
       304         48          0         20          0      16394   stm32f10x_rcc.o
       668         80          0          0          0      29537   stm32f10x_tim.o
       376          6          0          0          0      14623   stm32f10x_usart.o
       432         42          0         24         40     222279   stm32f1xx_it.o
       324         44          0         20          0      68029   system_stm32f10x.o
       484         36          0         16          0       3050   throttle.o

    ----------------------------------------------------------------------
     14674       1378        632        240      10480     975733   Object Totals
         0          0         32          0          0          0   (incl. Generated)
        28          0          0          0          8          0   (incl. Padding)

    ----------------------------------------------------------------------

      Code (inc. data)   RO Data    RW Data    ZI Data      Debug   Library Member Name

        28          0          0          0          0         68   _chval.o
       158          0          0          0          0         92   _strtoul.o
        26          0          0          0          0         80   atoi.o
         8          4        133          0          0         68   ctype_o.o
         0          0          0          0          0          0   entry.o
         0          0          0          0          0          0   entry10a.o
         0          0          0          0          0          0   entry11a.o
         8          4          0          0          0          0   entry2.o
         4          0          0          0          0          0   entry5.o
         0          0          0          0          0          0   entry7b.o
         0          0          0          0          0          0   entry8b.o
         8          4          0          0          0          0   entry9a.o
         8          4          0          4          0         68   errno.o
        30          0          0          0          0          0   handlers.o
        36          8          0          0          0         68   init.o
         0          0          0          0          0          0   iusefp.o
        30          0          0          0          0         68   llshl.o
        36          0          0          0          0         68   llsshr.o
        32          0          0          0          0         68   llushr.o
        36          0          0          0          0        108   memseta.o
       422         20          0          0          0        336   printf1.o
         0          0          0          4          0          0   stdout.o
        20          0          0          0          0         68   strchr.o
        18          0          0          0          0         68   strcpy.o
       112          0          0          0          0         88   strtol.o
        44          0          0          0          0         80   uidiv.o
        20          0          0          0          0         68   cfcmple.o
        20          0          0          0          0         68   cfrcmple.o
        56          0          0          0          0         88   d2f.o
       334          0          0          0          0        148   dadd.o
       222          0          0          0          0        100   ddiv.o
       186          0          0          0          0        176   depilogue.o
        50          0          0          0          0         76   dfixui.o
        26          0          0          0          0         76   dfltui.o
       228          0          0          0          0         96   dmul.o
        46          0          0          0          0         80   dscalb.o
        38          0          0          0          0         68   f2d.o
       176          0          0          0          0        140   fadd.o
       124          0          0          0          0         88   fdiv.o
       110          0          0          0          0        168   fepilogue.o
        40          0          0          0          0         68   ffixui.o
        18          0          0          0          0         68   fflti.o
       100          0          0          0          0         76   fmul.o

    ----------------------------------------------------------------------
      2866         44        136          8          0       3048   Library Totals
         8          0          3          0          0          0   (incl. Padding)

    ----------------------------------------------------------------------

      Code (inc. data)   RO Data    RW Data    ZI Data      Debug   Library Name

      1064         44        133          8          0       1396   mc_w.l
      1794          0          0          0          0       1652   mf_w.l

    ----------------------------------------------------------------------
      2866         44        136          8          0       3048   Library Totals

    ----------------------------------------------------------------------

==============================================================================


      Code (inc. data)   RO Data    RW Data    ZI Data      Debug   

     17540       1422        768        248      10480     967857   Grand Totals
     17540       1422        768        248      10480     967857   ELF Image Totals
     17540       1422        768        248          0          0   ROM Totals

==============================================================================

    Total RO  Size (Code + RO Data)                18308 (  17.88kB)
    Total RW  Size (RW Data + ZI Data)             10728 (  10.48kB)
    Total ROM Size (Code + RO Data + RW Data)      18556 (  18.12kB)

==============================================================================

