<html>
<body>
<pre>
<h1>礦ision Build Log</h1>
<h2>Tool Versions:</h2>
IDE-Version: μVision V5.23.0.0
Copyright (C) 2017 ARM Ltd and ARM Germany GmbH. All rights reserved.
License Information: yu yu, yu, LIC=0YKSB-29XWU-K3NMG-VNQN7-V7YGX-9RRUK
 
Tool Versions:
Toolchain:       MDK-ARM Basic (256K)  Version: 5.23
Toolchain Path:  E:\Keil_v5\ARM\ARMCC\Bin
C Compiler:      Armcc.exe V5.06 update 4 (build 422)
Assembler:       Armasm.exe V5.06 update 4 (build 422)
Linker/Locator:  ArmLink.exe V5.06 update 4 (build 422)
Library Manager: ArmAr.exe V5.06 update 4 (build 422)
Hex Converter:   FromElf.exe V5.06 update 4 (build 422)
CPU DLL:         SARMCM3.DLL V5.23
Dialog DLL:      DARMSTM.DLL V1.68.0.0
Target DLL:      STLink\ST-LINKIII-KEIL_SWO.dll V2.0.18.0
Dialog DLL:      TARMSTM.DLL V1.66.0.0
 
<h2>Project:</h2>
D:\球车控制程序\新打的PCB上面的程序\OS版本1.1.020180508\STM32_Nucleo_FW_V1.2.1\Projects\NUCLEO-F103RB\IO_Toggle\MDK-ARM\IO_Toggle.uvprojx
Project File Date:  05/23/2018

<h2>Output:</h2>
*** Using Compiler 'V5.06 update 4 (build 422)', folder: 'E:\Keil_v5\ARM\ARMCC\Bin'
Build target 'IO_Toggle'
compiling throttle.c...
..\user\throttle.h(45): warning:  #1-D: last line of file ends without a newline
  #endif
..\user\throttle.c: 1 warning, 0 errors
compiling main.c...
..\user\throttle.h(45): warning:  #1-D: last line of file ends without a newline
  #endif
..\user\stm32f103rb_nucleo_eval.h(50): warning:  #1-D: last line of file ends without a newline
  #endif
..\user\speedqueue.h(69): warning:  #1-D: last line of file ends without a newline
  #endif
..\user\anglequeue.h(37): warning:  #1-D: last line of file ends without a newline
  #endif
..\user\speed.h(11): warning:  #1-D: last line of file ends without a newline
  #endif
..\user\break.h(7): warning:  #1-D: last line of file ends without a newline
  #endif
..\main1\main.c(409): warning:  #177-D: variable "state"  was declared but never referenced
  	static uint8_t state = 0;
..\main1\main.c(1101): warning:  #177-D: variable "TIM_TimeBaseStructure"  was declared but never referenced
  	TIM_TimeBaseInitTypeDef  TIM_TimeBaseStructure;
..\main1\main.c(1102): warning:  #177-D: variable "TIM_OCInitStructure"  was declared but never referenced
  	TIM_OCInitTypeDef  TIM_OCInitStructure;
..\main1\main.c(1242): warning:  #177-D: variable "i"  was declared but never referenced
        int i;			
..\main1\main.c(1219): warning:  #177-D: variable "Mutex_Err"  was declared but never referenced
  	  INT8U Mutex_Err;
..\main1\main.c(1484): warning:  #177-D: variable "Current_Time"  was declared but never referenced
  			 static uint32_t Current_Time = 0;	
..\main1\main.c(1397): warning:  #177-D: variable "Car_Lid_Button_State"  was declared but never referenced
  	static uint8_t Car_Lid_Button_State = 0;
..\main1\main.c(1640): warning:  #177-D: variable "time"  was declared but never referenced
  	uint32_t time=0;
..\main1\main.c(1641): warning:  #177-D: variable "speed"  was declared but never referenced
  	uint32_t speed=0;
..\main1\main.c(1123): warning:  #177-D: variable "Array"  was declared but never referenced
  static int Array[3] = {600,1200,1800};
..\main1\main.c: 16 warnings, 0 errors
linking...
Program Size: Code=17540 RO-data=768 RW-data=248 ZI-data=10480  
".\IO_Toggle\IO_Toggle.axf" - 0 Error(s), 17 Warning(s).

<h2>Collection of Component include folders:</h2>
  .\RTE\_IO_Toggle
  E:\Keil_v5\ARM\PACK\Keil\STM32F1xx_DFP\2.2.0\Device\Include

<h2>Collection of Component Files used:</h2>
Build Time Elapsed:  00:00:08
</pre>
</body>
</html>
